
> vp-v4@0.0.0 test /Users/jtcao/Documents/VP-V4-S2-Place-Grounding
> node --test tests/static-output.test.mjs tests/design/web-06-foundation.test.mjs

✔ WEB-06 runs its foundation contract through the standard test gate (1.337041ms)
✔ WEB-06 derives the shared runtime palette from the approved brand source (0.409625ms)
✔ WEB-06 generates the CSS token projection from the approved manifest (1.208833ms)
✔ WEB-06 centralizes all five locale document attributes (1.459958ms)
✔ WEB-06 aligns the Login initial locale with the server document language (0.554042ms)
✔ WEB-06 supplies shared accessible UI primitives (0.441667ms)
✔ WEB-06 makes tokens, focus targets, and reduced motion globally available (0.380542ms)
✔ renders Journey at the root while preserving the relocated preview (1.898584ms)
✔ removes reference-brand copy and unsupported positive claims (0.288167ms)
✔ keeps project documentation focused on VisePanda (0.863417ms)
✔ builds the locale-aware private workspace at the canonical route (0.212209ms)
✔ keeps the canonical workspace five-locale, owner-API-driven, and map-off (0.695042ms)
✔ renders one workspace wordmark (0.258ms)
✔ keeps the redesigned homepage localized and frontend-only (0.357375ms)
✔ moves the requested FAQ and legacy wordmarks to homepage without blocked media (0.440917ms)
✔ includes English, Spanish, Russian, and Arabic with RTL switching (0.182083ms)
✔ keeps locale metadata without adding a metric preference (0.312042ms)
✔ shows complete feature copy as the Golden Route (0.146791ms)
✔ removes the guessing marquee and evidence-delivery sections (0.597625ms)
✔ removes the full four-promises chapter (0.171ms)
✔ compiles the redesign tokens and responsive styles (0.115167ms)
✔ removes the legacy Vite and Sites runtime (0.136584ms)
ℹ tests 22
ℹ suites 0
ℹ pass 22
ℹ fail 0
ℹ cancelled 0
ℹ skipped 0
ℹ todo 0
ℹ duration_ms 131.648667
