Command line invocation:
    /Applications/Xcode.app/Contents/Developer/usr/bin/xcodebuild build -project ios/VisePanda/VisePanda.xcodeproj -scheme VisePanda -destination "generic/platform=iOS Simulator" -derivedDataPath /Users/jtcao/Library/Caches/visepanda/place-grounding-staging-20260914/Native -resultBundlePath /Users/jtcao/Library/Caches/visepanda/place-grounding-staging-20260914/Native-ops-build.xcresult CODE_SIGNING_ALLOWED=YES CODE_SIGN_IDENTITY=- VP_NATIVE_ENVIRONMENT=staging VP_NATIVE_TASK_CONTEXT=knowledge_intent_v1 "VP_NATIVE_STAGING_API_ORIGIN=https://vp-v4-neib97zkd-jtcao515s-projects.vercel.app"

Build settings from command line:
    CODE_SIGN_IDENTITY = -
    CODE_SIGNING_ALLOWED = YES
    VP_NATIVE_ENVIRONMENT = staging
    VP_NATIVE_STAGING_API_ORIGIN = https://vp-v4-neib97zkd-jtcao515s-projects.vercel.app
    VP_NATIVE_TASK_CONTEXT = knowledge_intent_v1

Writing result bundle at path:
	/Users/jtcao/Library/Caches/visepanda/place-grounding-staging-20260914/Native-ops-build.xcresult

note: Using codesigning identity override: -
ComputePackagePrebuildTargetDependencyGraph

Prepare packages

CreateBuildRequest

SendProjectDescription

CreateBuildOperation

ComputeTargetDependencyGraph
note: Building targets in dependency order
note: Target dependency graph (1 target)
    Target 'VisePanda' in project 'VisePanda' (no dependencies)

GatherProvisioningInputs

CreateBuildDescription

ExecuteExternalTool /Applications/Xcode.app/Contents/Developer/Toolchains/XcodeDefault.xctoolchain/usr/bin/clang -v -E -dM -isysroot /Applications/Xcode.app/Contents/Developer/Platforms/iPhoneSimulator.platform/Developer/SDKs/iPhoneSimulator26.5.sdk -x c -c /dev/null

ExecuteExternalTool /Applications/Xcode.app/Contents/Developer/usr/bin/xcstringstool compile --dry-run --output-directory /Users/jtcao/Library/Caches/visepanda/place-grounding-staging-20260914/Native/Build/Intermediates.noindex/VisePanda.build/Debug-iphonesimulator/VisePanda.build /Users/jtcao/Library/Caches/visepanda/place-grounding-staging-20260914/frozen/ios/VisePanda/VisePanda/Resources/Localizable.xcstrings

ExecuteExternalTool /Applications/Xcode.app/Contents/Developer/usr/bin/actool --print-asset-tag-combinations --output-format xml1 /Users/jtcao/Library/Caches/visepanda/place-grounding-staging-20260914/frozen/ios/VisePanda/VisePanda/Resources/Assets.xcassets

ExecuteExternalTool /Applications/Xcode.app/Contents/Developer/usr/bin/actool --version --output-format xml1

ExecuteExternalTool /Applications/Xcode.app/Contents/Developer/Toolchains/XcodeDefault.xctoolchain/usr/bin/swiftc --version

ExecuteExternalTool /Applications/Xcode.app/Contents/Developer/Toolchains/XcodeDefault.xctoolchain/usr/bin/ld -version_details

Build description signature: 4a37d35548fdd43ebedbe115d339bdcb
Build description path: /Users/jtcao/Library/Caches/visepanda/place-grounding-staging-20260914/Native/Build/Intermediates.noindex/XCBuildData/4a37d35548fdd43ebedbe115d339bdcb.xcbuilddata
ClangStatCache /Applications/Xcode.app/Contents/Developer/Toolchains/XcodeDefault.xctoolchain/usr/bin/clang-stat-cache /Applications/Xcode.app/Contents/Developer/Platforms/iPhoneSimulator.platform/Developer/SDKs/iPhoneSimulator26.5.sdk /Users/jtcao/Library/Caches/visepanda/place-grounding-staging-20260914/Native/SDKStatCaches.noindex/iphonesimulator26.5-23F81a-6cfe768891a92b912361537c460fe42b.sdkstatcache
    cd /Users/jtcao/Library/Caches/visepanda/place-grounding-staging-20260914/frozen/ios/VisePanda/VisePanda.xcodeproj
    /Applications/Xcode.app/Contents/Developer/Toolchains/XcodeDefault.xctoolchain/usr/bin/clang-stat-cache /Applications/Xcode.app/Contents/Developer/Platforms/iPhoneSimulator.platform/Developer/SDKs/iPhoneSimulator26.5.sdk -o /Users/jtcao/Library/Caches/visepanda/place-grounding-staging-20260914/Native/SDKStatCaches.noindex/iphonesimulator26.5-23F81a-6cfe768891a92b912361537c460fe42b.sdkstatcache

CompileXCStrings /Users/jtcao/Library/Caches/visepanda/place-grounding-staging-20260914/Native/Build/Intermediates.noindex/VisePanda.build/Debug-iphonesimulator/VisePanda.build/ /Users/jtcao/Library/Caches/visepanda/place-grounding-staging-20260914/frozen/ios/VisePanda/VisePanda/Resources/Localizable.xcstrings (in target 'VisePanda' from project 'VisePanda')
    cd /Users/jtcao/Library/Caches/visepanda/place-grounding-staging-20260914/frozen/ios/VisePanda
    /Applications/Xcode.app/Contents/Developer/usr/bin/xcstringstool compile --output-directory /Users/jtcao/Library/Caches/visepanda/place-grounding-staging-20260914/Native/Build/Intermediates.noindex/VisePanda.build/Debug-iphonesimulator/VisePanda.build /Users/jtcao/Library/Caches/visepanda/place-grounding-staging-20260914/frozen/ios/VisePanda/VisePanda/Resources/Localizable.xcstrings

CopyStringsFile /Users/jtcao/Library/Caches/visepanda/place-grounding-staging-20260914/Native/Build/Products/Debug-iphonesimulator/VisePanda.app/zh-Hans.lproj/Localizable.strings /Users/jtcao/Library/Caches/visepanda/place-grounding-staging-20260914/Native/Build/Intermediates.noindex/VisePanda.build/Debug-iphonesimulator/VisePanda.build/zh-Hans.lproj/Localizable.strings (in target 'VisePanda' from project 'VisePanda')
    cd /Users/jtcao/Library/Caches/visepanda/place-grounding-staging-20260914/frozen/ios/VisePanda
    builtin-copyStrings --validate --outputencoding binary --outfilename Localizable.strings --outdir /Users/jtcao/Library/Caches/visepanda/place-grounding-staging-20260914/Native/Build/Products/Debug-iphonesimulator/VisePanda.app/zh-Hans.lproj -- /Users/jtcao/Library/Caches/visepanda/place-grounding-staging-20260914/Native/Build/Intermediates.noindex/VisePanda.build/Debug-iphonesimulator/VisePanda.build/zh-Hans.lproj/Localizable.strings
/Users/jtcao/Library/Caches/visepanda/place-grounding-staging-20260914/Native/Build/Intermediates.noindex/VisePanda.build/Debug-iphonesimulator/VisePanda.build/zh-Hans.lproj/Localizable.strings:1:1: note: detected encoding of input file as Unicode (UTF-8) (in target 'VisePanda' from project 'VisePanda')

CopyStringsFile /Users/jtcao/Library/Caches/visepanda/place-grounding-staging-20260914/Native/Build/Products/Debug-iphonesimulator/VisePanda.app/ru.lproj/Localizable.strings /Users/jtcao/Library/Caches/visepanda/place-grounding-staging-20260914/Native/Build/Intermediates.noindex/VisePanda.build/Debug-iphonesimulator/VisePanda.build/ru.lproj/Localizable.strings (in target 'VisePanda' from project 'VisePanda')
    cd /Users/jtcao/Library/Caches/visepanda/place-grounding-staging-20260914/frozen/ios/VisePanda
    builtin-copyStrings --validate --outputencoding binary --outfilename Localizable.strings --outdir /Users/jtcao/Library/Caches/visepanda/place-grounding-staging-20260914/Native/Build/Products/Debug-iphonesimulator/VisePanda.app/ru.lproj -- /Users/jtcao/Library/Caches/visepanda/place-grounding-staging-20260914/Native/Build/Intermediates.noindex/VisePanda.build/Debug-iphonesimulator/VisePanda.build/ru.lproj/Localizable.strings
/Users/jtcao/Library/Caches/visepanda/place-grounding-staging-20260914/Native/Build/Intermediates.noindex/VisePanda.build/Debug-iphonesimulator/VisePanda.build/ru.lproj/Localizable.strings:1:1: note: detected encoding of input file as Unicode (UTF-8) (in target 'VisePanda' from project 'VisePanda')

CopyStringsFile /Users/jtcao/Library/Caches/visepanda/place-grounding-staging-20260914/Native/Build/Products/Debug-iphonesimulator/VisePanda.app/es.lproj/Localizable.strings /Users/jtcao/Library/Caches/visepanda/place-grounding-staging-20260914/Native/Build/Intermediates.noindex/VisePanda.build/Debug-iphonesimulator/VisePanda.build/es.lproj/Localizable.strings (in target 'VisePanda' from project 'VisePanda')
    cd /Users/jtcao/Library/Caches/visepanda/place-grounding-staging-20260914/frozen/ios/VisePanda
    builtin-copyStrings --validate --outputencoding binary --outfilename Localizable.strings --outdir /Users/jtcao/Library/Caches/visepanda/place-grounding-staging-20260914/Native/Build/Products/Debug-iphonesimulator/VisePanda.app/es.lproj -- /Users/jtcao/Library/Caches/visepanda/place-grounding-staging-20260914/Native/Build/Intermediates.noindex/VisePanda.build/Debug-iphonesimulator/VisePanda.build/es.lproj/Localizable.strings
/Users/jtcao/Library/Caches/visepanda/place-grounding-staging-20260914/Native/Build/Intermediates.noindex/VisePanda.build/Debug-iphonesimulator/VisePanda.build/es.lproj/Localizable.strings:1:1: note: detected encoding of input file as Unicode (UTF-8) (in target 'VisePanda' from project 'VisePanda')

CopyStringsFile /Users/jtcao/Library/Caches/visepanda/place-grounding-staging-20260914/Native/Build/Products/Debug-iphonesimulator/VisePanda.app/en.lproj/Localizable.strings /Users/jtcao/Library/Caches/visepanda/place-grounding-staging-20260914/Native/Build/Intermediates.noindex/VisePanda.build/Debug-iphonesimulator/VisePanda.build/en.lproj/Localizable.strings (in target 'VisePanda' from project 'VisePanda')
    cd /Users/jtcao/Library/Caches/visepanda/place-grounding-staging-20260914/frozen/ios/VisePanda
    builtin-copyStrings --validate --outputencoding binary --outfilename Localizable.strings --outdir /Users/jtcao/Library/Caches/visepanda/place-grounding-staging-20260914/Native/Build/Products/Debug-iphonesimulator/VisePanda.app/en.lproj -- /Users/jtcao/Library/Caches/visepanda/place-grounding-staging-20260914/Native/Build/Intermediates.noindex/VisePanda.build/Debug-iphonesimulator/VisePanda.build/en.lproj/Localizable.strings
/Users/jtcao/Library/Caches/visepanda/place-grounding-staging-20260914/Native/Build/Intermediates.noindex/VisePanda.build/Debug-iphonesimulator/VisePanda.build/en.lproj/Localizable.strings:1:1: note: detected encoding of input file as Unicode (UTF-8) (in target 'VisePanda' from project 'VisePanda')

CopyStringsFile /Users/jtcao/Library/Caches/visepanda/place-grounding-staging-20260914/Native/Build/Products/Debug-iphonesimulator/VisePanda.app/ar.lproj/Localizable.strings /Users/jtcao/Library/Caches/visepanda/place-grounding-staging-20260914/Native/Build/Intermediates.noindex/VisePanda.build/Debug-iphonesimulator/VisePanda.build/ar.lproj/Localizable.strings (in target 'VisePanda' from project 'VisePanda')
    cd /Users/jtcao/Library/Caches/visepanda/place-grounding-staging-20260914/frozen/ios/VisePanda
    builtin-copyStrings --validate --outputencoding binary --outfilename Localizable.strings --outdir /Users/jtcao/Library/Caches/visepanda/place-grounding-staging-20260914/Native/Build/Products/Debug-iphonesimulator/VisePanda.app/ar.lproj -- /Users/jtcao/Library/Caches/visepanda/place-grounding-staging-20260914/Native/Build/Intermediates.noindex/VisePanda.build/Debug-iphonesimulator/VisePanda.build/ar.lproj/Localizable.strings
/Users/jtcao/Library/Caches/visepanda/place-grounding-staging-20260914/Native/Build/Intermediates.noindex/VisePanda.build/Debug-iphonesimulator/VisePanda.build/ar.lproj/Localizable.strings:1:1: note: detected encoding of input file as Unicode (UTF-8) (in target 'VisePanda' from project 'VisePanda')

ProcessInfoPlistFile /Users/jtcao/Library/Caches/visepanda/place-grounding-staging-20260914/Native/Build/Products/Debug-iphonesimulator/VisePanda.app/Info.plist /Users/jtcao/Library/Caches/visepanda/place-grounding-staging-20260914/frozen/ios/VisePanda/VisePanda/NativeEnvironment.plist (in target 'VisePanda' from project 'VisePanda')
    cd /Users/jtcao/Library/Caches/visepanda/place-grounding-staging-20260914/frozen/ios/VisePanda
    builtin-infoPlistUtility /Users/jtcao/Library/Caches/visepanda/place-grounding-staging-20260914/frozen/ios/VisePanda/VisePanda/NativeEnvironment.plist -producttype com.apple.product-type.application -genpkginfo /Users/jtcao/Library/Caches/visepanda/place-grounding-staging-20260914/Native/Build/Products/Debug-iphonesimulator/VisePanda.app/PkgInfo -expandbuildsettings -format binary -platform iphonesimulator -additionalcontentfile /Users/jtcao/Library/Caches/visepanda/place-grounding-staging-20260914/Native/Build/Intermediates.noindex/VisePanda.build/Debug-iphonesimulator/VisePanda.build/assetcatalog_generated_info.plist -o /Users/jtcao/Library/Caches/visepanda/place-grounding-staging-20260914/Native/Build/Products/Debug-iphonesimulator/VisePanda.app/Info.plist

AppIntentsSSUTraining (in target 'VisePanda' from project 'VisePanda')
    cd /Users/jtcao/Library/Caches/visepanda/place-grounding-staging-20260914/frozen/ios/VisePanda
    /Applications/Xcode.app/Contents/Developer/Toolchains/XcodeDefault.xctoolchain/usr/bin/appintentsnltrainingprocessor --infoplist-path /Users/jtcao/Library/Caches/visepanda/place-grounding-staging-20260914/Native/Build/Products/Debug-iphonesimulator/VisePanda.app/Info.plist --temp-dir-path /Users/jtcao/Library/Caches/visepanda/place-grounding-staging-20260914/Native/Build/Intermediates.noindex/VisePanda.build/Debug-iphonesimulator/VisePanda.build/ssu --bundle-id space.go2china.VisePanda --product-path /Users/jtcao/Library/Caches/visepanda/place-grounding-staging-20260914/Native/Build/Products/Debug-iphonesimulator/VisePanda.app --extracted-metadata-path /Users/jtcao/Library/Caches/visepanda/place-grounding-staging-20260914/Native/Build/Products/Debug-iphonesimulator/VisePanda.app/Metadata.appintents --metadata-file-list /Users/jtcao/Library/Caches/visepanda/place-grounding-staging-20260914/Native/Build/Intermediates.noindex/VisePanda.build/Debug-iphonesimulator/VisePanda.build/VisePanda.DependencyMetadataFileList --source-file /Users/jtcao/Library/Caches/visepanda/place-grounding-staging-20260914/Native/Build/Products/Debug-iphonesimulator/VisePanda.app/Info.plist --archive-ssu-assets
2026-09-14 04:28:19.588 appintentsnltrainingprocessor[66810:805243] Parsing options for appintentsnltrainingprocessor
2026-09-14 04:28:19.593 appintentsnltrainingprocessor[66810:805243] Starting AppIntents SSU YAML Generation
2026-09-14 04:28:19.600 appintentsnltrainingprocessor[66810:805243] No AppShortcuts found - Skipping.

CopySwiftLibs /Users/jtcao/Library/Caches/visepanda/place-grounding-staging-20260914/Native/Build/Products/Debug-iphonesimulator/VisePanda.app (in target 'VisePanda' from project 'VisePanda')
    cd /Users/jtcao/Library/Caches/visepanda/place-grounding-staging-20260914/frozen/ios/VisePanda
    builtin-swiftStdLibTool --copy --verbose --sign - --scan-executable /Users/jtcao/Library/Caches/visepanda/place-grounding-staging-20260914/Native/Build/Products/Debug-iphonesimulator/VisePanda.app/VisePanda.debug.dylib --scan-folder /Users/jtcao/Library/Caches/visepanda/place-grounding-staging-20260914/Native/Build/Products/Debug-iphonesimulator/VisePanda.app/Frameworks --scan-folder /Users/jtcao/Library/Caches/visepanda/place-grounding-staging-20260914/Native/Build/Products/Debug-iphonesimulator/VisePanda.app/PlugIns --scan-folder /Users/jtcao/Library/Caches/visepanda/place-grounding-staging-20260914/Native/Build/Products/Debug-iphonesimulator/VisePanda.app/SystemExtensions --scan-folder /Users/jtcao/Library/Caches/visepanda/place-grounding-staging-20260914/Native/Build/Products/Debug-iphonesimulator/VisePanda.app/Extensions --platform iphonesimulator --toolchain /Applications/Xcode.app/Contents/Developer/Toolchains/XcodeDefault.xctoolchain --destination /Users/jtcao/Library/Caches/visepanda/place-grounding-staging-20260914/Native/Build/Products/Debug-iphonesimulator/VisePanda.app/Frameworks --strip-bitcode --strip-bitcode-tool /Applications/Xcode.app/Contents/Developer/Toolchains/XcodeDefault.xctoolchain/usr/bin/bitcode_strip --emit-dependency-info /Users/jtcao/Library/Caches/visepanda/place-grounding-staging-20260914/Native/Build/Intermediates.noindex/VisePanda.build/Debug-iphonesimulator/VisePanda.build/SwiftStdLibToolInputDependencies.dep --filter-for-swift-os --back-deploy-swift-span

CodeSign /Users/jtcao/Library/Caches/visepanda/place-grounding-staging-20260914/Native/Build/Products/Debug-iphonesimulator/VisePanda.app/VisePanda.debug.dylib (in target 'VisePanda' from project 'VisePanda')
    cd /Users/jtcao/Library/Caches/visepanda/place-grounding-staging-20260914/frozen/ios/VisePanda

    Signing Identity:     "Sign to Run Locally"

    /usr/bin/codesign --force --sign - --timestamp\=none --generate-entitlement-der /Users/jtcao/Library/Caches/visepanda/place-grounding-staging-20260914/Native/Build/Products/Debug-iphonesimulator/VisePanda.app/VisePanda.debug.dylib
/Users/jtcao/Library/Caches/visepanda/place-grounding-staging-20260914/Native/Build/Products/Debug-iphonesimulator/VisePanda.app/VisePanda.debug.dylib: replacing existing signature

CodeSign /Users/jtcao/Library/Caches/visepanda/place-grounding-staging-20260914/Native/Build/Products/Debug-iphonesimulator/VisePanda.app/__preview.dylib (in target 'VisePanda' from project 'VisePanda')
    cd /Users/jtcao/Library/Caches/visepanda/place-grounding-staging-20260914/frozen/ios/VisePanda

    Signing Identity:     "Sign to Run Locally"

    /usr/bin/codesign --force --sign - --timestamp\=none --generate-entitlement-der /Users/jtcao/Library/Caches/visepanda/place-grounding-staging-20260914/Native/Build/Products/Debug-iphonesimulator/VisePanda.app/__preview.dylib
/Users/jtcao/Library/Caches/visepanda/place-grounding-staging-20260914/Native/Build/Products/Debug-iphonesimulator/VisePanda.app/__preview.dylib: replacing existing signature

CodeSign /Users/jtcao/Library/Caches/visepanda/place-grounding-staging-20260914/Native/Build/Products/Debug-iphonesimulator/VisePanda.app (in target 'VisePanda' from project 'VisePanda')
    cd /Users/jtcao/Library/Caches/visepanda/place-grounding-staging-20260914/frozen/ios/VisePanda

    Signing Identity:     "Sign to Run Locally"

    /usr/bin/codesign --force --sign - --timestamp\=none --generate-entitlement-der /Users/jtcao/Library/Caches/visepanda/place-grounding-staging-20260914/Native/Build/Products/Debug-iphonesimulator/VisePanda.app
/Users/jtcao/Library/Caches/visepanda/place-grounding-staging-20260914/Native/Build/Products/Debug-iphonesimulator/VisePanda.app: replacing existing signature

Validate /Users/jtcao/Library/Caches/visepanda/place-grounding-staging-20260914/Native/Build/Products/Debug-iphonesimulator/VisePanda.app (in target 'VisePanda' from project 'VisePanda')
    cd /Users/jtcao/Library/Caches/visepanda/place-grounding-staging-20260914/frozen/ios/VisePanda
    builtin-validationUtility /Users/jtcao/Library/Caches/visepanda/place-grounding-staging-20260914/Native/Build/Products/Debug-iphonesimulator/VisePanda.app -shallow-bundle -infoplist-subpath Info.plist


Result bundle written to path:
	/Users/jtcao/Library/Caches/visepanda/place-grounding-staging-20260914/Native-ops-build.xcresult

** BUILD SUCCEEDED **
