✔ controlled publication is append-only no new grants policies target roles or caller admission copy (0.525334ms)
✔ terminal references retain only exact metadata and no search knowledge or Trip writer (0.217166ms)
✔ retained own notes grants and 101 sentinel export are explicit scoped exit (0.240125ms)
✔ login returns only to the leased publication literal and rejects query or URL variants (0.597084ms)
✔ actual owned Swift command fixtures and ordinary Auth producer samples match canonical wire (1.625792ms)
✔ closed input never accepts user-defined recipients, copyright permissions or authority (0.143209ms)
✔ exact recovery retains original bytes and forbids operation substitution and nesting (0.096958ms)
✔ experience output cannot promote internal approved content or unknown rights into reading entitlement (0.290875ms)
✔ saved references require all exact current versions and deny reconstructed unavailable body (0.194625ms)
✔ list and operation correlation rejects duplicates, stale cursors, foreign sessions and record swaps (0.196125ms)
✔ complete scoped export includes authored reviews and qualifications without foreign body (0.168083ms)
✔ HTTP enforces registered current actor and credential surface before SQL dispatch (10.516292ms)
✔ Native cannot issue or replay qualified Ops actions (0.628917ms)
✔ disabled publication retains owner cleanup and never exposes list/detail (0.971666ms)
✔ ambiguous mutation dispatch never grants success or automatic fresh operation (0.568417ms)
✔ current display expires at the HTTP boundary, including saved reference operations (0.379709ms)
✔ recovery transport caps remain layered with UTF16/UTF8 original exact bytes (0.385791ms)
✔ LAUNCH-04 keeps only exact internal private deep links after sign-in (0.564ms)
✔ LAUNCH-04 private data pages invoke the server session guard before rendering (0.238625ms)
✔ Ops cannot blind approve a publication record or publish without current lawful source (3.212292ms)
✔ lawful source binding rejects replacement revision, foreign session and expired content (0.591333ms)
✔ unknown mutation retry denial retains journal until exact operation is resolved (0.369333ms)
✔ storage failure prevents mutation dispatch and lifecycle fences a late source reply (1.955792ms)
✔ account switch discards owned pending bytes and pre-source identity failure hides prior record (0.203959ms)
✔ saved re-open clears content before authoritative current read and source denial (2.034583ms)
✔ old replies, mismatched reference, expired authority and replacement revisions never restore content (0.225708ms)
✔ TTL and auth replacement clear current source display (0.139208ms)
✔ wall-clock rollback cannot extend a source lease beyond request-start monotonic TTL (0.100083ms)
ℹ tests 28
ℹ suites 0
ℹ pass 28
ℹ fail 0
ℹ cancelled 0
ℹ skipped 0
ℹ todo 0
ℹ duration_ms 89.973667
