✔ controlled publication is append-only no new grants policies target roles or caller admission copy (3.949917ms)
✔ terminal references retain only exact metadata and no search knowledge or Trip writer (0.41725ms)
✔ retained own notes grants and 101 sentinel export are explicit scoped exit (0.417583ms)
✔ login returns only to the leased publication literal and rejects query or URL variants (0.965625ms)
✔ closed input never accepts user-defined recipients, copyright permissions or authority (2.082292ms)
✔ exact recovery retains original bytes and forbids operation substitution and nesting (0.181083ms)
✔ experience output cannot promote internal approved content or unknown rights into reading entitlement (1.834292ms)
✔ saved references require all exact current versions and deny reconstructed unavailable body (0.292084ms)
✔ list and operation correlation rejects duplicates, stale cursors, foreign sessions and record swaps (0.413625ms)
✔ complete scoped export includes authored reviews and qualifications without foreign body (0.271917ms)
✔ HTTP enforces registered current actor and credential surface before SQL dispatch (31.097666ms)
✔ Native cannot issue or replay qualified Ops actions (17.102834ms)
✔ disabled publication retains owner cleanup and never exposes list/detail (4.381791ms)
✔ ambiguous mutation dispatch never grants success or automatic fresh operation (5.795084ms)
✔ current display expires at the HTTP boundary, including saved reference operations (1.408042ms)
✔ recovery transport caps remain layered with UTF16/UTF8 original exact bytes (2.029375ms)
✔ Ops cannot blind approve a publication record or publish without current lawful source (6.906167ms)
✔ lawful source binding rejects replacement revision, foreign session and expired content (1.017125ms)
✔ unknown mutation retry denial retains journal until exact operation is resolved (0.625ms)
✔ storage failure prevents mutation dispatch and lifecycle fences a late source reply (2.301209ms)
✔ account switch discards owned pending bytes and pre-source identity failure hides prior record (0.402208ms)
✔ saved re-open clears content before authoritative current read and source denial (2.756459ms)
✔ old replies, mismatched reference, expired authority and replacement revisions never restore content (0.983708ms)
✔ TTL and auth replacement clear current source display (0.187334ms)
ℹ tests 24
ℹ suites 0
ℹ pass 24
ℹ fail 0
ℹ cancelled 0
ℹ skipped 0
ℹ todo 0
ℹ duration_ms 244.22025
