✔ login returns only to the leased publication literal and rejects query or URL variants (0.755959ms)
✔ actual owned Swift command fixtures and ordinary Auth producer samples match canonical wire (1.88175ms)
✔ closed input never accepts user-defined recipients, copyright permissions or authority (0.199709ms)
✔ exact recovery retains original bytes and forbids operation substitution and nesting (0.159208ms)
✔ experience output cannot promote internal approved content or unknown rights into reading entitlement (0.353458ms)
✔ saved references require all exact current versions and deny reconstructed unavailable body (0.171333ms)
✔ list and operation correlation rejects duplicates, stale cursors, foreign sessions and record swaps (0.311583ms)
✔ complete scoped export includes authored reviews and qualifications without foreign body (0.190709ms)
✔ HTTP enforces registered current actor and credential surface before SQL dispatch (12.175917ms)
✔ Native cannot issue or replay qualified Ops actions (0.965542ms)
✔ disabled publication retains owner cleanup and never exposes list/detail (0.7205ms)
✔ ambiguous mutation dispatch never grants success or automatic fresh operation (0.779084ms)
✔ current display expires at the HTTP boundary, including saved reference operations (0.47175ms)
✔ recovery transport caps remain layered with UTF16/UTF8 original exact bytes (0.764791ms)
ℹ tests 14
ℹ suites 0
ℹ pass 14
ℹ fail 0
ℹ cancelled 0
ℹ skipped 0
ℹ todo 0
ℹ duration_ms 99.75675
