✔ full migration rollback preserves original RPC owner ACL; defaults empty with no private grants (7332.969666ms)
✔ authority before all reads mutation replay abandonment erasure has zero writes (630.893875ms)
✔ legitimate independent reader vs moderator; guesses expiry revocation and block metadata deny uniformly (825.0755ms)
✔ report sensitive body isolation author minimal disposition and independent conflict operators (661.044459ms)
✔ removal invalidates old J1 live read mine queue and committed exact-byte acknowledgements (620.743792ms)
✔ author recourse independent restore rechecks current retained source; withdrawal cannot resurrect (776.396ms)
✔ J1 rejected version2 restore requires both qualifications and distinct original reviewer; no old unique audit clash (623.005334ms)
✔ authored decisions/grants export complete with no foreign details; erasure retains foreign source state and independence fence (758.205208ms)
✔ exact original bytes immutable session epoch operation fences abandoned replay and module-off erasure (684.881875ms)
✔ physical source/account deletion invalidates content while retaining independent sensitive records and removing own authored notes (531.376917ms)
✔ CAS competing independent dispositions, original withdrawal and erasure races produce no deadlock or resurrection (769.572209ms)
✔ bounded keyset51 sentinel and each100+sentinel export fails closed without false completeness (488.70875ms)
✔ erasure rollback is atomic and source/operator deletion never unlocks an original-reviewer appeal (829.162875ms)
✔ strict closed JSON raw UTF8 and UTF16 limits cannot write receipts; expired own grant export remains complete (552.221083ms)
✔ each report appeal disposition receipt audit array independently enforces complete bounded export (538.464209ms)
✔ legacy original RPC source and current controlled-reader qualification cannot resurrect blocked or revoked content (883.775667ms)
✔ unavailable selected block target and exact receipt return only own null metadata, never cached source UUID (689.134708ms)
✔ SQL NULL validation fails closed before direct RPC writes for nullable discriminators or enum decisions (659.09775ms)
ℹ tests 18
ℹ suites 0
ℹ pass 18
ℹ fail 0
ℹ cancelled 0
ℹ skipped 0
ℹ todo 0
ℹ duration_ms 18996.162333
