
> vp-v4@0.0.0 test /Users/jtcao/Documents/VP-V4-S2-Claim-Coverage
> node --test tests/static-output.test.mjs tests/design/web-06-foundation.test.mjs

✔ WEB-06 runs its foundation contract through the standard test gate (1.014625ms)
✔ WEB-06 derives the shared runtime palette from the approved brand source (0.426583ms)
✔ WEB-06 generates the CSS token projection from the approved manifest (1.775041ms)
✔ WEB-06 centralizes all five locale document attributes (1.101125ms)
✔ WEB-06 aligns the Login initial locale with the server document language (0.701292ms)
✔ WEB-06 supplies shared accessible UI primitives (0.499167ms)
✔ WEB-06 makes tokens, focus targets, and reduced motion globally available (0.346375ms)
✔ renders Journey at the root while preserving the relocated preview (0.9475ms)
✔ removes reference-brand copy and unsupported positive claims (0.199083ms)
✔ keeps project documentation focused on VisePanda (0.618917ms)
✔ builds the locale-aware private workspace at the canonical route (0.16875ms)
✔ keeps the canonical workspace five-locale, owner-API-driven, and map-off (0.283ms)
✔ renders one workspace wordmark (0.30975ms)
✔ keeps the redesigned homepage localized and frontend-only (0.484416ms)
✔ moves the requested FAQ and legacy wordmarks to homepage without blocked media (0.64825ms)
✔ includes English, Spanish, Russian, and Arabic with RTL switching (0.325791ms)
✔ keeps locale metadata without adding a metric preference (0.453458ms)
✔ shows complete feature copy as the Golden Route (0.255958ms)
✔ removes the guessing marquee and evidence-delivery sections (0.59825ms)
✔ removes the full four-promises chapter (0.151625ms)
✔ compiles the redesign tokens and responsive styles (0.191667ms)
✔ removes the legacy Vite and Sites runtime (0.214583ms)
ℹ tests 22
ℹ suites 0
ℹ pass 22
ℹ fail 0
ℹ cancelled 0
ℹ skipped 0
ℹ todo 0
ℹ duration_ms 109.342083
