supabase-http-native   gated   tests/integration/artifacts/change-proposal-reference.test.mjs
supabase-http-native   gated   tests/integration/artifacts/trip-proposal-reference-discovery.test.mjs
test:integration       always  tests/integration/artifacts/user-artifact-integration.test.ts
test:integration       always  tests/integration/chat/launch-08-sse-replay.test.ts
postgres               gated   tests/integration/community/review.test.mjs
postgres               gated   tests/integration/cost/durable-budget.test.mjs
excluded               gated   tests/integration/cost/full-supabase-budget.test.mjs  — Historical one-off 25→26 upgrade rehearsal: needs an operator-prepared Supabase workdir frozen at migration 25 (VP_BUDGET_SUPABASE_WORKDIR) and hard-codes that container; the budget schema itself is covered by cost/durable-budget in the postgres lane.
test:integration       always  tests/integration/db/vpj-02-connections.test.mjs
test:integration       always  tests/integration/db/vpj-02-verification.test.mjs
test:integration       always  tests/integration/db/vpj-02-worker-idle.test.mjs
supabase-rls           gated   tests/integration/entitlements/storekit-ledger.test.mjs
supabase-rls           gated   tests/integration/identity/function-acl.test.mjs
supabase-http-native   gated   tests/integration/identity/native-local-session.test.mjs
supabase-rls           gated   tests/integration/identity/pending-proposal-read.test.mjs
supabase-rls           gated   tests/integration/identity/profile-privacy-rpc.test.mjs
postgres               gated   tests/integration/intake/intake.test.mjs
test:integration       always  tests/integration/jobs/projection-queue.test.ts
postgres               gated   tests/integration/knowledge/grounded-turn.test.mjs
supabase-http-ops      gated   tests/integration/knowledge/private-source.test.mjs
supabase-http-ops      gated   tests/integration/knowledge/publication.test.mjs
postgres               gated   tests/integration/knowledge/question.test.mjs
postgres-native        gated   tests/integration/knowledge/wiki-draft.test.mjs
postgres               gated   tests/integration/maps/place-quota.test.mjs
test:integration       always  tests/integration/media/private-media.test.ts
supabase-rls           gated   tests/integration/memory/create-undo.test.mjs
postgres               gated   tests/integration/memory/travel-pace.test.mjs
test:integration       always  tests/integration/model-gateway/provider-protocol/http-transport.test.ts
test:integration       always  tests/integration/model-gateway/route-observability.test.ts
postgres               gated   tests/integration/notifications/storage.test.mjs
test:integration       always  tests/integration/observability/launch-14.test.ts
postgres               gated   tests/integration/observability/ops-ledger.test.mjs
supabase-http-ops      gated   tests/integration/ops/local-review.test.mjs
postgres               gated   tests/integration/privacy/assistant-data-rights.test.mjs
postgres               gated   tests/integration/privacy/result-data-rights.test.mjs
supabase-rls           gated   tests/integration/privacy/trip-deletion-live.test.mjs
postgres               gated   tests/integration/privacy/trip-deletion.test.mjs
test:integration       always  tests/integration/restore/rehearsal-plan.test.mjs
supabase-http-ops      gated   tests/integration/service-cases/access.test.mjs
supabase-http-native   gated   tests/integration/translate/history-http.test.mjs
postgres               gated   tests/integration/translate/history.test.mjs
postgres               gated   tests/integration/trip/archive.test.mjs
supabase-rls           gated   tests/integration/trip/confirm-apply.test.mjs
supabase-http-native   gated   tests/integration/trip/native-same-trip.test.mjs
supabase-rls           gated   tests/integration/trip/proposal-reject.test.mjs
supabase-rls           gated   tests/integration/trip/proposal-revision.test.mjs
supabase-rls           gated   tests/integration/trip/v4-10-rollback.test.mjs
supabase-rls           gated   tests/integration/trip/v4-11-place-reference.test.mjs
supabase-rls           gated   tests/integration/trip/v4-12-trip-actions.test.mjs
supabase-http-native   gated   tests/integration/turn/assistant-rollback.test.mjs
supabase-http-native   gated   tests/integration/turn/assistant-task-activity.test.mjs
supabase-rls           gated   tests/integration/turn/durable-thread.test.mjs
postgres               gated   tests/integration/turn/durable-work.test.mjs
supabase-http-native   gated   tests/integration/turn/explicit-travel-intake.test.mjs
postgres               gated   tests/integration/turn/five-result-lifecycle.test.mjs
postgres               gated   tests/integration/turn/hosted-planning-worker.test.mjs
postgres               gated   tests/integration/turn/hosted-worker.test.mjs
supabase-http-native   gated   tests/integration/turn/journeys-goal-index-http.test.mjs
postgres               gated   tests/integration/turn/journeys-goal-index.test.mjs
postgres               gated   tests/integration/turn/journeys-pages.test.mjs
test:integration       always  tests/integration/turn/launch-05-message-retry.test.ts
supabase-http-native   gated   tests/integration/turn/native-grounded-http.test.mjs
supabase-http-native   gated   tests/integration/turn/native-planning-http.test.mjs
supabase-http-native   gated   tests/integration/turn/native-text-http.test.mjs
postgres               gated   tests/integration/turn/planning-action-receipts.test.mjs
postgres               gated   tests/integration/turn/planning-comparison.test.mjs
postgres               gated   tests/integration/turn/planning-intake-admission.test.mjs
supabase-http-native   gated   tests/integration/turn/planning-intake-http.test.mjs
postgres               gated   tests/integration/turn/planning-v2-canonical-sql-consumer.test.mjs
postgres               gated   tests/integration/turn/planning-v2-complete-worker-sql.test.mjs
postgres               gated   tests/integration/turn/planning-v2-durable-checkpoints.test.mjs
postgres               gated   tests/integration/turn/planning-v2-local-model-flow.test.mjs
postgres               gated   tests/integration/turn/planning-v2-model-attempt-binding.test.mjs
postgres               gated   tests/integration/turn/planning-v2-model-local-journal.test.mjs
postgres               gated   tests/integration/turn/planning-v2-real-journal-consumer.test.mjs
postgres               gated   tests/integration/turn/planning-v2-worker-protocol.test.mjs
postgres               gated   tests/integration/turn/qualified-intake-comparison.test.mjs
test:integration       always  tests/integration/turn/reliable-coordinator-retry.test.ts
postgres               gated   tests/integration/turn/selected-message-sources.test.mjs
supabase-http-native   gated   tests/integration/turn/selected-source-auth-http.test.mjs
postgres               gated   tests/integration/turn/selected-source-result-v2-compat.test.mjs
postgres               gated   tests/integration/turn/text-work.test.mjs
supabase-http-native   gated   tests/integration/web-trip-continuity/continuity.test.mjs
test:integration       always  tests/integration/web-trip-continuity/server-diagnostic.test.mjs
