▶ grounded Turn: durable scope, private results and historical eligibility
  ✔ scope participates in exact retry and unsupported legacy admission is denied (375.036583ms)
  ✔ leased current input and intent completion persist references, never factual generic output (1220.310667ms)
  ✔ events replay is stable, owner and selected-policy scoped with atomic current card (574.145041ms)
  ✔ history rechecks original evidence and cannot silently replace withdrawn support (759.782334ms)
  ✔ new conflicting publication suppresses saved factual text without rewriting original outcome (704.77875ms)
  ✔ additional needs stay partial; missing or disabled knowledge is not a complete answer (967.85925ms)
  ✔ clarification continuation retains task and scope without sending earlier turns (767.925958ms)
  ✔ four-turn cap preserves exact retries but rejects new clarification work (1269.1765ms)
  ✔ publication wait cannot commit after the lease expires (1821.680916ms)
  ✖ ordinary roles cannot execute resolver or mutate results; revoked consent fences reads (648.827459ms)
✖ grounded Turn: durable scope, private results and historical eligibility (13400.077583ms)
ℹ tests 11
ℹ suites 0
ℹ pass 9
ℹ fail 2
ℹ cancelled 0
ℹ skipped 0
ℹ todo 0
ℹ duration_ms 13463.598167

✖ failing tests:

test at tests/integration/knowledge/grounded-turn.test.mjs:129:10
✖ ordinary roles cannot execute resolver or mutate results; revoked consent fences reads (648.827459ms)
  AssertionError [ERR_ASSERTION]: The input did not match the regular expression /UNAUTHENTICATED/. Input:
  
  'AssertionError [ERR_ASSERTION]: ERROR:  SESSION_REPLACED\n' +
    'CONTEXT:  PL/pgSQL function identity_private.guard_mobile_rpc_v2() line 4 at RAISE\n' +
    'SQL statement "SELECT identity_private.guard_mobile_rpc_v2()"\n' +
    'PL/pgSQL function turn_private.text_owner() line 8 at PERFORM\n' +
    'PL/pgSQL function public.read_grounded_events(uuid,uuid,bigint) line 2 during statement block local variable initialization\n' +
    '\n' +
    '\n' +
    '3 !== 0\n'
  
      at process.processTicksAndRejections (node:internal/process/task_queues:104:5)
      at async TestContext.<anonymous> (file:///Users/jtcao/Documents/VP-V4-S2-Claim-Coverage/tests/integration/knowledge/grounded-turn.test.mjs:137:3)
      at async Test.run (node:internal/test_runner/test:1404:7)
      at async TestContext.<anonymous> (file:///Users/jtcao/Documents/VP-V4-S2-Claim-Coverage/tests/integration/knowledge/grounded-turn.test.mjs:129:2)
      at async Test.run (node:internal/test_runner/test:1404:7)
      at async startSubtestAfterBootstrap (node:internal/test_runner/harness:387:3) {
    generatedMessage: true,
    code: 'ERR_ASSERTION',
    actual: AssertionError [ERR_ASSERTION]: ERROR:  SESSION_REPLACED
    CONTEXT:  PL/pgSQL function identity_private.guard_mobile_rpc_v2() line 4 at RAISE
    SQL statement "SELECT identity_private.guard_mobile_rpc_v2()"
    PL/pgSQL function turn_private.text_owner() line 8 at PERFORM
    PL/pgSQL function public.read_grounded_events(uuid,uuid,bigint) line 2 during statement block local variable initialization
    
    
    3 !== 0
    
        at db (file:///Users/jtcao/Documents/VP-V4-S2-Claim-Coverage/tests/integration/knowledge/grounded-turn.test.mjs:15:59)
        at process.processTicksAndRejections (node:internal/process/task_queues:104:5)
        at async file:///Users/jtcao/Documents/VP-V4-S2-Claim-Coverage/tests/integration/knowledge/grounded-turn.test.mjs:24:222
        at async waitForActual (node:assert:615:5)
        at async strict.rejects (node:assert:738:25)
        at async TestContext.<anonymous> (file:///Users/jtcao/Documents/VP-V4-S2-Claim-Coverage/tests/integration/knowledge/grounded-turn.test.mjs:137:3)
        at async Test.run (node:internal/test_runner/test:1404:7)
        at async TestContext.<anonymous> (file:///Users/jtcao/Documents/VP-V4-S2-Claim-Coverage/tests/integration/knowledge/grounded-turn.test.mjs:129:2)
        at async Test.run (node:internal/test_runner/test:1404:7)
        at async startSubtestAfterBootstrap (node:internal/test_runner/harness:387:3),
    expected: /UNAUTHENTICATED/,
    operator: 'rejects',
    diff: 'simple'
  }
