▶ grounded Turn: durable scope, private results and historical eligibility
  ✔ scope participates in exact retry and unsupported legacy admission is denied (389.973667ms)
  ✔ leased current input and intent completion persist references, never factual generic output (1211.366459ms)
  ✔ events replay is stable, owner and selected-policy scoped with atomic current card (589.062125ms)
  ✔ history rechecks original evidence and cannot silently replace withdrawn support (775.977958ms)
  ✔ new conflicting publication suppresses saved factual text without rewriting original outcome (685.446042ms)
  ✔ additional needs stay partial; missing or disabled knowledge is not a complete answer (1193.939125ms)
  ✔ clarification continuation retains task and scope without sending earlier turns (1785.94875ms)
  ✔ four-turn cap preserves exact retries but rejects new clarification work (2196.655166ms)
  ✔ publication wait cannot commit after the lease expires (1866.616917ms)
  ✔ ordinary roles cannot execute resolver or mutate results; revoked consent fences reads (731.323625ms)
✔ grounded Turn: durable scope, private results and historical eligibility (15886.000458ms)
ℹ tests 11
ℹ suites 0
ℹ pass 11
ℹ fail 0
ℹ cancelled 0
ℹ skipped 0
ℹ todo 0
ℹ duration_ms 15944.600375
