
> vp-v4@0.0.0 test:unit /Users/jtcao/Documents/VP-V4-HF-Response-Quality
> node scripts/run-ci-suite.mjs unit

TAP version 13
# Subtest: hard budget violations are deterministically infeasible while soft preferences create stable tradeoffs
ok 1 - hard budget violations are deterministically infeasible while soft preferences create stable tradeoffs
  ---
  duration_ms: 1.378125
  type: 'test'
  ...
# Subtest: time windows and transfers are code-decided hard constraints
ok 2 - time windows and transfers are code-decided hard constraints
  ---
  duration_ms: 0.155084
  type: 'test'
  ...
# Subtest: a route-matrix duration cannot hide overlapping or too-short scheduled transfers
ok 3 - a route-matrix duration cannot hide overlapping or too-short scheduled transfers
  ---
  duration_ms: 0.089458
  type: 'test'
  ...
# Subtest: closed places are infeasible and unknown opening, route, or reservation evidence remains visible
ok 4 - closed places are infeasible and unknown opening, route, or reservation evidence remains visible
  ---
  duration_ms: 0.15325
  type: 'test'
  ...
# Subtest: unknown or expired price evidence cannot be silently treated as a verified budget
ok 5 - unknown or expired price evidence cannot be silently treated as a verified budget
  ---
  duration_ms: 0.238541
  type: 'test'
  ...
# Subtest: uses RFC3339 instants rather than lexical timestamp ordering
ok 6 - uses RFC3339 instants rather than lexical timestamp ordering
  ---
  duration_ms: 0.109542
  type: 'test'
  ...
# Subtest: requires current route evidence for every adjacent stop pair
ok 7 - requires current route evidence for every adjacent stop pair
  ---
  duration_ms: 0.098958
  type: 'test'
  ...
# Subtest: a missing route link cannot hide a proven short transfer
ok 8 - a missing route link cannot hide a proven short transfer
  ---
  duration_ms: 0.094416
  type: 'test'
  ...
# Subtest: expired opening and reservation evidence remains unknown even when projected states look positive
ok 9 - expired opening and reservation evidence remains unknown even when projected states look positive
  ---
  duration_ms: 0.120375
  type: 'test'
  ...
# Subtest: rejects malformed candidate constraints instead of scoring invented or nonsensical inputs
ok 10 - rejects malformed candidate constraints instead of scoring invented or nonsensical inputs
  ---
  duration_ms: 0.440667
  type: 'test'
  ...
# Subtest: the registry contains only flags required by the R1 release slice
ok 11 - the registry contains only flags required by the R1 release slice
  ---
  duration_ms: 0.767125
  type: 'test'
  ...
# Subtest: chat runtime requires Trip persistence
ok 12 - chat runtime requires Trip persistence
  ---
  duration_ms: 0.077667
  type: 'test'
  ...
# Subtest: flags default off and only return capability availability
ok 13 - flags default off and only return capability availability
  ---
  duration_ms: 0.090417
  type: 'test'
  ...
# Subtest: VPJ scheduling retains fail-closed runtime protections
ok 14 - VPJ scheduling retains fail-closed runtime protections
  ---
  duration_ms: 3.353667
  type: 'test'
  ...
# Subtest: handoff and identity contract reflect anonymous preview without Magic Link
ok 15 - handoff and identity contract reflect anonymous preview without Magic Link
  ---
  duration_ms: 3.088209
  type: 'test'
  ...
# Subtest: LAUNCH-01 PR workflow runs every deterministic repository gate and the browser lane
ok 16 - LAUNCH-01 PR workflow runs every deterministic repository gate and the browser lane
  ---
  duration_ms: 1.211375
  type: 'test'
  ...
# Subtest: LAUNCH-01 CI suite runner reports skipped tests as an explicit incomplete outcome
ok 17 - LAUNCH-01 CI suite runner reports skipped tests as an explicit incomplete outcome
  ---
  duration_ms: 0.634417
  type: 'test'
  ...
# Subtest: LAUNCH-01 keeps internal text-asset ledger hashes stable across Git line endings
ok 18 - LAUNCH-01 keeps internal text-asset ledger hashes stable across Git line endings
  ---
  duration_ms: 0.604875
  type: 'test'
  ...
# Subtest: LAUNCH-01 workflows initialize a visible CI-suite outcome table
ok 19 - LAUNCH-01 workflows initialize a visible CI-suite outcome table
  ---
  duration_ms: 3.653541
  type: 'test'
  ...
# Subtest: LAUNCH-01 command ledger accepts the LAUNCH Issue namespace
ok 20 - LAUNCH-01 command ledger accepts the LAUNCH Issue namespace
  ---
  duration_ms: 1.0505
  type: 'test'
  ...
# Subtest: LAUNCH-01 labels source-inspection E2E tests separately from browser E2E
ok 21 - LAUNCH-01 labels source-inspection E2E tests separately from browser E2E
  ---
  duration_ms: 0.848125
  type: 'test'
  ...
# Subtest: LAUNCH-01 CI suite runner marks a locally skipped integration suite incomplete
ok 22 - LAUNCH-01 CI suite runner marks a locally skipped integration suite incomplete
  ---
  duration_ms: 180.325292
  type: 'test'
  ...
# Subtest: unmerged baseline retains the migration gate
ok 23 - unmerged baseline retains the migration gate
  ---
  duration_ms: 1.100709
  type: 'test'
  ...
# Subtest: merged baseline permits ready work and completed tasks
ok 24 - merged baseline permits ready work and completed tasks
  ---
  duration_ms: 0.079667
  type: 'test'
  ...
# Subtest: blocked tasks without open dependencies require review, not automatic readiness
ok 25 - blocked tasks without open dependencies require review, not automatic readiness
  ---
  duration_ms: 0.398667
  type: 'test'
  ...
# Subtest: runtime readiness still rejects open and cancelled upstream dependencies
ok 26 - runtime readiness still rejects open and cancelled upstream dependencies
  ---
  duration_ms: 0.278
  type: 'test'
  ...
# Subtest: not-planned is not silently treated as product completion
ok 27 - not-planned is not silently treated as product completion
  ---
  duration_ms: 0.39525
  type: 'test'
  ...
# Subtest: closing old tasks still demands a strict new-task migration snapshot
ok 28 - closing old tasks still demands a strict new-task migration snapshot
  ---
  duration_ms: 0.355917
  type: 'test'
  ...
# Subtest: published execution header stays synchronized with the generator
ok 29 - published execution header stays synchronized with the generator
  ---
  duration_ms: 5.262584
  type: 'test'
  ...
# Subtest: VPJ rejects missing blockers and dependency cycles
ok 30 - VPJ rejects missing blockers and dependency cycles
  ---
  duration_ms: 1.035084
  type: 'test'
  ...
# Subtest: VPJ orders shared prerequisites once before consumers
ok 31 - VPJ orders shared prerequisites once before consumers
  ---
  duration_ms: 0.556959
  type: 'test'
  ...
# Subtest: VPJ bodies without task overrides preserve their published output
ok 32 - VPJ bodies without task overrides preserve their published output
  ---
  duration_ms: 5.880833
  type: 'test'
  ...
# Subtest: VPJ body supports a task source ref and its own planning merge gate
ok 33 - VPJ body supports a task source ref and its own planning merge gate
  ---
  duration_ms: 0.106584
  type: 'test'
  ...
# Subtest: quality rubric remains separate from deterministic read-only and receipt checks
ok 34 - quality rubric remains separate from deterministic read-only and receipt checks
  ---
  duration_ms: 5.000708
  type: 'test'
  ...
# Subtest: one hard failure cannot be offset by perfect quality or a forged seed verdict
ok 35 - one hard failure cannot be offset by perfect quality or a forged seed verdict
  ---
  duration_ms: 4.054791
  type: 'test'
  ...
# Subtest: unsupported claims and excessive refusal reject even with two passing repeats
ok 36 - unsupported claims and excessive refusal reject even with two passing repeats
  ---
  duration_ms: 1.275292
  type: 'test'
  ...
# Subtest: missing or duplicated evidence stays NOT_RUN instead of vacuous PASS
ok 37 - missing or duplicated evidence stays NOT_RUN instead of vacuous PASS
  ---
  duration_ms: 0.12675
  type: 'test'
  ...
# Subtest: matching baseline-only and non-degrading pairs cannot bypass missing adoption gates
ok 38 - matching baseline-only and non-degrading pairs cannot bypass missing adoption gates
  ---
  duration_ms: 0.839375
  type: 'test'
  ...
# Subtest: every fixed basis dimension and repeat identity must match
ok 39 - every fixed basis dimension and repeat identity must match
  ---
  duration_ms: 15.982375
  type: 'test'
  ...
# Subtest: producer refuses a caller's fictional clock/evidence binding even if both lanes would match
ok 40 - producer refuses a caller's fictional clock/evidence binding even if both lanes would match
  ---
  duration_ms: 0.426375
  type: 'test'
  ...
# Subtest: release discovery retains only the currently selected legacy locale without changing payload metadata
ok 41 - release discovery retains only the currently selected legacy locale without changing payload metadata
  ---
  duration_ms: 2.1575
  type: 'test'
  ...
# Subtest: typed hard gates veto exact facts, permissions and action receipts without parsing prose
ok 42 - typed hard gates veto exact facts, permissions and action receipts without parsing prose
  ---
  duration_ms: 9.791417
  type: 'test'
  ...
# Subtest: unreviewed semantic errors remain NOT_RUN; fixture labels never become human calibration
ok 43 - unreviewed semantic errors remain NOT_RUN; fixture labels never become human calibration
  ---
  duration_ms: 24.765625
  type: 'test'
  ...
# Subtest: A/B swaps normalize the same winner, preserve ties and both-fail, and expose order disagreement
ok 44 - A/B swaps normalize the same winner, preserve ties and both-fail, and expose order disagreement
  ---
  duration_ms: 15.00075
  type: 'test'
  ...
# Subtest: repeated imports deduplicate while changed feedback is an explicit conflict
ok 45 - repeated imports deduplicate while changed feedback is an explicit conflict
  ---
  duration_ms: 13.293042
  type: 'test'
  ...
# Subtest: wrong case, versions, source, rubric completeness and N/A substitutions reject
ok 46 - wrong case, versions, source, rubric completeness and N/A substitutions reject
  ---
  duration_ms: 21.604959
  type: 'test'
  ...
# Subtest: human source validation is operator-declared, never verified identity or calibration
ok 47 - human source validation is operator-declared, never verified identity or calibration
  ---
  duration_ms: 6.967791
  type: 'test'
  ...
# Subtest: reviewer projection is blind and bundle tampering cannot silently change answer identity
ok 48 - reviewer projection is blind and bundle tampering cannot silently change answer identity
  ---
  duration_ms: 8.846208
  type: 'test'
  ...
# Subtest: owned exposed variants preserve canonical 8/4 metadata and cannot import holdout or external data
ok 49 - owned exposed variants preserve canonical 8/4 metadata and cannot import holdout or external data
  ---
  duration_ms: 3.682959
  type: 'test'
  ...
# Subtest: perfect soft feedback cannot compensate a deterministic hard failure
ok 50 - perfect soft feedback cannot compensate a deterministic hard failure
  ---
  duration_ms: 9.115667
  type: 'test'
  ...
# Subtest: fixture provenance cannot be promoted to human by changing the source tag
ok 51 - fixture provenance cannot be promoted to human by changing the source tag
  ---
  duration_ms: 4.270625
  type: 'test'
  ...
# Subtest: unknown parent grading versions and mismatched source basis are rejected
ok 52 - unknown parent grading versions and mismatched source basis are rejected
  ---
  duration_ms: 0.684791
  type: 'test'
  ...
# Subtest: one presentation's feedback cannot establish an order-bias check
ok 53 - one presentation's feedback cannot establish an order-bias check
  ---
  duration_ms: 6.074083
  type: 'test'
  ...
# Subtest: parent rows and supplied samples cannot rebind the frozen H01 case to H02
ok 54 - parent rows and supplied samples cannot rebind the frozen H01 case to H02
  ---
  duration_ms: 0.4975
  type: 'test'
  ...
# Subtest: the imported parent retains its complete repeat, run and configuration lineage
ok 55 - the imported parent retains its complete repeat, run and configuration lineage
  ---
  duration_ms: 1.837667
  type: 'test'
  ...
# Subtest: valid opaque parent run IDs remain supported by the existing pairing schema
ok 56 - valid opaque parent run IDs remain supported by the existing pairing schema
  ---
  duration_ms: 2.162959
  type: 'test'
  ...
# Subtest: LAUNCH-12 selects the next confirmed item from an explicit clock and Day timezone
ok 57 - LAUNCH-12 selects the next confirmed item from an explicit clock and Day timezone
  ---
  duration_ms: 28.02525
  type: 'test'
  ...
# Subtest: LAUNCH-12 distinguishes before, during, and after a confirmed Trip without external evidence
ok 58 - LAUNCH-12 distinguishes before, during, and after a confirmed Trip without external evidence
  ---
  duration_ms: 0.396083
  type: 'test'
  ...
# Subtest: LAUNCH-12 fails closed for empty, timezone-missing, malformed, or cross-trip item data
ok 59 - LAUNCH-12 fails closed for empty, timezone-missing, malformed, or cross-trip item data
  ---
  duration_ms: 0.183167
  type: 'test'
  ...
# Subtest: LAUNCH-05 retention lifecycle cannot transition from an unapproved capture to persistence
ok 60 - LAUNCH-05 retention lifecycle cannot transition from an unapproved capture to persistence
  ---
  duration_ms: 0.516042
  type: 'test'
  ...
1..60
# tests 60
# suites 0
# pass 60
# fail 0
# cancelled 0
# skipped 0
# todo 0
# duration_ms 372.284416
VP_CI_SUITE_RESULT {"suite":"unit","outcome":"passed","skipped":0,"testFiles":11}
