Test Suite 'Selected tests' started at 2026-10-05 17:20:59.643.
Test Suite 'VisePandaTests.xctest' started at 2026-10-05 17:20:59.643.
Test Suite 'NativeTravelerBriefTests' started at 2026-10-05 17:20:59.644.
Test Case '-[VisePandaTests.NativeTravelerBriefTests testActualSessionBriefEraseFailureFencesIdentityAndDoesNotClaimErasure]' started.
VisePanda native credentials HTTP 200
VisePanda native login HTTP 200
VisePanda native profile HTTP 200
VisePanda native logout HTTP 200
Test Case '-[VisePandaTests.NativeTravelerBriefTests testActualSessionBriefEraseFailureFencesIdentityAndDoesNotClaimErasure]' passed (0.018 seconds).
Test Case '-[VisePandaTests.NativeTravelerBriefTests testActualSessionDenialPreservesOriginalJournalAndExplicitLogoutErasesIt]' started.
VisePanda native credentials HTTP 200
VisePanda native login HTTP 200
VisePanda native profile HTTP 200
VisePanda native session failed: session
Test Case '-[VisePandaTests.NativeTravelerBriefTests testActualSessionDenialPreservesOriginalJournalAndExplicitLogoutErasesIt]' passed (0.011 seconds).
Test Case '-[VisePandaTests.NativeTravelerBriefTests testBriefAccessRequiresBothIndividualSelectionAndExplicitConfirmation]' started.
Test Case '-[VisePandaTests.NativeTravelerBriefTests testBriefAccessRequiresBothIndividualSelectionAndExplicitConfirmation]' passed (0.000 seconds).
Test Case '-[VisePandaTests.NativeTravelerBriefTests testChangedAccountDuringACKCannotPublishReceiptOrEraseOldOwnersJournal]' started.
Test Case '-[VisePandaTests.NativeTravelerBriefTests testChangedAccountDuringACKCannotPublishReceiptOrEraseOldOwnersJournal]' passed (0.004 seconds).
Test Case '-[VisePandaTests.NativeTravelerBriefTests testExportRequiresExactOwnerSessionLeaseAndRejectsCopiedSourceValues]' started.
Test Case '-[VisePandaTests.NativeTravelerBriefTests testExportRequiresExactOwnerSessionLeaseAndRejectsCopiedSourceValues]' passed (0.001 seconds).
Test Case '-[VisePandaTests.NativeTravelerBriefTests testLegitimateSharedSubsetUsesItsOwnSourceDigestAndRemainsVisible]' started.
Test Case '-[VisePandaTests.NativeTravelerBriefTests testLegitimateSharedSubsetUsesItsOwnSourceDigestAndRemainsVisible]' passed (0.001 seconds).
Test Case '-[VisePandaTests.NativeTravelerBriefTests testLostACKNullReceiptAndWrongDigestPreserveOriginalOperationUntilMatchedAbandon]' started.
Test Case '-[VisePandaTests.NativeTravelerBriefTests testLostACKNullReceiptAndWrongDigestPreserveOriginalOperationUntilMatchedAbandon]' passed (0.002 seconds).
Test Case '-[VisePandaTests.NativeTravelerBriefTests testOldReviewCannotSurviveCorrectionGrantReplacementCaseOrSessionChange]' started.
Test Case '-[VisePandaTests.NativeTravelerBriefTests testOldReviewCannotSurviveCorrectionGrantReplacementCaseOrSessionChange]' passed (0.000 seconds).
Test Case '-[VisePandaTests.NativeTravelerBriefTests testOriginalWhitespaceBytesSurviveRestartAndCannotBeOverwrittenOrReadByOtherEpoch]' started.
Test Case '-[VisePandaTests.NativeTravelerBriefTests testOriginalWhitespaceBytesSurviveRestartAndCannotBeOverwrittenOrReadByOtherEpoch]' passed (0.001 seconds).
Test Case '-[VisePandaTests.NativeTravelerBriefTests testRefreshDoesNotCarryForwardPreviouslyAuthorizedFields]' started.
Test Case '-[VisePandaTests.NativeTravelerBriefTests testRefreshDoesNotCarryForwardPreviouslyAuthorizedFields]' passed (0.000 seconds).
Test Case '-[VisePandaTests.NativeTravelerBriefTests testRevokedGrantOwnerCleanupWorksWithoutAnActivePreview]' started.
Test Case '-[VisePandaTests.NativeTravelerBriefTests testRevokedGrantOwnerCleanupWorksWithoutAnActivePreview]' passed (0.004 seconds).
Test Case '-[VisePandaTests.NativeTravelerBriefTests testStorageFailurePreventsNetworkAndTTLRemovesAllReadableContent]' started.
Test Case '-[VisePandaTests.NativeTravelerBriefTests testStorageFailurePreventsNetworkAndTTLRemovesAllReadableContent]' passed (0.007 seconds).
Test Case '-[VisePandaTests.NativeTravelerBriefTests testUnknownCannotCarryValueAndSensitiveInferenceOrWrongCaseSourceIsRejected]' started.
Test Case '-[VisePandaTests.NativeTravelerBriefTests testUnknownCannotCarryValueAndSensitiveInferenceOrWrongCaseSourceIsRejected]' passed (0.000 seconds).
Test Suite 'NativeTravelerBriefTests' passed at 2026-10-05 17:20:59.696.
	 Executed 13 tests, with 0 failures (0 unexpected) in 0.050 (0.053) seconds
Test Suite 'VisePandaTests.xctest' passed at 2026-10-05 17:20:59.696.
	 Executed 13 tests, with 0 failures (0 unexpected) in 0.050 (0.053) seconds
Test Suite 'Selected tests' passed at 2026-10-05 17:20:59.697.
	 Executed 13 tests, with 0 failures (0 unexpected) in 0.050 (0.053) seconds
◇ Test run started.
↳ Testing Library Version: 2084
↳ Target Platform: arm64-apple-ios17.0-simulator
◇ Suite NativeServiceOperationTests started.
◇ Test dataExportDeliversSeparateArtifactAndCleansOnlyOwnedFiles() started.
◇ Test frozenBytesSurviveRestartAndAbandonExactly() started.
◇ Test queueCannotInventStaffOrMinutesAndContactCannotResolve() started.
◇ Test dataAbandonUsesOriginalDeleteBytesAndDoesNotClaimDeletion() started.
◇ Test erasedOperationRequiresExplicitLocalStopAndKeepsOutcomeUnknown() started.
◇ Test dataDeleteRequiresConfirmationAndExactMinimalReceipt() started.
◇ Test proposalMustMatchAuthoritativeTripAndMinutesRemainRecordedOnly() started.
◇ Test journalStorageFailureCannotAuthorizeDispatchOrClaimErasure() started.
◇ Test incompleteWorkspaceAndDuplicateRowsAreUnavailable() started.
◇ Test dataExportRejectsBytesBeyond512KiB() started.
◇ Test dataDeleteUnknownAckAndAbsentReceiptRecoverViaDataFamily() started.
◇ Test receiptChecksFrozenDigestAndOperationIdentity() started.
◇ Test ttlAndAccountChangesHideWorkspaceAndLateReads() started.
◇ Test dataCanonicalInitialTripVersionZeroStaysBoundWithoutMutation() started.
◇ Test dataExportChecksActorSessionRequestExpiryAndRealCoverage() started.
◇ Test grantsAndFutureStatesNeverImplyAcceptance() started.
◇ Test actualSessionDenialPreservesBytesAndRelaunchLogoutErasesThem() started.
◇ Test actualSessionServiceEraseFailureFencesIdentityAndRetainsRecovery() started.
◇ Test userCannotSupplyStaffAuthorityOrInferTrip() started.
◇ Test unknownAckAndAbsentReceiptKeepOriginalBeforeExactRetry() started.
◇ Test responseAfterAccountChangeCannotClearDurableUnknownWrite() started.
◇ Test wireRejectsBooleanCountersAndOpenShapes() started.
✔ Test dataAbandonUsesOriginalDeleteBytesAndDoesNotClaimDeletion() passed after 0.001 seconds.
✔ Test dataDeleteUnknownAckAndAbsentReceiptRecoverViaDataFamily() passed after 0.007 seconds.
✔ Test incompleteWorkspaceAndDuplicateRowsAreUnavailable() passed after 0.009 seconds.
✔ Test ttlAndAccountChangesHideWorkspaceAndLateReads() passed after 0.013 seconds.
✔ Test responseAfterAccountChangeCannotClearDurableUnknownWrite() passed after 0.013 seconds.
✔ Test erasedOperationRequiresExplicitLocalStopAndKeepsOutcomeUnknown() passed after 0.014 seconds.
✔ Test unknownAckAndAbsentReceiptKeepOriginalBeforeExactRetry() passed after 0.014 seconds.
✔ Test dataExportDeliversSeparateArtifactAndCleansOnlyOwnedFiles() passed after 0.018 seconds.
✔ Test frozenBytesSurviveRestartAndAbandonExactly() passed after 0.018 seconds.
VisePanda native credentials HTTP 200
VisePanda native credentials HTTP 200
VisePanda native login HTTP 200
✔ Test queueCannotInventStaffOrMinutesAndContactCannotResolve() passed after 0.024 seconds.
✔ Test dataCanonicalInitialTripVersionZeroStaysBoundWithoutMutation() passed after 0.024 seconds.
✔ Test receiptChecksFrozenDigestAndOperationIdentity() passed after 0.024 seconds.
✔ Test journalStorageFailureCannotAuthorizeDispatchOrClaimErasure() passed after 0.024 seconds.
✔ Test wireRejectsBooleanCountersAndOpenShapes() passed after 0.023 seconds.
✔ Test grantsAndFutureStatesNeverImplyAcceptance() passed after 0.024 seconds.
✔ Test proposalMustMatchAuthoritativeTripAndMinutesRemainRecordedOnly() passed after 0.024 seconds.
✔ Test dataExportChecksActorSessionRequestExpiryAndRealCoverage() passed after 0.024 seconds.
✔ Test dataExportRejectsBytesBeyond512KiB() passed after 0.024 seconds.
✔ Test dataDeleteRequiresConfirmationAndExactMinimalReceipt() passed after 0.024 seconds.
✔ Test userCannotSupplyStaffAuthorityOrInferTrip() passed after 0.024 seconds.
VisePanda native profile HTTP 200
VisePanda native login HTTP 200
VisePanda native logout HTTP 200
VisePanda native profile HTTP 200
✔ Test actualSessionServiceEraseFailureFencesIdentityAndRetainsRecovery() passed after 0.026 seconds.
VisePanda native session failed: session
✔ Test actualSessionDenialPreservesBytesAndRelaunchLogoutErasesThem() passed after 0.031 seconds.
✔ Suite NativeServiceOperationTests passed after 0.032 seconds.
✔ Test run with 22 tests in 1 suite passed after 0.032 seconds.
2026-10-05 17:21:00.007 xcodebuild[4662:1779067] [MT] IDETestOperationsObserverDebug: 6.327 elapsed -- Testing started completed.
2026-10-05 17:21:00.007 xcodebuild[4662:1779067] [MT] IDETestOperationsObserverDebug: 0.000 sec, +0.000 sec -- start
2026-10-05 17:21:00.007 xcodebuild[4662:1779067] [MT] IDETestOperationsObserverDebug: 6.327 sec, +6.327 sec -- end

Test session results, code coverage, and logs:
	/tmp/vpj31-native-brief-derived/Logs/Test/Test-VisePanda-2026.10.05_17-20-43-+0800.xcresult

** TEST SUCCEEDED **

Testing started
