Lockfile is up to date, resolution step is skipped
Progress: resolved 1, reused 0, downloaded 0, added 0
Packages: +61
+++++++++++++++++++++++++++++++++++++++++++++++++++++++++++++
Progress: resolved 61, reused 61, downloaded 0, added 60
Progress: resolved 61, reused 61, downloaded 0, added 61, done

dependencies:
+ @supabase/ssr 0.12.5
+ @supabase/supabase-js 2.112.4
+ next 16.2.6
+ react 19.2.6
+ react-dom 19.2.6

devDependencies:
+ @playwright/test 1.55.0
+ @tailwindcss/postcss 4.2.1
+ @types/node 22.19.19
+ @types/react 19.2.14
+ @types/react-dom 19.2.3
+ postcss 8.5.26
+ tailwindcss 4.2.1
+ typescript 5.9.3

Done in 1.5s using pnpm v9.15.9
