Warning: The following taps are not trusted:
  espressif/eim
  steipete/tap

Homebrew is currently ignoring formulae, casks and commands from these taps because tap trust is required.

Prefer trusting only the specific formulae, casks or commands you need.
Trust installed casks from these taps with:
  brew trust --cask steipete/tap/codexbar
Trust other specific formulae and commands with:
  brew trust --formula <user>/<tap>/<formula>
  brew trust --command <user>/<tap>/<command>
Whole-tap trust is broader and includes all current and future formulae,
casks and commands from the listed taps. Trust whole taps with:
  brew trust espressif/eim steipete/tap
Untap them with:
  brew untap espressif/eim steipete/tap
To disable trust checks:
  export HOMEBREW_NO_REQUIRE_TAP_TRUST=1
This is not recommended and will be removed in a later release.
For more information, see:
  https://docs.brew.sh/Tap-Trust
==> Downloading bottle manifests
✔︎ Bottle Manifest tesseract (5.5.3)
==> Would install 1 formula:
tesseract
==> Would install 8 dependencies for tesseract:
openjpeg
leptonica
libb2
libarchive
fribidi
libdatrie
libthai
pango
==> Would upgrade 2 dependencies for tesseract:
pcre2
harfbuzz
==> Fetching downloads for: tesseract
✔︎ Bottle Manifest pcre2 (10.48)
✔︎ Bottle Manifest openjpeg (2.5.4)
✔︎ Bottle Manifest libb2 (0.98.1)
✔︎ Bottle Manifest libarchive (3.8.9)
✔︎ Bottle Manifest fribidi (1.0.16)
✔︎ Bottle Manifest libdatrie (0.2.14)
✔︎ Bottle Manifest leptonica (1.87.0)
✔︎ Bottle Manifest harfbuzz (14.4.0)
✔︎ Bottle fribidi (1.0.16)
✔︎ Bottle Manifest libthai (0.1.30)
✔︎ Bottle Manifest pango (1.58.2)
✔︎ Bottle openjpeg (2.5.4)
✔︎ Bottle libdatrie (0.2.14)
✔︎ Bottle harfbuzz (14.4.0)
✔︎ Bottle pcre2 (10.48)
✔︎ Bottle libb2 (0.98.1)
✔︎ Bottle libthai (0.1.30)
✔︎ Bottle pango (1.58.2)
✔︎ Bottle libarchive (3.8.9)
✔︎ Bottle leptonica (1.87.0)
✔︎ Bottle tesseract (5.5.3)
==> Installing dependencies for tesseract: openjpeg, leptonica, libb2, libarchive, fribidi, libdatrie, libthai and pango
==> Installing tesseract dependency: openjpeg
==> Pouring openjpeg--2.5.4.arm64_tahoe.bottle.tar.gz
🍺  /opt/homebrew/Cellar/openjpeg/2.5.4: 512 files, 14.7MB
==> Installing tesseract dependency: leptonica
==> Pouring leptonica--1.87.0.arm64_tahoe.bottle.1.tar.gz
🍺  /opt/homebrew/Cellar/leptonica/1.87.0: 55 files, 7MB
==> Installing tesseract dependency: libb2
==> Pouring libb2--0.98.1.arm64_tahoe.bottle.tar.gz
🍺  /opt/homebrew/Cellar/libb2/0.98.1: 9 files, 112.7KB
==> Installing tesseract dependency: libarchive
==> Pouring libarchive--3.8.9.arm64_tahoe.bottle.tar.gz
🍺  /opt/homebrew/Cellar/libarchive/3.8.9: 65 files, 4MB
==> Installing tesseract dependency: fribidi
==> Pouring fribidi--1.0.16.arm64_tahoe.bottle.tar.gz
🍺  /opt/homebrew/Cellar/fribidi/1.0.16: 68 files, 545.0KB
==> Installing tesseract dependency: libdatrie
==> Pouring libdatrie--0.2.14.arm64_tahoe.bottle.tar.gz
🍺  /opt/homebrew/Cellar/libdatrie/0.2.14: 20 files, 276KB
==> Installing tesseract dependency: libthai
==> Pouring libthai--0.1.30.arm64_tahoe.bottle.tar.gz
🍺  /opt/homebrew/Cellar/libthai/0.1.30: 30 files, 954.9KB
==> Installing tesseract dependency: pango
==> Pouring pango--1.58.2.arm64_tahoe.bottle.tar.gz
🍺  /opt/homebrew/Cellar/pango/1.58.2: 69 files, 3.7MB
==> Installing tesseract
==> Pouring tesseract--5.5.3.arm64_tahoe.bottle.tar.gz
🍺  /opt/homebrew/Cellar/tesseract/5.5.3: 75 files, 34.6MB
==> Caveats
==> tesseract
This formula contains only the "eng", "osd", and "snum" language data files.
If you need any other supported languages, run `brew install tesseract-lang`.
