Using Python 3.12.14 environment at: /Users/jtcao/Library/Caches/visepanda/vpj73/venv
Resolved 71 packages in 19ms
Downloading sympy (6.0MiB)
Downloading networkx (2.0MiB)
Downloading reportlab (1.9MiB)
Downloading tokenizers (3.0MiB)
Downloading hf-xet (3.7MiB)
Downloading torch (121.4MiB)
Downloading docling-parse (9.3MiB)
Downloading pandas (9.5MiB)
Downloading pypdfium2 (3.3MiB)
Downloading pillow (4.6MiB)
Downloading torchvision (1.7MiB)
Downloading numpy (5.2MiB)
Downloading scipy (19.5MiB)
Downloading pydantic-core (1.8MiB)
Downloading transformers (11.7MiB)
Downloading lxml (8.2MiB)
Downloading pygments (1.2MiB)
 Downloaded pygments
 Downloaded torchvision
 Downloaded reportlab
 Downloaded pydantic-core
 Downloaded networkx
 Downloaded tokenizers
 Downloaded pypdfium2
 Downloaded hf-xet
 Downloaded pillow
 Downloaded numpy
 Downloaded sympy
 Downloaded lxml
 Downloaded docling-parse
 Downloaded pandas
 Downloaded transformers
 Downloaded scipy
 Downloaded torch
Prepared 71 packages in 1m 34s
Installed 71 packages in 569ms
 + accelerate==1.15.0
 + annotated-doc==0.0.5
 + annotated-types==0.8.0
 + anyio==4.15.1
 + attrs==26.1.0
 + certifi==2026.7.22
 + charset-normalizer==3.5.1
 + click==8.5.0
 + defusedxml==0.7.1
 + doclang==0.7.3
 + docling-core==2.95.0
 + docling-ibm-models==4.0.2
 + docling-parse==7.18.0
 + docling-slim==2.126.0
 + filelock==3.32.6
 + filetype==1.2.0
 + fsspec==2026.7.0
 + h11==0.16.0
 + hf-xet==1.6.0
 + httpcore==1.0.9
 + httpx==0.28.1
 + huggingface-hub==1.30.0
 + idna==3.19
 + jinja2==3.1.6
 + jsonref==1.1.0
 + jsonschema==4.26.0
 + jsonschema-specifications==2025.9.1
 + latex2mathml==3.81.1
 + lxml==6.1.3
 + markdown-it-py==4.2.0
 + markupsafe==3.0.3
 + mdurl==0.1.2
 + mpmath==1.3.0
 + networkx==3.6.1
 + numpy==2.5.3
 + packaging==26.3
 + pandas==3.0.5
 + pillow==12.3.0
 + pluggy==1.6.0
 + psutil==7.2.2
 + pydantic==2.13.5
 + pydantic-core==2.46.5
 + pydantic-settings==2.15.0
 + pygments==2.21.0
 + pypdfium2==5.13.0
 + python-dateutil==2.9.0.post0
 + python-dotenv==1.2.3
 + pyyaml==6.0.3
 + referencing==0.37.0
 + regex==2026.9.3
 + reportlab==5.0.1
 + requests==2.34.2
 + rich==15.0.0
 + rpds-py==2026.6.3
 + rtree==1.4.1
 + safetensors==0.8.0
 + scipy==1.18.1
 + setuptools==84.0.0
 + shellingham==1.5.4
 + six==1.17.0
 + sympy==1.14.0
 + tabulate==0.10.0
 + tokenizers==0.23.2
 + torch==2.14.0
 + torchvision==0.29.0
 + tqdm==4.70.0
 + transformers==5.17.0
 + typer==0.26.8
 + typing-extensions==4.16.0
 + typing-inspection==0.4.4
 + urllib3==2.7.0
