Command line invocation:
    /Applications/Xcode.app/Contents/Developer/usr/bin/xcodebuild test-without-building -xctestrun /Users/jtcao/Library/Caches/visepanda/native-knowledge-20260913/build/Build/Products/KnowledgeUI-Final.xctestrun -destination "platform=iOS Simulator,id=0FE2667C-C67D-45D3-B761-571B0312700D" -parallel-testing-enabled NO "-only-testing:VisePandaUITests/NativeKnowledgeUITests" -resultBundlePath /Users/jtcao/Library/Caches/visepanda/native-knowledge-merge-20260913/knowledge-final-1.xcresult

2026-09-13 01:45:19.030 xcodebuild[38788:542393] [MT] IDERunDestination: Supported platforms for the buildables in the current scheme is empty.
Writing result bundle at path:
	/Users/jtcao/Library/Caches/visepanda/native-knowledge-merge-20260913/knowledge-final-1.xcresult

2026-09-13 01:45:19.074 xcodebuild[38788:542393] [MT] IDERunDestination: Supported platforms for the buildables in the current scheme is empty.
2026-09-13 01:45:19.221 xcodebuild[38788:542393] [MT] IDERunDestination: Supported platforms for the buildables in the current scheme is empty.
2026-09-13 01:45:24.606 xcodebuild[38788:542393] [MT] IDERunDestination: Supported platforms for the buildables in the current scheme is empty.
2026-09-13 01:45:24.766 xcodebuild[38788:542393] [MT] IDERunDestination: Supported platforms for the buildables in the current scheme is empty.
2026-09-13 01:47:00.090 xcodebuild[38788:542393] [MT] IDERunDestination: Supported platforms for the buildables in the current scheme is empty.
2026-09-13 01:47:00.901807+0800 VisePandaUITests-Runner[39261:546957] [Default] Running tests...
2026-09-13 01:47:02.446 xcodebuild[38788:542393] [MT] IDERunDestination: Supported platforms for the buildables in the current scheme is empty.
objc[39261]: Class UIAccessibilityLoaderWebShared is implemented in both /Library/Developer/CoreSimulator/Volumes/iOS_23F77/Library/Developer/CoreSimulator/Profiles/Runtimes/iOS 26.5.simruntime/Contents/Resources/RuntimeRoot/System/Library/AccessibilityBundles/WebCore.axbundle/WebCore (0x106ec0310) and /Library/Developer/CoreSimulator/Volumes/iOS_23F77/Library/Developer/CoreSimulator/Profiles/Runtimes/iOS 26.5.simruntime/Contents/Resources/RuntimeRoot/System/Library/AccessibilityBundles/WebKit.axbundle/WebKit (0x105798398). This may cause spurious casting failures and mysterious crashes. One of the duplicates must be removed or renamed.
2026-09-13 01:47:24.910 xcodebuild[38788:542393] [MT] IDERunDestination: Supported platforms for the buildables in the current scheme is empty.
Test Suite 'Selected tests' started at 2026-09-13 上午1:47:25.450.
Test Suite 'VisePandaUITests.xctest' started at 2026-09-13 上午1:47:25.456.
Test Suite 'NativeKnowledgeUITests' started at 2026-09-13 上午1:47:25.457.
Test Case '-[VisePandaUITests.NativeKnowledgeUITests testChineseRefreshCredentialsReadAndWithdraw]' started.
    t =     0.00s Start Test at 2026-09-13 上午1:47:25.462
    t =     0.47s Set Up
    t =     0.67s Open space.go2china.VisePanda
    t =     0.68s     Launch space.go2china.VisePanda
2026-09-13 01:47:26.776 xcodebuild[38788:542393] [MT] IDELaunchParametersSnapshot: The operation couldn’t be completed. (DebuggerLLDB.DebuggerVersionStore.StoreError error 0.)
2026-09-13 01:47:26.776 xcodebuild[38788:542393] [MT] IDELaunchParametersSnapshot: no debugger version
    t =     7.30s         Setting up automation session
    t =     9.00s         Wait for space.go2china.VisePanda to idle
    t =    11.13s Tap "我的" Button
    t =    11.13s     Wait for space.go2china.VisePanda to idle
    t =    11.15s     Find the "我的" Button
    t =    11.57s     Check for interrupting elements affecting "我的" Button
    t =    11.70s     Synthesize event
    t =    12.25s     Wait for space.go2china.VisePanda to idle
    t =    14.02s Waiting 2.0s for "退出登录" Button to exist
    t =    15.04s     Checking `Expect predicate `existsNoRetry == 1` for object "退出登录" Button`
    t =    15.04s         Checking existence of `"退出登录" Button`
    t =    15.26s         Capturing element debug description
    t =    16.03s     Checking `Expect predicate `existsNoRetry == 1` for object "退出登录" Button`
    t =    16.03s         Checking existence of `"退出登录" Button`
    t =    16.16s         Capturing element debug description
    t =    16.18s     Checking existence of `"退出登录" Button`
    t =    16.29s Collecting debug information to assist test failure triage
    t =    16.30s     Requesting snapshot of accessibility hierarchy for app with pid 39354
    t =    16.51s Waiting 10.0s for "native.login.email" TextField to exist
    t =    17.59s     Checking `Expect predicate `existsNoRetry == 1` for object "native.login.email" TextField`
    t =    17.59s         Checking existence of `"native.login.email" TextField`
    t =    17.70s Find the "native.login.email" TextField
    t =    17.87s Find the "native.login.email" TextField
    t =    18.06s Find the "native.login.email" TextField
    t =    18.34s Find the "native.login.email" TextField
    t =    18.51s Find the "native.login.email" TextField
    t =    18.70s Find the "native.login.email" TextField
    t =    18.90s Find the "native.login.email" TextField
    t =    19.07s Find the "native.login.email" TextField
    t =    19.21s Find the "native.login.email" TextField
    t =    19.48s Tap "native.login.email" TextField
    t =    19.48s     Wait for space.go2china.VisePanda to idle
    t =    19.50s     Find the "native.login.email" TextField
    t =    19.60s     Check for interrupting elements affecting "native.login.email" TextField
    t =    19.71s     Synthesize event
    t =    20.13s     Wait for space.go2china.VisePanda to idle
    t =    21.68s Type 'knowledge-ui@examp...' into "native.login.email" TextField
    t =    21.68s     Wait for space.go2china.VisePanda to idle
    t =    22.02s     Find the "native.login.email" TextField
    t =    22.23s     Check for interrupting elements affecting "native.login.email" TextField
    t =    22.42s     Synthesize event
    t =    23.46s     Wait for space.go2china.VisePanda to idle
    t =    24.22s Find the "native.login.password" SecureTextField
    t =    24.74s Find the "native.login.password" SecureTextField
    t =    24.99s Find the "native.login.password" SecureTextField
    t =    25.23s Find the "native.login.password" SecureTextField
    t =    25.60s Find the "native.login.password" SecureTextField
    t =    26.07s Find the "native.login.password" SecureTextField
    t =    26.81s Find the "native.login.password" SecureTextField
    t =    27.54s Find the "native.login.password" SecureTextField
    t =    27.85s Find the "native.login.password" SecureTextField
    t =    28.22s Tap "native.login.password" SecureTextField
    t =    28.22s     Wait for space.go2china.VisePanda to idle
    t =    28.48s     Find the "native.login.password" SecureTextField
    t =    29.12s     Check for interrupting elements affecting "native.login.password" SecureTextField
    t =    29.69s     Synthesize event
    t =    30.79s     Wait for space.go2china.VisePanda to idle
    t =    31.66s Type '<redacted>' into "native.login.password" SecureTextField
    t =    31.66s     Wait for space.go2china.VisePanda to idle
    t =    31.69s     Find the "native.login.password" SecureTextField
    t =    31.86s     Check for interrupting elements affecting "native.login.password" SecureTextField
    t =    32.14s     Synthesize event
    t =    33.03s     Wait for space.go2china.VisePanda to idle
    t =    33.12s Find the "native.login.submit" Button
    t =    33.56s Find the "native.login.submit" Button
    t =    34.12s Find the "native.login.submit" Button
    t =    34.36s Find the "native.login.submit" Button
    t =    35.49s Find the "native.login.submit" Button
    t =    37.10s Find the "native.login.submit" Button
    t =    38.09s Find the "native.login.submit" Button
    t =    38.64s Find the "native.login.submit" Button
    t =    39.18s Find the "native.login.submit" Button
    t =    39.64s Tap "native.login.submit" Button
    t =    39.64s     Wait for space.go2china.VisePanda to idle
    t =    39.72s     Find the "native.login.submit" Button
    t =    39.94s     Check for interrupting elements affecting "native.login.submit" Button
    t =    40.28s     Synthesize event
    t =    41.91s     Wait for space.go2china.VisePanda to idle
    t =    43.31s Checking `Expect predicate `label == "会话有效"` for object "native.session.status" StaticText`
    t =    43.34s     Find the "native.session.status" StaticText
    t =    44.36s Waiting 20.0s for "会话有效" StaticText to exist
    t =    45.39s     Checking `Expect predicate `existsNoRetry == 1` for object "会话有效" StaticText`
    t =    45.40s         Checking existence of `"会话有效" StaticText`
    t =    45.59s Tap "探索" Button
    t =    45.59s     Wait for space.go2china.VisePanda to idle
    t =    45.61s     Find the "探索" Button
    t =    45.88s     Check for interrupting elements affecting "safari" Button
    t =    46.47s     Synthesize event
    t =    47.56s     Wait for space.go2china.VisePanda to idle
    t =    49.70s Waiting 20.0s for "knowledge.empty" StaticText to exist
    t =    50.78s     Checking `Expect predicate `existsNoRetry == 1` for object "knowledge.empty" StaticText`
    t =    50.78s         Checking existence of `"knowledge.empty" StaticText`
    t =    50.86s Checking existence of `"knowledge.scene" Button`
    t =    50.92s Tap "knowledge.scene" Button
    t =    50.92s     Wait for space.go2china.VisePanda to idle
    t =    50.93s     Find the "knowledge.scene" Button
    t =    51.02s     Check for interrupting elements affecting "knowledge.scene" Button
    t =    51.11s     Synthesize event
    t =    51.47s     Wait for space.go2china.VisePanda to idle
    t =    52.35s Tap "支付" Button
    t =    52.35s     Wait for space.go2china.VisePanda to idle
    t =    53.49s     Find the "支付" Button
    t =    53.74s     Check for interrupting elements affecting "支付" Button
    t =    54.02s     Synthesize event
    t =    54.80s     Wait for space.go2china.VisePanda to idle
    t =    56.26s Waiting 20.0s for "knowledge.note.11111111-1111-4111-8111-111111111111" StaticText to exist
    t =    57.33s     Checking `Expect predicate `existsNoRetry == 1` for object "knowledge.note.11111111-1111-4111-8111-111111111111" StaticText`
    t =    57.34s         Checking existence of `"knowledge.note.11111111-1111-4111-8111-111111111111" StaticText`
    t =    57.49s Find the "knowledge.note.11111111-1111-4111-8111-111111111111" StaticText
    t =    57.67s Find the "knowledge.note.11111111-1111-4111-8111-111111111111" StaticText
    t =    57.80s Find the "knowledge.note.11111111-1111-4111-8111-111111111111" StaticText
    t =    57.97s Find the "knowledge.note.11111111-1111-4111-8111-111111111111" StaticText
    t =    58.13s Find the "knowledge.note.11111111-1111-4111-8111-111111111111" StaticText
    t =    58.27s Find the "knowledge.note.11111111-1111-4111-8111-111111111111" StaticText
    t =    58.40s Find the "knowledge.note.11111111-1111-4111-8111-111111111111" StaticText
    t =    58.55s Find the "knowledge.note.11111111-1111-4111-8111-111111111111" StaticText
    t =    58.66s Find the "knowledge.note.11111111-1111-4111-8111-111111111111" StaticText
    t =    58.77s Find the "knowledge.note.11111111-1111-4111-8111-111111111111" StaticText
    t =    58.84s Checking existence of `"适用条件" StaticText`
    t =    58.94s Checking existence of `"不包含" StaticText`
    t =    59.01s Find the Target Application 'space.go2china.VisePanda'
    t =    59.29s Added attachment named 'knowledge-zh-Hans-read'
    t =    59.32s Find the "knowledge.refresh" Button
    t =    59.43s Find the "knowledge.refresh" Button
    t =    59.55s Find the "knowledge.refresh" Button
    t =    59.86s Find the "knowledge.refresh" Button
    t =    60.25s Find the "knowledge.refresh" Button
    t =    60.47s Find the "knowledge.refresh" Button
    t =    60.60s Find the "knowledge.refresh" Button
    t =    60.70s Find the "knowledge.refresh" Button
    t =    60.83s Find the "knowledge.refresh" Button
    t =    60.92s Tap "knowledge.refresh" Button
    t =    60.92s     Wait for space.go2china.VisePanda to idle
    t =    60.93s     Find the "knowledge.refresh" Button
    t =    61.01s     Check for interrupting elements affecting "knowledge.refresh" Button
    t =    61.08s     Synthesize event
    t =    61.40s     Wait for space.go2china.VisePanda to idle
    t =    61.41s Waiting 20.0s for "knowledge.empty" StaticText to exist
    t =    62.43s     Checking `Expect predicate `existsNoRetry == 1` for object "knowledge.empty" StaticText`
    t =    62.43s         Checking existence of `"knowledge.empty" StaticText`
    t =    62.58s Checking existence of `"knowledge.note.11111111-1111-4111-8111-111111111111" StaticText`
    t =    62.66s Tap "knowledge.refresh" Button
    t =    62.66s     Wait for space.go2china.VisePanda to idle
    t =    62.67s     Find the "knowledge.refresh" Button
    t =    62.75s     Check for interrupting elements affecting "knowledge.refresh" Button
    t =    62.83s     Synthesize event
    t =    63.29s     Wait for space.go2china.VisePanda to idle
    t =    63.30s Waiting 20.0s for "knowledge.unavailable" StaticText to exist
    t =    64.33s     Checking `Expect predicate `existsNoRetry == 1` for object "knowledge.unavailable" StaticText`
    t =    64.34s         Checking existence of `"knowledge.unavailable" StaticText`
    t =    64.56s Checking existence of `"knowledge.note.11111111-1111-4111-8111-111111111111" StaticText`
    t =    64.69s Find the Target Application 'space.go2china.VisePanda'
    t =    65.21s Added attachment named 'knowledge-zh-Hans-disabled'
    t =    65.21s Terminate space.go2china.VisePanda:39354
    t =    66.22s Tear Down
Test Case '-[VisePandaUITests.NativeKnowledgeUITests testChineseRefreshCredentialsReadAndWithdraw]' passed (66.319 seconds).
Test Case '-[VisePandaUITests.NativeKnowledgeUITests testEnglishRefreshCredentialsReadAndWithdraw]' started.
    t =     0.00s Start Test at 2026-09-13 上午1:48:31.783
    t =     0.07s Set Up
    t =     0.08s Open space.go2china.VisePanda
    t =     0.08s     Launch space.go2china.VisePanda
2026-09-13 01:48:31.889 xcodebuild[38788:542393] [MT] IDELaunchParametersSnapshot: The operation couldn’t be completed. (DebuggerLLDB.DebuggerVersionStore.StoreError error 0.)
2026-09-13 01:48:31.889 xcodebuild[38788:542393] [MT] IDELaunchParametersSnapshot: no debugger version
    t =     1.16s         Setting up automation session
    t =     3.57s         Wait for space.go2china.VisePanda to idle
    t =     5.73s Tap "Profile" Button
    t =     5.73s     Wait for space.go2china.VisePanda to idle
    t =     5.75s     Find the "Profile" Button
    t =     6.40s     Check for interrupting elements affecting "Profile" Button
    t =     6.50s     Synthesize event
    t =     6.85s     Wait for space.go2china.VisePanda to idle
    t =     8.68s Waiting 2.0s for "Sign out" Button to exist
    t =     9.72s     Checking `Expect predicate `existsNoRetry == 1` for object "Sign out" Button`
    t =     9.72s         Checking existence of `"Sign out" Button`
    t =     9.91s Find the "Sign out" Button
    t =    10.04s Find the "Sign out" Button
    t =    10.16s Find the "Sign out" Button
    t =    10.29s Find the "Sign out" Button
    t =    10.42s Find the "Sign out" Button
    t =    10.55s Find the "Sign out" Button
    t =    10.68s Find the "Sign out" Button
    t =    10.82s Find the "Sign out" Button
    t =    10.96s Find the "Sign out" Button
    t =    11.10s Tap "Sign out" Button
    t =    11.10s     Wait for space.go2china.VisePanda to idle
    t =    11.11s     Find the "Sign out" Button
    t =    11.22s     Check for interrupting elements affecting "Sign out" Button
    t =    11.32s     Synthesize event
    t =    11.65s     Wait for space.go2china.VisePanda to idle
    t =    12.01s Waiting 10.0s for "native.login.email" TextField to exist
    t =    13.01s     Checking `Expect predicate `existsNoRetry == 1` for object "native.login.email" TextField`
    t =    13.01s         Checking existence of `"native.login.email" TextField`
    t =    13.18s Find the "native.login.email" TextField
    t =    13.36s Find the "native.login.email" TextField
    t =    13.55s Find the "native.login.email" TextField
    t =    13.72s Find the "native.login.email" TextField
    t =    13.88s Find the "native.login.email" TextField
    t =    14.05s Find the "native.login.email" TextField
    t =    14.24s Find the "native.login.email" TextField
    t =    14.39s Find the "native.login.email" TextField
    t =    14.54s Find the "native.login.email" TextField
    t =    14.67s Tap "native.login.email" TextField
    t =    14.67s     Wait for space.go2china.VisePanda to idle
    t =    14.68s     Find the "native.login.email" TextField
    t =    14.79s     Check for interrupting elements affecting "native.login.email" TextField
    t =    14.88s     Synthesize event
    t =    15.18s     Wait for space.go2china.VisePanda to idle
    t =    15.62s Type 'knowledge-ui@examp...' into "native.login.email" TextField
    t =    15.63s     Wait for space.go2china.VisePanda to idle
    t =    16.11s     Find the "native.login.email" TextField
    t =    16.47s     Check for interrupting elements affecting "native.login.email" TextField
    t =    16.63s     Synthesize event
    t =    17.27s     Wait for space.go2china.VisePanda to idle
    t =    17.28s Find the "native.login.password" SecureTextField
    t =    17.49s Find the "native.login.password" SecureTextField
    t =    17.69s Find the "native.login.password" SecureTextField
    t =    17.93s Find the "native.login.password" SecureTextField
    t =    18.17s Find the "native.login.password" SecureTextField
    t =    18.34s Find the "native.login.password" SecureTextField
    t =    18.52s Find the "native.login.password" SecureTextField
    t =    18.67s Find the "native.login.password" SecureTextField
    t =    18.83s Find the "native.login.password" SecureTextField
    t =    18.98s Tap "native.login.password" SecureTextField
    t =    18.98s     Wait for space.go2china.VisePanda to idle
    t =    18.99s     Find the "native.login.password" SecureTextField
    t =    19.12s     Check for interrupting elements affecting "native.login.password" SecureTextField
    t =    19.25s     Synthesize event
    t =    19.56s     Wait for space.go2china.VisePanda to idle
    t =    19.69s Type '<redacted>' into "native.login.password" SecureTextField
    t =    19.69s     Wait for space.go2china.VisePanda to idle
    t =    20.61s     Find the "native.login.password" SecureTextField
    t =    20.78s     Check for interrupting elements affecting "native.login.password" SecureTextField
    t =    20.92s     Synthesize event
    t =    21.38s     Wait for space.go2china.VisePanda to idle
    t =    21.39s Find the "native.login.submit" Button
    t =    21.59s Find the "native.login.submit" Button
    t =    21.77s Find the "native.login.submit" Button
    t =    21.99s Find the "native.login.submit" Button
    t =    22.19s Find the "native.login.submit" Button
    t =    22.36s Find the "native.login.submit" Button
    t =    22.51s Find the "native.login.submit" Button
    t =    22.66s Find the "native.login.submit" Button
    t =    22.81s Find the "native.login.submit" Button
    t =    22.96s Tap "native.login.submit" Button
    t =    22.96s     Wait for space.go2china.VisePanda to idle
    t =    22.97s     Find the "native.login.submit" Button
    t =    23.10s     Check for interrupting elements affecting "native.login.submit" Button
    t =    23.21s     Synthesize event
    t =    23.53s     Wait for space.go2china.VisePanda to idle
    t =    25.00s Checking `Expect predicate `label == "Session active"` for object "native.session.status" StaticText`
    t =    25.00s     Find the "native.session.status" StaticText
    t =    25.12s Waiting 20.0s for "Session active" StaticText to exist
    t =    26.16s     Checking `Expect predicate `existsNoRetry == 1` for object "Session active" StaticText`
    t =    26.16s         Checking existence of `"Session active" StaticText`
    t =    26.29s Tap "Explore" Button
    t =    26.29s     Wait for space.go2china.VisePanda to idle
    t =    26.29s     Find the "Explore" Button
    t =    26.41s     Check for interrupting elements affecting "safari" Button
    t =    26.51s     Synthesize event
    t =    26.82s     Wait for space.go2china.VisePanda to idle
    t =    28.62s Waiting 20.0s for "knowledge.empty" StaticText to exist
    t =    29.66s     Checking `Expect predicate `existsNoRetry == 1` for object "knowledge.empty" StaticText`
    t =    29.66s         Checking existence of `"knowledge.empty" StaticText`
    t =    29.74s Checking existence of `"knowledge.scene" Button`
    t =    29.79s Tap "knowledge.scene" Button
    t =    29.79s     Wait for space.go2china.VisePanda to idle
    t =    29.80s     Find the "knowledge.scene" Button
    t =    29.86s     Check for interrupting elements affecting "knowledge.scene" Button
    t =    29.93s     Synthesize event
    t =    30.24s     Wait for space.go2china.VisePanda to idle
    t =    30.59s Tap "Payment" Button
    t =    30.59s     Wait for space.go2china.VisePanda to idle
    t =    31.73s     Find the "Payment" Button
    t =    31.88s     Check for interrupting elements affecting "Payment" Button
    t =    31.99s     Synthesize event
    t =    32.34s     Wait for space.go2china.VisePanda to idle
    t =    33.87s Waiting 20.0s for "knowledge.note.11111111-1111-4111-8111-111111111111" StaticText to exist
    t =    34.92s     Checking `Expect predicate `existsNoRetry == 1` for object "knowledge.note.11111111-1111-4111-8111-111111111111" StaticText`
    t =    34.92s         Checking existence of `"knowledge.note.11111111-1111-4111-8111-111111111111" StaticText`
    t =    35.04s Find the "knowledge.note.11111111-1111-4111-8111-111111111111" StaticText
    t =    35.17s Find the "knowledge.note.11111111-1111-4111-8111-111111111111" StaticText
    t =    35.29s Find the "knowledge.note.11111111-1111-4111-8111-111111111111" StaticText
    t =    35.40s Find the "knowledge.note.11111111-1111-4111-8111-111111111111" StaticText
    t =    35.51s Find the "knowledge.note.11111111-1111-4111-8111-111111111111" StaticText
    t =    35.61s Find the "knowledge.note.11111111-1111-4111-8111-111111111111" StaticText
    t =    35.71s Find the "knowledge.note.11111111-1111-4111-8111-111111111111" StaticText
    t =    35.81s Find the "knowledge.note.11111111-1111-4111-8111-111111111111" StaticText
    t =    35.91s Find the "knowledge.note.11111111-1111-4111-8111-111111111111" StaticText
    t =    36.01s Find the "knowledge.note.11111111-1111-4111-8111-111111111111" StaticText
    t =    36.08s Checking existence of `"Applies when" StaticText`
    t =    36.15s Checking existence of `"Not covered" StaticText`
    t =    36.22s Find the Target Application 'space.go2china.VisePanda'
    t =    36.49s Added attachment named 'knowledge-en-read'
    t =    36.49s Find the "knowledge.refresh" Button
    t =    36.61s Find the "knowledge.refresh" Button
    t =    36.71s Find the "knowledge.refresh" Button
    t =    36.81s Find the "knowledge.refresh" Button
    t =    36.91s Find the "knowledge.refresh" Button
    t =    37.00s Find the "knowledge.refresh" Button
    t =    37.11s Find the "knowledge.refresh" Button
    t =    37.21s Find the "knowledge.refresh" Button
    t =    37.31s Find the "knowledge.refresh" Button
    t =    37.41s Tap "knowledge.refresh" Button
    t =    37.41s     Wait for space.go2china.VisePanda to idle
    t =    37.41s     Find the "knowledge.refresh" Button
    t =    37.48s     Check for interrupting elements affecting "knowledge.refresh" Button
    t =    37.56s     Synthesize event
    t =    37.87s     Wait for space.go2china.VisePanda to idle
    t =    38.36s Waiting 20.0s for "knowledge.empty" StaticText to exist
    t =    39.39s     Checking `Expect predicate `existsNoRetry == 1` for object "knowledge.empty" StaticText`
    t =    39.39s         Checking existence of `"knowledge.empty" StaticText`
    t =    39.51s Checking existence of `"knowledge.note.11111111-1111-4111-8111-111111111111" StaticText`
    t =    39.59s Tap "knowledge.refresh" Button
    t =    39.59s     Wait for space.go2china.VisePanda to idle
    t =    39.62s     Find the "knowledge.refresh" Button
    t =    39.72s     Check for interrupting elements affecting "knowledge.refresh" Button
    t =    39.78s     Synthesize event
    t =    40.09s     Wait for space.go2china.VisePanda to idle
    t =    40.10s Waiting 20.0s for "knowledge.unavailable" StaticText to exist
    t =    41.11s     Checking `Expect predicate `existsNoRetry == 1` for object "knowledge.unavailable" StaticText`
    t =    41.11s         Checking existence of `"knowledge.unavailable" StaticText`
    t =    41.16s Checking existence of `"knowledge.note.11111111-1111-4111-8111-111111111111" StaticText`
    t =    41.21s Find the Target Application 'space.go2china.VisePanda'
    t =    41.43s Added attachment named 'knowledge-en-disabled'
    t =    41.43s Terminate space.go2china.VisePanda:39463
    t =    42.53s Tear Down
Test Case '-[VisePandaUITests.NativeKnowledgeUITests testEnglishRefreshCredentialsReadAndWithdraw]' passed (42.571 seconds).
Test Suite 'NativeKnowledgeUITests' passed at 2026-09-13 上午1:49:14.354.
	 Executed 2 tests, with 0 failures (0 unexpected) in 108.890 (108.897) seconds
Test Suite 'VisePandaUITests.xctest' passed at 2026-09-13 上午1:49:14.355.
	 Executed 2 tests, with 0 failures (0 unexpected) in 108.890 (108.900) seconds
Test Suite 'Selected tests' passed at 2026-09-13 上午1:49:14.356.
	 Executed 2 tests, with 0 failures (0 unexpected) in 108.890 (108.906) seconds
2026-09-13 01:49:14.752 xcodebuild[38788:542393] [MT] IDETestOperationsObserverDebug: 229.978 elapsed -- Testing started completed.
2026-09-13 01:49:14.752 xcodebuild[38788:542393] [MT] IDETestOperationsObserverDebug: 0.000 sec, +0.000 sec -- start
2026-09-13 01:49:14.752 xcodebuild[38788:542393] [MT] IDETestOperationsObserverDebug: 229.978 sec, +229.978 sec -- end

Test session results, code coverage, and logs:
	/Users/jtcao/Library/Caches/visepanda/native-knowledge-merge-20260913/knowledge-final-1.xcresult

** TEST EXECUTE SUCCEEDED **

Testing started
