✔ full history replay rollback RPC exact prior body owner ACL and empty disabled defaults (7739.202542ms)
✔ complete preview consent independent rights publisher read search exact metadata save and unsave (963.615125ms)
✔ preview digest excludes TTL but binds exact body disclosures and reviewed revisions (789.301042ms)
✔ source reader authority is distinct from qualification and all independence fences survive J1 erasure (1401.91425ms)
✔ current registered-reader expiry revocation block and UUID probes deny before CAS with zero effects (1437.645792ms)
✔ original auth session epoch anonymous and malformed NULL guards precede any cleanup or CAS (2102.765917ms)
✔ exact byte idempotency absent abandon replay session fence and unknown outcome resolution (1055.827125ms)
✔ withdraw revoke disabled rollback deny old detail search saved and committed body replay (2952.671708ms)
✔ J1 withdrawal source physical deletion and reviewer account deletion preserve permanent denial tombstones (2882.066833ms)
✔ J2 remove appeal restore cannot revive publication or silently rebind old reference (1168.320417ms)
✔ rights/publisher revocation erasure and review deletion terminal forever under re-enrollment (4471.512041ms)
✔ scoped export includes authored foreign rights notes qualification receipts audits and metadata-only references (845.118ms)
✔ scoped deletion erases declaration all authored notes qualifications links while exact receipts remain sanitized (1076.2965ms)
✔ 100 plus sentinel on each retained export collection fails whole export without truncation (985.748625ms)
✔ ordered concurrent read publish withdraw erasure serialize or fail closed; retry cannot expose body (1613.959667ms)
ℹ tests 15
ℹ suites 0
ℹ pass 15
ℹ fail 0
ℹ cancelled 0
ℹ skipped 0
ℹ todo 0
ℹ duration_ms 31646.71075
