✔ full history replay rollback RPC exact prior body owner ACL and empty disabled defaults (7626.262542ms)
✔ complete preview consent independent rights publisher read search exact metadata save and unsave (913.573334ms)
✔ preview digest excludes TTL but binds exact body disclosures and reviewed revisions (775.090792ms)
✔ source reader authority is distinct from qualification and all independence fences survive J1 erasure (1407.86125ms)
✔ current registered-reader expiry revocation block and UUID probes deny before CAS with zero effects (1366.463ms)
✔ original auth session epoch anonymous and malformed NULL guards precede any cleanup or CAS (2004.195417ms)
✔ exact byte idempotency absent abandon replay session fence and unknown outcome resolution (986.4475ms)
✔ withdraw revoke disabled rollback deny old detail search saved and committed body replay (2680.26225ms)
✔ J1 withdrawal source physical deletion and reviewer account deletion preserve permanent denial tombstones (2622.568417ms)
✔ J2 remove appeal restore cannot revive publication or silently rebind old reference (1073.4475ms)
✔ rights/publisher revocation erasure and review deletion terminal forever under re-enrollment (4074.85125ms)
✔ scoped export includes authored foreign rights notes qualification receipts audits and metadata-only references (752.001417ms)
✔ scoped deletion erases declaration all authored notes qualifications links while exact receipts remain sanitized (1003.173833ms)
✔ 100 plus sentinel on each retained export collection fails whole export without truncation (900.843458ms)
✔ ordered concurrent read publish withdraw erasure serialize or fail closed; retry cannot expose body (1529.858791ms)
✔ rights rejection source J1 qualification revoke and owner inspection remain exact terminal metadata (1519.48175ms)
✔ ordinary 24k 10k original exactbytes supports escaped recovery outer above24k within49152 (862.157709ms)
✔ pagination 51 sentinel uses sorted final returned cursor and complete pages for own metadata and saved refs (785.725334ms)
✔ deterministic uncommitted withdrawal and J1 source erasure deny concurrent reads before commit then sanitized replay (2881.263ms)
ℹ tests 19
ℹ suites 0
ℹ pass 19
ℹ fail 0
ℹ cancelled 0
ℹ skipped 0
ℹ todo 0
ℹ duration_ms 35926.271417
