✔ full history replay rollback RPC exact prior body owner ACL and empty disabled defaults (8709.277542ms)
✔ complete preview consent independent rights publisher read search exact metadata save and unsave (985.543917ms)
✔ preview digest excludes TTL but binds exact body disclosures and reviewed revisions (913.843917ms)
✔ source reader authority is distinct from qualification and all independence fences survive J1 erasure (1555.579625ms)
✔ current registered-reader expiry revocation block and UUID probes deny before CAS with zero effects (1417.7625ms)
✔ original auth session epoch anonymous and malformed NULL guards precede any cleanup or CAS (2379.27325ms)
✔ exact byte idempotency absent abandon replay session fence and unknown outcome resolution (1151.76475ms)
✔ withdraw revoke disabled rollback deny old detail search saved and committed body replay (2961.302541ms)
✔ J1 withdrawal source physical deletion and reviewer account deletion preserve permanent denial tombstones (2706.865209ms)
✔ J2 remove appeal restore cannot revive publication or silently rebind old reference (1077.1165ms)
✔ rights/publisher revocation erasure and review deletion terminal forever under re-enrollment (4644.051667ms)
✔ scoped export includes authored foreign rights notes qualification receipts audits and metadata-only references (817.398083ms)
✔ scoped deletion erases declaration all authored notes qualifications links while exact receipts remain sanitized (1079.454291ms)
✔ 100 plus sentinel on each retained export collection fails whole export without truncation (988.759917ms)
✔ ordered concurrent read publish withdraw erasure serialize or fail closed; retry cannot expose body (1597.104209ms)
✔ rights rejection source J1 qualification revoke and owner inspection remain exact terminal metadata (1541.640666ms)
✔ ordinary 24k 10k original exactbytes supports escaped recovery outer above24k within49152 (857.577291ms)
✔ pagination 51 sentinel uses sorted final returned cursor and complete pages for own metadata and saved refs (770.091834ms)
✔ deterministic uncommitted withdrawal and J1 source erasure deny concurrent reads before commit then sanitized replay (2925.821833ms)
✔ legacy nullable benefit disclosure stays unknown and disclosure source changes invalidate consent permanently (876.317041ms)
✔ canonical place projection uses original lawful mapping and never leaks private Trip reference or writes plan (1121.880416ms)
ℹ tests 21
ℹ suites 0
ℹ pass 21
ℹ fail 0
ℹ cancelled 0
ℹ skipped 0
ℹ todo 0
ℹ duration_ms 41233.367625
