▶ coverage progress append-only full-chain owner exit SQL
  ✔ transactional migration rollback; old code/schema/RLS/ACL byte preservation (267.601083ms)
  ✔ RPC helpers/private schema/tables default revoke and RLS; separate owned fixture grant (432.857458ms)
  ✔ authority/epoch/reauth precede input/CAS/lookup and leave zero writes (846.666667ms)
  ✔ read-only full inventory includes retained/current/historical sessions and is bounded/paginated (1033.597958ms)
  ✔ complete closed preview; same-ID retry TTL; no nested snapshots; old/global collisions (435.10975ms)
  ✔ exact export bytes, last-page retry, ordered cursors, complete proof, own page inventory (892.559708ms)
  ✔ collector advance/cleanup and selected exit page advance invalidate source CAS without effects (471.892417ms)
  ✔ atomic selected erase, retained fences and own minimal receipt, no sweeping/source writes (562.820916ms)
  ✔ selected new page cleanup prevents same-ID export/page revival, retaining own bindings (403.892166ms)
  ✔ foreign/absent recover exact unknown and lock indistinguishability; owned mismatches reject (396.8655ms)
  ✔ historical collector metadata available under new current session; old business cannot resume (295.8475ms)
  ✔ TTL fixed, undecided nonrenewal, expired immutable receipt recovery, session/account cascade (2417.379083ms)
  ✔ capacity sentinel/selection/cursor/page counter limits and transactional erase fault rollback (728.699417ms)
  ✔ advisory/root/selected-row NOWAIT conflicts, real concurrent decisions serialize atomically (8073.434709ms)
  ✔ whole wrapper 1MB bound; metadata-only cursor source change; expired unselected no sweep (682.993625ms)
  ✔ actual SQL projections through sole TS closed decoder and export controller (SQL claims fixture) (630.324542ms)
  ✔ immutable minimal requests; own applied rollback only and default revoke on replay (426.107417ms)
✔ coverage progress append-only full-chain owner exit SQL (24924.28825ms)
ℹ tests 18
ℹ suites 0
ℹ pass 18
ℹ fail 0
ℹ cancelled 0
ℹ skipped 0
ℹ todo 0
ℹ duration_ms 24966.654583
