Command line invocation:
    /Applications/Xcode.app/Contents/Developer/usr/bin/xcodebuild test-without-building -xctestrun /Users/jtcao/Library/Caches/visepanda/grounded-ask-20260913/build/Build/Products/Grounded.xctestrun -destination "platform=iOS Simulator,id=EB511BC6-4141-40D3-A669-364E1CAA5167" -resultBundlePath /Users/jtcao/Library/Caches/visepanda/grounded-ask-20260913/native-ui-4.xcresult "-only-testing:VisePandaUITests/NativeAskUITests/testEnglishGroundedAnswerAndRelaunch" "-only-testing:VisePandaUITests/NativeAskUITests/testChineseGroundedAnswerAndRelaunch"

2026-09-13 04:23:50.155 xcodebuild[64128:868720] [MT] IDERunDestination: Supported platforms for the buildables in the current scheme is empty.
Writing result bundle at path:
	/Users/jtcao/Library/Caches/visepanda/grounded-ask-20260913/native-ui-4.xcresult

2026-09-13 04:23:50.161 xcodebuild[64128:868720] [MT] IDERunDestination: Supported platforms for the buildables in the current scheme is empty.
2026-09-13 04:23:51.525 xcodebuild[64128:868720] [MT] IDERunDestination: Supported platforms for the buildables in the current scheme is empty.
2026-09-13 04:23:51.850 xcodebuild[64128:868720] [MT] IDERunDestination: Supported platforms for the buildables in the current scheme is empty.
2026-09-13 04:23:55.522663+0800 VisePandaUITests-Runner[64134:869018] [Default] Running tests...
    t =      nans Interface orientation changed to Portrait
Test Suite 'Selected tests' started at 2026-09-13 上午4:23:56.111.
Test Suite 'VisePandaUITests.xctest' started at 2026-09-13 上午4:23:56.111.
Test Suite 'NativeAskUITests' started at 2026-09-13 上午4:23:56.111.
Test Case '-[VisePandaUITests.NativeAskUITests testChineseGroundedAnswerAndRelaunch]' started.
    t =     0.01s Start Test at 2026-09-13 上午4:23:56.119
objc[64134]: Class UIAccessibilityLoaderWebShared is implemented in both /Library/Developer/CoreSimulator/Volumes/iOS_23F77/Library/Developer/CoreSimulator/Profiles/Runtimes/iOS 26.5.simruntime/Contents/Resources/RuntimeRoot/System/Library/AccessibilityBundles/WebCore.axbundle/WebCore (0x106ca4310) and /Library/Developer/CoreSimulator/Volumes/iOS_23F77/Library/Developer/CoreSimulator/Profiles/Runtimes/iOS 26.5.simruntime/Contents/Resources/RuntimeRoot/System/Library/AccessibilityBundles/WebKit.axbundle/WebKit (0x106cd8398). This may cause spurious casting failures and mysterious crashes. One of the duplicates must be removed or renamed.
    t =     0.20s Set Up
    t =     0.20s Open space.go2china.VisePanda
    t =     0.20s     Launch space.go2china.VisePanda
    t =     0.20s         Terminate space.go2china.VisePanda:63713
2026-09-13 04:23:57.599 xcodebuild[64128:868720] [MT] IDELaunchParametersSnapshot: The operation couldn’t be completed. (DebuggerLLDB.DebuggerVersionStore.StoreError error 0.)
2026-09-13 04:23:57.599 xcodebuild[64128:868720] [MT] IDELaunchParametersSnapshot: no debugger version
    t =     2.12s         Setting up automation session
    t =     2.74s         Wait for space.go2china.VisePanda to idle
    t =     4.43s Tap "我的" Button
    t =     4.43s     Wait for space.go2china.VisePanda to idle
    t =     4.43s     Find the "我的" Button
    t =     4.54s     Check for interrupting elements affecting "我的" Button
    t =     4.58s     Synthesize event
    t =     4.97s     Wait for space.go2china.VisePanda to idle
    t =     6.62s Waiting 2.0s for "退出登录" Button to exist
    t =     7.70s     Checking `Expect predicate `existsNoRetry == 1` for object "退出登录" Button`
    t =     7.70s         Checking existence of `"退出登录" Button`
    t =     7.79s         Capturing element debug description
    t =     8.63s     Checking `Expect predicate `existsNoRetry == 1` for object "退出登录" Button`
    t =     8.63s         Checking existence of `"退出登录" Button`
    t =     8.69s         Capturing element debug description
    t =     8.69s     Checking existence of `"退出登录" Button`
    t =     8.73s Collecting debug information to assist test failure triage
    t =     8.73s     Requesting snapshot of accessibility hierarchy for app with pid 64160
    t =     8.79s Waiting 15.0s for "native.login.email" TextField to exist
    t =     9.86s     Checking `Expect predicate `existsNoRetry == 1` for object "native.login.email" TextField`
    t =     9.86s         Checking existence of `"native.login.email" TextField`
    t =     9.92s Find the "native.login.email" TextField
    t =     9.97s Find the "native.login.email" TextField
    t =    10.01s Find the "native.login.email" TextField
    t =    10.05s Find the "native.login.email" TextField
    t =    10.09s Find the "native.login.email" TextField
    t =    10.13s Find the "native.login.email" TextField
    t =    10.17s Find the "native.login.email" TextField
    t =    10.21s Find the "native.login.email" TextField
    t =    10.25s Find the "native.login.email" TextField
    t =    10.29s Find the "native.login.email" TextField
    t =    10.33s Find the "native.login.email" TextField
    t =    10.37s Find the "native.login.email" TextField
    t =    10.41s Find the "native.login.email" TextField
    t =    10.45s Tap "native.login.email" TextField
    t =    10.45s     Wait for space.go2china.VisePanda to idle
    t =    10.45s     Find the "native.login.email" TextField
    t =    10.48s     Check for interrupting elements affecting "native.login.email" TextField
    t =    10.51s     Synthesize event
    t =    10.81s     Wait for space.go2china.VisePanda to idle
    t =    11.00s Type 'vpj07-ui-zh-89e6bd...' into "native.login.email" TextField
    t =    11.00s     Wait for space.go2china.VisePanda to idle
    t =    11.00s     Find the "native.login.email" TextField
    t =    11.06s     Check for interrupting elements affecting "native.login.email" TextField
    t =    11.09s     Synthesize event
    t =    12.33s     Wait for space.go2china.VisePanda to idle
    t =    12.34s Find the "native.login.password" SecureTextField
    t =    12.41s Find the "native.login.password" SecureTextField
    t =    12.47s Find the "native.login.password" SecureTextField
    t =    12.52s Find the "native.login.password" SecureTextField
    t =    12.57s Find the "native.login.password" SecureTextField
    t =    12.63s Find the "native.login.password" SecureTextField
    t =    12.68s Find the "native.login.password" SecureTextField
    t =    12.73s Find the "native.login.password" SecureTextField
    t =    12.78s Find the "native.login.password" SecureTextField
    t =    12.83s Find the "native.login.password" SecureTextField
    t =    12.88s Find the "native.login.password" SecureTextField
    t =    12.93s Find the "native.login.password" SecureTextField
    t =    12.98s Find the "native.login.password" SecureTextField
    t =    13.03s Tap "native.login.password" SecureTextField
    t =    13.03s     Wait for space.go2china.VisePanda to idle
    t =    13.03s     Find the "native.login.password" SecureTextField
    t =    13.07s     Check for interrupting elements affecting "native.login.password" SecureTextField
    t =    13.11s     Synthesize event
    t =    13.41s     Wait for space.go2china.VisePanda to idle
    t =    13.95s Type 'VPJ07-Local-Synthe...' into "native.login.password" SecureTextField
    t =    13.95s     Wait for space.go2china.VisePanda to idle
    t =    13.96s     Find the "native.login.password" SecureTextField
    t =    14.02s     Check for interrupting elements affecting "native.login.password" SecureTextField
    t =    14.06s     Synthesize event
    t =    14.79s     Wait for space.go2china.VisePanda to idle
    t =    15.19s Find the "native.login.submit" Button
    t =    15.27s Find the "native.login.submit" Button
    t =    15.32s Find the "native.login.submit" Button
    t =    15.37s Find the "native.login.submit" Button
    t =    15.43s Find the "native.login.submit" Button
    t =    15.48s Find the "native.login.submit" Button
    t =    15.53s Find the "native.login.submit" Button
    t =    15.58s Find the "native.login.submit" Button
    t =    15.63s Find the "native.login.submit" Button
    t =    15.68s Find the "native.login.submit" Button
    t =    15.73s Find the "native.login.submit" Button
    t =    15.78s Find the "native.login.submit" Button
    t =    15.83s Find the "native.login.submit" Button
    t =    15.88s Tap "native.login.submit" Button
    t =    15.88s     Wait for space.go2china.VisePanda to idle
    t =    15.88s     Find the "native.login.submit" Button
    t =    15.93s     Check for interrupting elements affecting "native.login.submit" Button
    t =    15.96s     Synthesize event
    t =    16.26s     Wait for space.go2china.VisePanda to idle
    t =    18.48s Checking `Expect predicate `label == "会话有效"` for object "native.session.status" StaticText`
    t =    18.48s     Find the "native.session.status" StaticText
    t =    18.56s Tap "问熊猫" Button
    t =    18.56s     Wait for space.go2china.VisePanda to idle
    t =    18.56s     Find the "问熊猫" Button
    t =    18.60s     Check for interrupting elements affecting "sparkles" Button
    t =    18.63s     Synthesize event
    t =    18.93s     Wait for space.go2china.VisePanda to idle
    t =    20.25s Waiting 20.0s for "native-ask.agree" Switch to exist
    t =    21.33s     Checking `Expect predicate `existsNoRetry == 1` for object "native-ask.agree" Switch`
    t =    21.33s         Checking existence of `"native-ask.agree" Switch`
    t =    21.39s Find the "native-ask.agree" Switch
    t =    21.43s Find the "native-ask.agree" Switch
    t =    21.48s Find the "native-ask.agree" Switch
    t =    21.52s Find the "native-ask.agree" Switch
    t =    21.56s Find the "native-ask.agree" Switch
    t =    21.60s Find the "native-ask.agree" Switch
    t =    21.64s Find the "native-ask.agree" Switch
    t =    21.67s Find the "native-ask.agree" Switch
    t =    21.71s Find the "native-ask.agree" Switch
    t =    21.75s Find the "native-ask.agree" Switch
    t =    21.78s Find the "native-ask.agree" Switch
    t =    21.82s Find the "native-ask.agree" Switch
    t =    21.85s Find the "native-ask.agree" Switch
    t =    21.89s Checking existence of `"native-ask.notice" StaticText`
    t =    21.92s Find the Target Application 'space.go2china.VisePanda'
    t =    22.03s Added attachment named 'Native-Ask-notice-zh-Hans'
    t =    22.03s Tap "native-ask.agree" Switch
    t =    22.03s     Wait for space.go2china.VisePanda to idle
    t =    22.04s     Find the "native-ask.agree" Switch
    t =    22.06s     Check for interrupting elements affecting "native-ask.agree" Switch
    t =    22.09s     Synthesize event
    t =    22.38s     Wait for space.go2china.VisePanda to idle
    t =    23.67s Find the "native-ask.accept" Button
    t =    23.74s Find the "native-ask.accept" Button
    t =    23.78s Find the "native-ask.accept" Button
    t =    23.82s Find the "native-ask.accept" Button
    t =    23.86s Find the "native-ask.accept" Button
    t =    23.90s Find the "native-ask.accept" Button
    t =    23.93s Find the "native-ask.accept" Button
    t =    23.98s Find the "native-ask.accept" Button
    t =    24.02s Find the "native-ask.accept" Button
    t =    24.05s Find the "native-ask.accept" Button
    t =    24.09s Find the "native-ask.accept" Button
    t =    24.12s Find the "native-ask.accept" Button
    t =    24.16s Find the "native-ask.accept" Button
    t =    24.20s Tap "native-ask.accept" Button
    t =    24.20s     Wait for space.go2china.VisePanda to idle
    t =    24.20s     Find the "native-ask.accept" Button
    t =    24.23s     Check for interrupting elements affecting "native-ask.accept" Button
    t =    24.25s     Synthesize event
    t =    24.54s     Wait for space.go2china.VisePanda to idle
    t =    24.54s Waiting 20.0s for "native-ask.input" Any to exist
    t =    25.62s     Checking `Expect predicate `existsNoRetry == 1` for object "native-ask.input" Any`
    t =    25.62s         Checking existence of `"native-ask.input" Any`
    t =    25.72s Find the "native-ask.input" Any
    t =    25.79s Find the "native-ask.input" TextField
    t =    25.86s Find the "native-ask.input" TextField
    t =    25.92s Find the "native-ask.input" TextField
    t =    25.99s Find the "native-ask.input" TextField
    t =    26.06s Find the "native-ask.input" TextField
    t =    26.13s Find the "native-ask.input" TextField
    t =    26.21s Find the "native-ask.input" TextField
    t =    26.28s Find the "native-ask.input" TextField
    t =    26.34s Find the "native-ask.input" TextField
    t =    26.41s Find the "native-ask.input" TextField
    t =    26.47s Find the "native-ask.input" TextField
    t =    26.54s Find the "native-ask.input" TextField
    t =    26.61s Tap "native-ask.input" TextField
    t =    26.61s     Wait for space.go2china.VisePanda to idle
    t =    26.61s     Find the "native-ask.input" TextField
    t =    26.67s     Check for interrupting elements affecting "native-ask.input" TextField
    t =    26.71s     Synthesize event
    t =    27.00s     Wait for space.go2china.VisePanda to idle
    t =    27.48s Type '中文合成请求' into "native-ask.input" TextField
    t =    27.48s     Wait for space.go2china.VisePanda to idle
    t =    27.49s     Find the "native-ask.input" TextField
    t =    27.62s     Check for interrupting elements affecting "native-ask.input" TextField
    t =    27.67s     Synthesize event
    t =    27.97s     Wait for space.go2china.VisePanda to idle
    t =    28.57s Tap "native-ask.send" Button
    t =    28.57s     Wait for space.go2china.VisePanda to idle
    t =    28.58s     Find the "native-ask.send" Button
    t =    28.67s     Check for interrupting elements affecting "native-ask.send" Button
    t =    28.72s     Synthesize event
    t =    29.01s     Wait for space.go2china.VisePanda to idle
    t =    29.82s Waiting 30.0s for StaticText (First Match) to exist
    t =    30.88s     Checking `Expect predicate `existsNoRetry == 1` for object StaticText (First Match)`
    t =    30.88s         Checking existence of `StaticText (First Match)`
    t =    30.97s Find the StaticText (First Match)
    t =    31.04s Swipe up Target Application 'space.go2china.VisePanda'
    t =    31.04s     Wait for space.go2china.VisePanda to idle
    t =    31.04s     Find the Target Application 'space.go2china.VisePanda'
    t =    31.10s     Check for interrupting elements affecting "VisePanda" Application
    t =    31.16s     Synthesize event
    t =    31.58s     Wait for space.go2china.VisePanda to idle
    t =    34.45s Find the "knowledge.note.19b23195-55b0-4a9e-9a71-09054f183015" StaticText
    t =    34.53s Find the "knowledge.note.19b23195-55b0-4a9e-9a71-09054f183015" StaticText
    t =    34.61s Find the "knowledge.note.19b23195-55b0-4a9e-9a71-09054f183015" StaticText
    t =    34.69s Find the "knowledge.note.19b23195-55b0-4a9e-9a71-09054f183015" StaticText
    t =    34.78s Find the "knowledge.note.19b23195-55b0-4a9e-9a71-09054f183015" StaticText
    t =    34.86s Find the "knowledge.note.19b23195-55b0-4a9e-9a71-09054f183015" StaticText
    t =    34.93s Find the "knowledge.note.19b23195-55b0-4a9e-9a71-09054f183015" StaticText
    t =    35.00s Find the "knowledge.note.19b23195-55b0-4a9e-9a71-09054f183015" StaticText
    t =    35.07s Find the "knowledge.note.19b23195-55b0-4a9e-9a71-09054f183015" StaticText
    t =    35.13s Find the "knowledge.note.19b23195-55b0-4a9e-9a71-09054f183015" StaticText
    t =    35.20s Find the "knowledge.note.19b23195-55b0-4a9e-9a71-09054f183015" StaticText
    t =    35.26s Find the "knowledge.note.19b23195-55b0-4a9e-9a71-09054f183015" StaticText
    t =    35.33s Find the "knowledge.note.19b23195-55b0-4a9e-9a71-09054f183015" StaticText
    t =    35.38s Find the "knowledge.note.19b23195-55b0-4a9e-9a71-09054f183015" StaticText
    t =    35.43s Find the Target Application 'space.go2china.VisePanda'
    t =    35.58s Added attachment named 'Grounded-answer-zh-Hans'
    t =    35.58s Terminate space.go2china.VisePanda:64160
    t =    36.68s Open space.go2china.VisePanda
    t =    36.68s     Launch space.go2china.VisePanda
2026-09-13 04:24:32.791 xcodebuild[64128:868720] [MT] IDELaunchParametersSnapshot: The operation couldn’t be completed. (DebuggerLLDB.DebuggerVersionStore.StoreError error 0.)
2026-09-13 04:24:32.791 xcodebuild[64128:868720] [MT] IDELaunchParametersSnapshot: no debugger version
    t =    36.91s         Setting up automation session
    t =    37.62s         Wait for space.go2china.VisePanda to idle
    t =    39.09s Waiting 30.0s for "knowledge.note.19b23195-55b0-4a9e-9a71-09054f183015" StaticText to exist
    t =    40.16s     Checking `Expect predicate `existsNoRetry == 1` for object "knowledge.note.19b23195-55b0-4a9e-9a71-09054f183015" StaticText`
    t =    40.17s         Checking existence of `"knowledge.note.19b23195-55b0-4a9e-9a71-09054f183015" StaticText`
    t =    40.34s Find the "knowledge.note.19b23195-55b0-4a9e-9a71-09054f183015" StaticText
    t =    40.42s Swipe up Target Application 'space.go2china.VisePanda'
    t =    40.42s     Wait for space.go2china.VisePanda to idle
    t =    40.42s     Find the Target Application 'space.go2china.VisePanda'
    t =    40.48s     Check for interrupting elements affecting "VisePanda" Application
    t =    40.53s     Synthesize event
    t =    40.95s     Wait for space.go2china.VisePanda to idle
    t =    43.10s Find the "knowledge.note.19b23195-55b0-4a9e-9a71-09054f183015" StaticText
    t =    43.22s Find the "knowledge.note.19b23195-55b0-4a9e-9a71-09054f183015" StaticText
    t =    43.31s Find the "knowledge.note.19b23195-55b0-4a9e-9a71-09054f183015" StaticText
    t =    43.40s Find the "knowledge.note.19b23195-55b0-4a9e-9a71-09054f183015" StaticText
    t =    43.49s Find the "knowledge.note.19b23195-55b0-4a9e-9a71-09054f183015" StaticText
    t =    43.57s Find the "knowledge.note.19b23195-55b0-4a9e-9a71-09054f183015" StaticText
    t =    43.66s Find the "knowledge.note.19b23195-55b0-4a9e-9a71-09054f183015" StaticText
    t =    43.75s Find the "knowledge.note.19b23195-55b0-4a9e-9a71-09054f183015" StaticText
    t =    43.84s Find the "knowledge.note.19b23195-55b0-4a9e-9a71-09054f183015" StaticText
    t =    43.92s Find the "knowledge.note.19b23195-55b0-4a9e-9a71-09054f183015" StaticText
    t =    44.01s Find the "knowledge.note.19b23195-55b0-4a9e-9a71-09054f183015" StaticText
    t =    44.10s Find the "knowledge.note.19b23195-55b0-4a9e-9a71-09054f183015" StaticText
    t =    44.18s Find the "knowledge.note.19b23195-55b0-4a9e-9a71-09054f183015" StaticText
    t =    44.25s Checking existence of `StaticText (First Match)`
    t =    44.35s Find the Target Application 'space.go2china.VisePanda'
    t =    44.50s Added attachment named 'Grounded-recovered-zh-Hans'
    t =    44.50s Find the "knowledge.note.19b23195-55b0-4a9e-9a71-09054f183015" StaticText
    t =    44.58s Checking existence of `"knowledge.note.19b23195-55b0-4a9e-9a71-09054f183015" StaticText`
    t =    44.65s Find the "knowledge.note.19b23195-55b0-4a9e-9a71-09054f183015" StaticText
    t =    45.23s Checking existence of `"knowledge.note.19b23195-55b0-4a9e-9a71-09054f183015" StaticText`
    t =    45.32s Find the "knowledge.note.19b23195-55b0-4a9e-9a71-09054f183015" StaticText
    t =    45.90s Checking existence of `"knowledge.note.19b23195-55b0-4a9e-9a71-09054f183015" StaticText`
    t =    46.00s Find the "knowledge.note.19b23195-55b0-4a9e-9a71-09054f183015" StaticText
    t =    46.58s Checking existence of `"knowledge.note.19b23195-55b0-4a9e-9a71-09054f183015" StaticText`
    t =    46.68s Find the "knowledge.note.19b23195-55b0-4a9e-9a71-09054f183015" StaticText
    t =    47.26s Checking existence of `"knowledge.note.19b23195-55b0-4a9e-9a71-09054f183015" StaticText`
    t =    47.36s Find the "knowledge.note.19b23195-55b0-4a9e-9a71-09054f183015" StaticText
    t =    47.95s Checking existence of `"knowledge.note.19b23195-55b0-4a9e-9a71-09054f183015" StaticText`
    t =    48.05s Find the "knowledge.note.19b23195-55b0-4a9e-9a71-09054f183015" StaticText
    t =    48.65s Checking existence of `"knowledge.note.19b23195-55b0-4a9e-9a71-09054f183015" StaticText`
    t =    48.75s Find the "knowledge.note.19b23195-55b0-4a9e-9a71-09054f183015" StaticText
    t =    49.33s Checking existence of `"knowledge.note.19b23195-55b0-4a9e-9a71-09054f183015" StaticText`
    t =    49.42s Find the "knowledge.note.19b23195-55b0-4a9e-9a71-09054f183015" StaticText
    t =    50.01s Checking existence of `"knowledge.note.19b23195-55b0-4a9e-9a71-09054f183015" StaticText`
    t =    50.11s Find the "knowledge.note.19b23195-55b0-4a9e-9a71-09054f183015" StaticText
    t =    50.70s Checking existence of `"knowledge.note.19b23195-55b0-4a9e-9a71-09054f183015" StaticText`
    t =    50.80s Find the "knowledge.note.19b23195-55b0-4a9e-9a71-09054f183015" StaticText
    t =    51.39s Checking existence of `"knowledge.note.19b23195-55b0-4a9e-9a71-09054f183015" StaticText`
    t =    51.49s Find the "knowledge.note.19b23195-55b0-4a9e-9a71-09054f183015" StaticText
    t =    52.08s Checking existence of `"knowledge.note.19b23195-55b0-4a9e-9a71-09054f183015" StaticText`
    t =    52.18s Find the "knowledge.note.19b23195-55b0-4a9e-9a71-09054f183015" StaticText
    t =    52.76s Checking existence of `"knowledge.note.19b23195-55b0-4a9e-9a71-09054f183015" StaticText`
    t =    52.87s Find the "knowledge.note.19b23195-55b0-4a9e-9a71-09054f183015" StaticText
    t =    53.46s Checking existence of `"knowledge.note.19b23195-55b0-4a9e-9a71-09054f183015" StaticText`
    t =    53.56s Find the "knowledge.note.19b23195-55b0-4a9e-9a71-09054f183015" StaticText
    t =    54.14s Checking existence of `"knowledge.note.19b23195-55b0-4a9e-9a71-09054f183015" StaticText`
    t =    54.24s Find the "knowledge.note.19b23195-55b0-4a9e-9a71-09054f183015" StaticText
    t =    54.83s Checking existence of `"knowledge.note.19b23195-55b0-4a9e-9a71-09054f183015" StaticText`
    t =    54.92s Find the "knowledge.note.19b23195-55b0-4a9e-9a71-09054f183015" StaticText
    t =    55.58s Checking existence of `"knowledge.note.19b23195-55b0-4a9e-9a71-09054f183015" StaticText`
    t =    55.68s Find the "knowledge.note.19b23195-55b0-4a9e-9a71-09054f183015" StaticText
    t =    56.26s Checking existence of `"knowledge.note.19b23195-55b0-4a9e-9a71-09054f183015" StaticText`
    t =    56.37s Find the "knowledge.note.19b23195-55b0-4a9e-9a71-09054f183015" StaticText
    t =    56.97s Checking existence of `"knowledge.note.19b23195-55b0-4a9e-9a71-09054f183015" StaticText`
    t =    57.07s Find the "knowledge.note.19b23195-55b0-4a9e-9a71-09054f183015" StaticText
    t =    57.66s Checking existence of `"knowledge.note.19b23195-55b0-4a9e-9a71-09054f183015" StaticText`
    t =    57.76s Find the "knowledge.note.19b23195-55b0-4a9e-9a71-09054f183015" StaticText
    t =    58.34s Checking existence of `"knowledge.note.19b23195-55b0-4a9e-9a71-09054f183015" StaticText`
    t =    58.44s Find the "knowledge.note.19b23195-55b0-4a9e-9a71-09054f183015" StaticText
    t =    59.02s Checking existence of `"knowledge.note.19b23195-55b0-4a9e-9a71-09054f183015" StaticText`
    t =    59.11s Find the "knowledge.note.19b23195-55b0-4a9e-9a71-09054f183015" StaticText
    t =    59.70s Checking existence of `"knowledge.note.19b23195-55b0-4a9e-9a71-09054f183015" StaticText`
    t =    59.79s Find the "knowledge.note.19b23195-55b0-4a9e-9a71-09054f183015" StaticText
    t =    60.38s Checking existence of `"knowledge.note.19b23195-55b0-4a9e-9a71-09054f183015" StaticText`
    t =    60.48s Find the "knowledge.note.19b23195-55b0-4a9e-9a71-09054f183015" StaticText
    t =    61.07s Checking existence of `"knowledge.note.19b23195-55b0-4a9e-9a71-09054f183015" StaticText`
    t =    61.17s Find the "knowledge.note.19b23195-55b0-4a9e-9a71-09054f183015" StaticText
    t =    61.76s Checking existence of `"knowledge.note.19b23195-55b0-4a9e-9a71-09054f183015" StaticText`
    t =    61.86s Find the "knowledge.note.19b23195-55b0-4a9e-9a71-09054f183015" StaticText
    t =    62.44s Checking existence of `"knowledge.note.19b23195-55b0-4a9e-9a71-09054f183015" StaticText`
    t =    62.54s Find the "knowledge.note.19b23195-55b0-4a9e-9a71-09054f183015" StaticText
    t =    63.12s Checking existence of `"knowledge.note.19b23195-55b0-4a9e-9a71-09054f183015" StaticText`
    t =    63.22s Find the "knowledge.note.19b23195-55b0-4a9e-9a71-09054f183015" StaticText
    t =    63.81s Checking existence of `"knowledge.note.19b23195-55b0-4a9e-9a71-09054f183015" StaticText`
    t =    63.92s Find the "knowledge.note.19b23195-55b0-4a9e-9a71-09054f183015" StaticText
    t =    64.51s Checking existence of `"knowledge.note.19b23195-55b0-4a9e-9a71-09054f183015" StaticText`
    t =    64.61s Find the "knowledge.note.19b23195-55b0-4a9e-9a71-09054f183015" StaticText
    t =    65.20s Checking existence of `"knowledge.note.19b23195-55b0-4a9e-9a71-09054f183015" StaticText`
    t =    65.30s Find the "knowledge.note.19b23195-55b0-4a9e-9a71-09054f183015" StaticText
    t =    65.89s Checking existence of `"knowledge.note.19b23195-55b0-4a9e-9a71-09054f183015" StaticText`
    t =    65.99s Find the "knowledge.note.19b23195-55b0-4a9e-9a71-09054f183015" StaticText
    t =    66.58s Checking existence of `"knowledge.note.19b23195-55b0-4a9e-9a71-09054f183015" StaticText`
    t =    66.68s Find the "knowledge.note.19b23195-55b0-4a9e-9a71-09054f183015" StaticText
    t =    67.26s Checking existence of `"knowledge.note.19b23195-55b0-4a9e-9a71-09054f183015" StaticText`
    t =    67.36s Find the "knowledge.note.19b23195-55b0-4a9e-9a71-09054f183015" StaticText
    t =    67.94s Checking existence of `"knowledge.note.19b23195-55b0-4a9e-9a71-09054f183015" StaticText`
    t =    68.04s Find the "knowledge.note.19b23195-55b0-4a9e-9a71-09054f183015" StaticText
    t =    68.64s Checking existence of `"knowledge.note.19b23195-55b0-4a9e-9a71-09054f183015" StaticText`
    t =    68.74s Find the "knowledge.note.19b23195-55b0-4a9e-9a71-09054f183015" StaticText
    t =    69.32s Checking existence of `"knowledge.note.19b23195-55b0-4a9e-9a71-09054f183015" StaticText`
    t =    69.42s Find the "knowledge.note.19b23195-55b0-4a9e-9a71-09054f183015" StaticText
    t =    70.03s Checking existence of `"knowledge.note.19b23195-55b0-4a9e-9a71-09054f183015" StaticText`
    t =    70.12s Find the "knowledge.note.19b23195-55b0-4a9e-9a71-09054f183015" StaticText
    t =    70.71s Checking existence of `"knowledge.note.19b23195-55b0-4a9e-9a71-09054f183015" StaticText`
    t =    70.81s Find the "knowledge.note.19b23195-55b0-4a9e-9a71-09054f183015" StaticText
    t =    71.40s Checking existence of `"knowledge.note.19b23195-55b0-4a9e-9a71-09054f183015" StaticText`
    t =    71.50s Find the "knowledge.note.19b23195-55b0-4a9e-9a71-09054f183015" StaticText
    t =    72.10s Checking existence of `"knowledge.note.19b23195-55b0-4a9e-9a71-09054f183015" StaticText`
    t =    72.20s Find the "knowledge.note.19b23195-55b0-4a9e-9a71-09054f183015" StaticText
    t =    72.79s Checking existence of `"knowledge.note.19b23195-55b0-4a9e-9a71-09054f183015" StaticText`
    t =    72.89s Find the "knowledge.note.19b23195-55b0-4a9e-9a71-09054f183015" StaticText
    t =    73.47s Checking existence of `"knowledge.note.19b23195-55b0-4a9e-9a71-09054f183015" StaticText`
    t =    73.57s Find the "knowledge.note.19b23195-55b0-4a9e-9a71-09054f183015" StaticText
    t =    74.16s Checking existence of `"knowledge.note.19b23195-55b0-4a9e-9a71-09054f183015" StaticText`
    t =    74.26s Find the "knowledge.note.19b23195-55b0-4a9e-9a71-09054f183015" StaticText
    t =    74.84s Checking existence of `"knowledge.note.19b23195-55b0-4a9e-9a71-09054f183015" StaticText`
    t =    74.92s Find the "knowledge.note.19b23195-55b0-4a9e-9a71-09054f183015" StaticText
    t =    75.50s Checking existence of `"knowledge.note.19b23195-55b0-4a9e-9a71-09054f183015" StaticText`
    t =    75.58s Find the "knowledge.note.19b23195-55b0-4a9e-9a71-09054f183015" StaticText
    t =    76.17s Checking existence of `"knowledge.note.19b23195-55b0-4a9e-9a71-09054f183015" StaticText`
    t =    76.27s Find the "knowledge.note.19b23195-55b0-4a9e-9a71-09054f183015" StaticText
    t =    76.85s Checking existence of `"knowledge.note.19b23195-55b0-4a9e-9a71-09054f183015" StaticText`
    t =    76.96s Find the "knowledge.note.19b23195-55b0-4a9e-9a71-09054f183015" StaticText
    t =    77.54s Checking existence of `"knowledge.note.19b23195-55b0-4a9e-9a71-09054f183015" StaticText`
    t =    77.64s Find the "knowledge.note.19b23195-55b0-4a9e-9a71-09054f183015" StaticText
    t =    78.23s Checking existence of `"knowledge.note.19b23195-55b0-4a9e-9a71-09054f183015" StaticText`
    t =    78.33s Find the "knowledge.note.19b23195-55b0-4a9e-9a71-09054f183015" StaticText
    t =    78.91s Checking existence of `"knowledge.note.19b23195-55b0-4a9e-9a71-09054f183015" StaticText`
    t =    79.01s Find the "knowledge.note.19b23195-55b0-4a9e-9a71-09054f183015" StaticText
    t =    79.59s Checking existence of `"knowledge.note.19b23195-55b0-4a9e-9a71-09054f183015" StaticText`
    t =    79.70s Find the "knowledge.note.19b23195-55b0-4a9e-9a71-09054f183015" StaticText
    t =    80.29s Checking existence of `"knowledge.note.19b23195-55b0-4a9e-9a71-09054f183015" StaticText`
    t =    80.39s Find the "knowledge.note.19b23195-55b0-4a9e-9a71-09054f183015" StaticText
    t =    80.98s Waiting 10.0s for "knowledge.note.19b23195-55b0-4a9e-9a71-09054f183015" StaticText to exist
    t =    82.01s     Checking `Expect predicate `existsNoRetry == 1` for object "knowledge.note.19b23195-55b0-4a9e-9a71-09054f183015" StaticText`
    t =    82.01s         Checking existence of `"knowledge.note.19b23195-55b0-4a9e-9a71-09054f183015" StaticText`
    t =    82.12s Find the "knowledge.note.19b23195-55b0-4a9e-9a71-09054f183015" StaticText
    t =    82.19s Find the Target Application 'space.go2china.VisePanda'
    t =    82.35s Added attachment named 'Grounded-reading-refresh-zh-Hans'
    t =    82.35s Tap "我的" Button
    t =    82.35s     Wait for space.go2china.VisePanda to idle
    t =    82.36s     Find the "我的" Button
    t =    82.43s     Check for interrupting elements affecting "我的" Button
    t =    82.49s     Synthesize event
    t =    82.77s     Wait for space.go2china.VisePanda to idle
    t =    84.22s Checking existence of `"knowledge.note.19b23195-55b0-4a9e-9a71-09054f183015" StaticText`
    t =    84.31s Tap "问熊猫" Button
    t =    84.31s     Wait for space.go2china.VisePanda to idle
    t =    84.31s     Find the "问熊猫" Button
    t =    84.35s     Check for interrupting elements affecting "问熊猫" Button
    t =    84.38s     Synthesize event
    t =    84.67s     Wait for space.go2china.VisePanda to idle
    t =    85.95s Waiting 30.0s for "knowledge.note.19b23195-55b0-4a9e-9a71-09054f183015" StaticText to exist
    t =    86.99s     Checking `Expect predicate `existsNoRetry == 1` for object "knowledge.note.19b23195-55b0-4a9e-9a71-09054f183015" StaticText`
    t =    86.99s         Checking existence of `"knowledge.note.19b23195-55b0-4a9e-9a71-09054f183015" StaticText`
    t =    87.12s Tear Down
Test Case '-[VisePandaUITests.NativeAskUITests testChineseGroundedAnswerAndRelaunch]' passed (87.479 seconds).
Test Case '-[VisePandaUITests.NativeAskUITests testEnglishGroundedAnswerAndRelaunch]' started.
    t =     0.00s Start Test at 2026-09-13 上午4:25:23.599
    t =     0.03s Set Up
    t =     0.03s Open space.go2china.VisePanda
    t =     0.03s     Launch space.go2china.VisePanda
    t =     0.03s         Terminate space.go2china.VisePanda:64200
2026-09-13 04:25:24.721 xcodebuild[64128:868720] [MT] IDELaunchParametersSnapshot: The operation couldn’t be completed. (DebuggerLLDB.DebuggerVersionStore.StoreError error 0.)
2026-09-13 04:25:24.721 xcodebuild[64128:868720] [MT] IDELaunchParametersSnapshot: no debugger version
    t =     1.33s         Setting up automation session
    t =     2.08s         Wait for space.go2china.VisePanda to idle
    t =     3.54s Tap "Profile" Button
    t =     3.54s     Wait for space.go2china.VisePanda to idle
    t =     3.55s     Find the "Profile" Button
    t =     3.79s     Check for interrupting elements affecting "Profile" Button
    t =     3.86s     Synthesize event
    t =     4.15s     Wait for space.go2china.VisePanda to idle
    t =     5.65s Waiting 2.0s for "Sign out" Button to exist
    t =     6.70s     Checking `Expect predicate `existsNoRetry == 1` for object "Sign out" Button`
    t =     6.70s         Checking existence of `"Sign out" Button`
    t =     6.79s Find the "Sign out" Button
    t =     6.83s Find the "Sign out" Button
    t =     6.87s Find the "Sign out" Button
    t =     6.91s Find the "Sign out" Button
    t =     6.96s Find the "Sign out" Button
    t =     7.00s Find the "Sign out" Button
    t =     7.04s Find the "Sign out" Button
    t =     7.07s Find the "Sign out" Button
    t =     7.11s Find the "Sign out" Button
    t =     7.15s Find the "Sign out" Button
    t =     7.19s Find the "Sign out" Button
    t =     7.23s Find the "Sign out" Button
    t =     7.28s Find the "Sign out" Button
    t =     7.32s Tap "Sign out" Button
    t =     7.32s     Wait for space.go2china.VisePanda to idle
    t =     7.32s     Find the "Sign out" Button
    t =     7.36s     Check for interrupting elements affecting "Sign out" Button
    t =     7.38s     Synthesize event
    t =     7.67s     Wait for space.go2china.VisePanda to idle
    t =     8.40s Waiting 15.0s for "native.login.email" TextField to exist
    t =     9.44s     Checking `Expect predicate `existsNoRetry == 1` for object "native.login.email" TextField`
    t =     9.44s         Checking existence of `"native.login.email" TextField`
    t =     9.51s Find the "native.login.email" TextField
    t =     9.56s Find the "native.login.email" TextField
    t =     9.60s Find the "native.login.email" TextField
    t =     9.64s Find the "native.login.email" TextField
    t =     9.67s Find the "native.login.email" TextField
    t =     9.72s Find the "native.login.email" TextField
    t =     9.76s Find the "native.login.email" TextField
    t =     9.80s Find the "native.login.email" TextField
    t =     9.84s Find the "native.login.email" TextField
    t =     9.87s Find the "native.login.email" TextField
    t =     9.91s Find the "native.login.email" TextField
    t =     9.95s Find the "native.login.email" TextField
    t =     9.99s Find the "native.login.email" TextField
    t =    10.03s Tap "native.login.email" TextField
    t =    10.03s     Wait for space.go2china.VisePanda to idle
    t =    10.03s     Find the "native.login.email" TextField
    t =    10.06s     Check for interrupting elements affecting "native.login.email" TextField
    t =    10.09s     Synthesize event
    t =    10.38s     Wait for space.go2china.VisePanda to idle
    t =    10.45s Type 'vpj07-ui-en-0b6088...' into "native.login.email" TextField
    t =    10.45s     Wait for space.go2china.VisePanda to idle
    t =    10.45s     Find the "native.login.email" TextField
    t =    10.51s     Check for interrupting elements affecting "native.login.email" TextField
    t =    10.55s     Synthesize event
    t =    11.77s     Wait for space.go2china.VisePanda to idle
    t =    11.77s Find the "native.login.password" SecureTextField
    t =    11.85s Find the "native.login.password" SecureTextField
    t =    11.91s Find the "native.login.password" SecureTextField
    t =    11.96s Find the "native.login.password" SecureTextField
    t =    12.02s Find the "native.login.password" SecureTextField
    t =    12.07s Find the "native.login.password" SecureTextField
    t =    12.12s Find the "native.login.password" SecureTextField
    t =    12.17s Find the "native.login.password" SecureTextField
    t =    12.22s Find the "native.login.password" SecureTextField
    t =    12.27s Find the "native.login.password" SecureTextField
    t =    12.32s Find the "native.login.password" SecureTextField
    t =    12.37s Find the "native.login.password" SecureTextField
    t =    12.41s Find the "native.login.password" SecureTextField
    t =    12.46s Tap "native.login.password" SecureTextField
    t =    12.46s     Wait for space.go2china.VisePanda to idle
    t =    12.46s     Find the "native.login.password" SecureTextField
    t =    12.50s     Check for interrupting elements affecting "native.login.password" SecureTextField
    t =    12.54s     Synthesize event
    t =    12.83s     Wait for space.go2china.VisePanda to idle
    t =    13.36s Type 'VPJ07-Local-Synthe...' into "native.login.password" SecureTextField
    t =    13.36s     Wait for space.go2china.VisePanda to idle
    t =    13.36s     Find the "native.login.password" SecureTextField
    t =    13.43s     Check for interrupting elements affecting "native.login.password" SecureTextField
    t =    13.47s     Synthesize event
    t =    14.18s     Wait for space.go2china.VisePanda to idle
    t =    14.69s Find the "native.login.submit" Button
    t =    14.77s Find the "native.login.submit" Button
    t =    14.82s Find the "native.login.submit" Button
    t =    14.87s Find the "native.login.submit" Button
    t =    14.92s Find the "native.login.submit" Button
    t =    14.98s Find the "native.login.submit" Button
    t =    15.03s Find the "native.login.submit" Button
    t =    15.07s Find the "native.login.submit" Button
    t =    15.12s Find the "native.login.submit" Button
    t =    15.17s Find the "native.login.submit" Button
    t =    15.22s Find the "native.login.submit" Button
    t =    15.27s Find the "native.login.submit" Button
    t =    15.32s Find the "native.login.submit" Button
    t =    15.36s Tap "native.login.submit" Button
    t =    15.36s     Wait for space.go2china.VisePanda to idle
    t =    15.37s     Find the "native.login.submit" Button
    t =    15.41s     Check for interrupting elements affecting "native.login.submit" Button
    t =    15.44s     Synthesize event
    t =    15.73s     Wait for space.go2china.VisePanda to idle
    t =    17.80s Checking `Expect predicate `label == "Session active"` for object "native.session.status" StaticText`
    t =    17.80s     Find the "native.session.status" StaticText
    t =    17.86s Tap "Ask" Button
    t =    17.86s     Wait for space.go2china.VisePanda to idle
    t =    17.86s     Find the "Ask" Button
    t =    17.90s     Check for interrupting elements affecting "sparkles" Button
    t =    17.93s     Synthesize event
    t =    18.22s     Wait for space.go2china.VisePanda to idle
    t =    19.52s Waiting 20.0s for "native-ask.agree" Switch to exist
    t =    20.56s     Checking `Expect predicate `existsNoRetry == 1` for object "native-ask.agree" Switch`
    t =    20.56s         Checking existence of `"native-ask.agree" Switch`
    t =    20.62s Find the "native-ask.agree" Switch
    t =    20.66s Find the "native-ask.agree" Switch
    t =    20.70s Find the "native-ask.agree" Switch
    t =    20.74s Find the "native-ask.agree" Switch
    t =    20.78s Find the "native-ask.agree" Switch
    t =    20.82s Find the "native-ask.agree" Switch
    t =    20.86s Find the "native-ask.agree" Switch
    t =    20.89s Find the "native-ask.agree" Switch
    t =    20.93s Find the "native-ask.agree" Switch
    t =    20.97s Find the "native-ask.agree" Switch
    t =    21.01s Find the "native-ask.agree" Switch
    t =    21.04s Find the "native-ask.agree" Switch
    t =    21.08s Find the "native-ask.agree" Switch
    t =    21.11s Checking existence of `"native-ask.notice" StaticText`
    t =    21.14s Find the Target Application 'space.go2china.VisePanda'
    t =    21.24s Added attachment named 'Native-Ask-notice-en'
    t =    21.24s Tap "native-ask.agree" Switch
    t =    21.24s     Wait for space.go2china.VisePanda to idle
    t =    21.24s     Find the "native-ask.agree" Switch
    t =    21.27s     Check for interrupting elements affecting "native-ask.agree" Switch
    t =    21.30s     Synthesize event
    t =    21.59s     Wait for space.go2china.VisePanda to idle
    t =    22.89s Find the "native-ask.accept" Button
    t =    22.94s Find the "native-ask.accept" Button
    t =    22.98s Find the "native-ask.accept" Button
    t =    23.02s Find the "native-ask.accept" Button
    t =    23.06s Find the "native-ask.accept" Button
    t =    23.22s Find the "native-ask.accept" Button
    t =    23.27s Find the "native-ask.accept" Button
    t =    23.30s Find the "native-ask.accept" Button
    t =    23.34s Find the "native-ask.accept" Button
    t =    23.38s Find the "native-ask.accept" Button
    t =    23.42s Find the "native-ask.accept" Button
    t =    23.46s Find the "native-ask.accept" Button
    t =    23.49s Find the "native-ask.accept" Button
    t =    23.53s Tap "native-ask.accept" Button
    t =    23.53s     Wait for space.go2china.VisePanda to idle
    t =    23.53s     Find the "native-ask.accept" Button
    t =    23.56s     Check for interrupting elements affecting "native-ask.accept" Button
    t =    23.59s     Synthesize event
    t =    23.88s     Wait for space.go2china.VisePanda to idle
    t =    23.88s Waiting 20.0s for "native-ask.input" Any to exist
    t =    24.94s     Checking `Expect predicate `existsNoRetry == 1` for object "native-ask.input" Any`
    t =    24.94s         Checking existence of `"native-ask.input" Any`
    t =    25.00s Find the "native-ask.input" Any
    t =    25.07s Find the "native-ask.input" TextField
    t =    25.14s Find the "native-ask.input" TextField
    t =    25.21s Find the "native-ask.input" TextField
    t =    25.28s Find the "native-ask.input" TextField
    t =    25.35s Find the "native-ask.input" TextField
    t =    25.42s Find the "native-ask.input" TextField
    t =    25.49s Find the "native-ask.input" TextField
    t =    25.55s Find the "native-ask.input" TextField
    t =    25.62s Find the "native-ask.input" TextField
    t =    25.69s Find the "native-ask.input" TextField
    t =    25.75s Find the "native-ask.input" TextField
    t =    25.82s Find the "native-ask.input" TextField
    t =    25.89s Tap "native-ask.input" TextField
    t =    25.89s     Wait for space.go2china.VisePanda to idle
    t =    25.89s     Find the "native-ask.input" TextField
    t =    25.95s     Check for interrupting elements affecting "native-ask.input" TextField
    t =    25.99s     Synthesize event
    t =    26.28s     Wait for space.go2china.VisePanda to idle
    t =    26.76s Type 'Synthetic UI reque...' into "native-ask.input" TextField
    t =    26.76s     Wait for space.go2china.VisePanda to idle
    t =    26.76s     Find the "native-ask.input" TextField
    t =    26.90s     Check for interrupting elements affecting "native-ask.input" TextField
    t =    26.97s     Synthesize event
    t =    27.50s     Wait for space.go2china.VisePanda to idle
    t =    27.50s Tap "native-ask.send" Button
    t =    27.50s     Wait for space.go2china.VisePanda to idle
    t =    27.50s     Find the "native-ask.send" Button
    t =    27.57s     Check for interrupting elements affecting "native-ask.send" Button
    t =    27.61s     Synthesize event
    t =    27.90s     Wait for space.go2china.VisePanda to idle
    t =    28.14s Waiting 30.0s for StaticText (First Match) to exist
    t =    29.19s     Checking `Expect predicate `existsNoRetry == 1` for object StaticText (First Match)`
    t =    29.20s         Checking existence of `StaticText (First Match)`
    t =    29.27s Find the StaticText (First Match)
    t =    29.33s Swipe up Target Application 'space.go2china.VisePanda'
    t =    29.33s     Wait for space.go2china.VisePanda to idle
    t =    29.94s     Find the Target Application 'space.go2china.VisePanda'
    t =    30.02s     Check for interrupting elements affecting "VisePanda" Application
    t =    30.07s     Synthesize event
    t =    30.48s     Wait for space.go2china.VisePanda to idle
    t =    33.05s Find the "knowledge.note.19b23195-55b0-4a9e-9a71-09054f183015" StaticText
    t =    33.13s Find the "knowledge.note.19b23195-55b0-4a9e-9a71-09054f183015" StaticText
    t =    33.20s Find the "knowledge.note.19b23195-55b0-4a9e-9a71-09054f183015" StaticText
    t =    33.26s Find the "knowledge.note.19b23195-55b0-4a9e-9a71-09054f183015" StaticText
    t =    33.33s Find the "knowledge.note.19b23195-55b0-4a9e-9a71-09054f183015" StaticText
    t =    33.39s Find the "knowledge.note.19b23195-55b0-4a9e-9a71-09054f183015" StaticText
    t =    33.45s Find the "knowledge.note.19b23195-55b0-4a9e-9a71-09054f183015" StaticText
    t =    33.51s Find the "knowledge.note.19b23195-55b0-4a9e-9a71-09054f183015" StaticText
    t =    33.57s Find the "knowledge.note.19b23195-55b0-4a9e-9a71-09054f183015" StaticText
    t =    33.63s Find the "knowledge.note.19b23195-55b0-4a9e-9a71-09054f183015" StaticText
    t =    33.69s Find the "knowledge.note.19b23195-55b0-4a9e-9a71-09054f183015" StaticText
    t =    33.75s Find the "knowledge.note.19b23195-55b0-4a9e-9a71-09054f183015" StaticText
    t =    33.81s Find the "knowledge.note.19b23195-55b0-4a9e-9a71-09054f183015" StaticText
    t =    33.86s Find the "knowledge.note.19b23195-55b0-4a9e-9a71-09054f183015" StaticText
    t =    33.90s Find the Target Application 'space.go2china.VisePanda'
    t =    34.05s Added attachment named 'Grounded-answer-en'
    t =    34.05s Terminate space.go2china.VisePanda:64286
    t =    35.11s Open space.go2china.VisePanda
    t =    35.11s     Launch space.go2china.VisePanda
2026-09-13 04:25:58.707 xcodebuild[64128:868720] [MT] IDELaunchParametersSnapshot: The operation couldn’t be completed. (DebuggerLLDB.DebuggerVersionStore.StoreError error 0.)
2026-09-13 04:25:58.707 xcodebuild[64128:868720] [MT] IDELaunchParametersSnapshot: no debugger version
    t =    35.33s         Setting up automation session
    t =    36.04s         Wait for space.go2china.VisePanda to idle
    t =    37.49s Waiting 30.0s for "knowledge.note.19b23195-55b0-4a9e-9a71-09054f183015" StaticText to exist
    t =    38.54s     Checking `Expect predicate `existsNoRetry == 1` for object "knowledge.note.19b23195-55b0-4a9e-9a71-09054f183015" StaticText`
    t =    38.54s         Checking existence of `"knowledge.note.19b23195-55b0-4a9e-9a71-09054f183015" StaticText`
    t =    38.69s Find the "knowledge.note.19b23195-55b0-4a9e-9a71-09054f183015" StaticText
    t =    38.76s Swipe up Target Application 'space.go2china.VisePanda'
    t =    38.76s     Wait for space.go2china.VisePanda to idle
    t =    38.76s     Find the Target Application 'space.go2china.VisePanda'
    t =    38.81s     Check for interrupting elements affecting "VisePanda" Application
    t =    38.86s     Synthesize event
    t =    39.29s     Wait for space.go2china.VisePanda to idle
    t =    42.03s Find the "knowledge.note.19b23195-55b0-4a9e-9a71-09054f183015" StaticText
    t =    42.13s Find the "knowledge.note.19b23195-55b0-4a9e-9a71-09054f183015" StaticText
    t =    42.21s Find the "knowledge.note.19b23195-55b0-4a9e-9a71-09054f183015" StaticText
    t =    42.29s Find the "knowledge.note.19b23195-55b0-4a9e-9a71-09054f183015" StaticText
    t =    42.37s Find the "knowledge.note.19b23195-55b0-4a9e-9a71-09054f183015" StaticText
    t =    42.45s Find the "knowledge.note.19b23195-55b0-4a9e-9a71-09054f183015" StaticText
    t =    42.52s Find the "knowledge.note.19b23195-55b0-4a9e-9a71-09054f183015" StaticText
    t =    42.60s Find the "knowledge.note.19b23195-55b0-4a9e-9a71-09054f183015" StaticText
    t =    42.68s Find the "knowledge.note.19b23195-55b0-4a9e-9a71-09054f183015" StaticText
    t =    42.75s Find the "knowledge.note.19b23195-55b0-4a9e-9a71-09054f183015" StaticText
    t =    42.82s Find the "knowledge.note.19b23195-55b0-4a9e-9a71-09054f183015" StaticText
    t =    42.89s Find the "knowledge.note.19b23195-55b0-4a9e-9a71-09054f183015" StaticText
    t =    42.97s Find the "knowledge.note.19b23195-55b0-4a9e-9a71-09054f183015" StaticText
    t =    43.03s Checking existence of `StaticText (First Match)`
    t =    43.11s Find the Target Application 'space.go2china.VisePanda'
    t =    43.24s Added attachment named 'Grounded-recovered-en'
    t =    43.24s Find the "knowledge.note.19b23195-55b0-4a9e-9a71-09054f183015" StaticText
    t =    43.31s Checking existence of `"knowledge.note.19b23195-55b0-4a9e-9a71-09054f183015" StaticText`
    t =    43.37s Find the "knowledge.note.19b23195-55b0-4a9e-9a71-09054f183015" StaticText
    t =    43.94s Checking existence of `"knowledge.note.19b23195-55b0-4a9e-9a71-09054f183015" StaticText`
    t =    44.04s Find the "knowledge.note.19b23195-55b0-4a9e-9a71-09054f183015" StaticText
    t =    44.61s Checking existence of `"knowledge.note.19b23195-55b0-4a9e-9a71-09054f183015" StaticText`
    t =    44.70s Find the "knowledge.note.19b23195-55b0-4a9e-9a71-09054f183015" StaticText
    t =    45.27s Checking existence of `"knowledge.note.19b23195-55b0-4a9e-9a71-09054f183015" StaticText`
    t =    45.37s Find the "knowledge.note.19b23195-55b0-4a9e-9a71-09054f183015" StaticText
    t =    45.93s Checking existence of `"knowledge.note.19b23195-55b0-4a9e-9a71-09054f183015" StaticText`
    t =    46.01s Find the "knowledge.note.19b23195-55b0-4a9e-9a71-09054f183015" StaticText
    t =    46.59s Checking existence of `"knowledge.note.19b23195-55b0-4a9e-9a71-09054f183015" StaticText`
    t =    46.68s Find the "knowledge.note.19b23195-55b0-4a9e-9a71-09054f183015" StaticText
    t =    47.24s Checking existence of `"knowledge.note.19b23195-55b0-4a9e-9a71-09054f183015" StaticText`
    t =    47.34s Find the "knowledge.note.19b23195-55b0-4a9e-9a71-09054f183015" StaticText
    t =    47.92s Checking existence of `"knowledge.note.19b23195-55b0-4a9e-9a71-09054f183015" StaticText`
    t =    48.00s Find the "knowledge.note.19b23195-55b0-4a9e-9a71-09054f183015" StaticText
    t =    48.57s Checking existence of `"knowledge.note.19b23195-55b0-4a9e-9a71-09054f183015" StaticText`
    t =    48.66s Find the "knowledge.note.19b23195-55b0-4a9e-9a71-09054f183015" StaticText
    t =    49.23s Checking existence of `"knowledge.note.19b23195-55b0-4a9e-9a71-09054f183015" StaticText`
    t =    49.30s Find the "knowledge.note.19b23195-55b0-4a9e-9a71-09054f183015" StaticText
    t =    49.88s Checking existence of `"knowledge.note.19b23195-55b0-4a9e-9a71-09054f183015" StaticText`
    t =    49.97s Find the "knowledge.note.19b23195-55b0-4a9e-9a71-09054f183015" StaticText
    t =    50.54s Checking existence of `"knowledge.note.19b23195-55b0-4a9e-9a71-09054f183015" StaticText`
    t =    50.63s Find the "knowledge.note.19b23195-55b0-4a9e-9a71-09054f183015" StaticText
    t =    51.20s Checking existence of `"knowledge.note.19b23195-55b0-4a9e-9a71-09054f183015" StaticText`
    t =    51.29s Find the "knowledge.note.19b23195-55b0-4a9e-9a71-09054f183015" StaticText
    t =    51.86s Checking existence of `"knowledge.note.19b23195-55b0-4a9e-9a71-09054f183015" StaticText`
    t =    51.94s Find the "knowledge.note.19b23195-55b0-4a9e-9a71-09054f183015" StaticText
    t =    52.51s Checking existence of `"knowledge.note.19b23195-55b0-4a9e-9a71-09054f183015" StaticText`
    t =    52.60s Find the "knowledge.note.19b23195-55b0-4a9e-9a71-09054f183015" StaticText
    t =    53.17s Checking existence of `"knowledge.note.19b23195-55b0-4a9e-9a71-09054f183015" StaticText`
    t =    53.26s Find the "knowledge.note.19b23195-55b0-4a9e-9a71-09054f183015" StaticText
    t =    53.83s Checking existence of `"knowledge.note.19b23195-55b0-4a9e-9a71-09054f183015" StaticText`
    t =    53.91s Find the "knowledge.note.19b23195-55b0-4a9e-9a71-09054f183015" StaticText
    t =    54.50s Checking existence of `"knowledge.note.19b23195-55b0-4a9e-9a71-09054f183015" StaticText`
    t =    54.57s Find the "knowledge.note.19b23195-55b0-4a9e-9a71-09054f183015" StaticText
    t =    55.13s Checking existence of `"knowledge.note.19b23195-55b0-4a9e-9a71-09054f183015" StaticText`
    t =    55.20s Find the "knowledge.note.19b23195-55b0-4a9e-9a71-09054f183015" StaticText
    t =    55.77s Checking existence of `"knowledge.note.19b23195-55b0-4a9e-9a71-09054f183015" StaticText`
    t =    55.84s Find the "knowledge.note.19b23195-55b0-4a9e-9a71-09054f183015" StaticText
    t =    56.41s Checking existence of `"knowledge.note.19b23195-55b0-4a9e-9a71-09054f183015" StaticText`
    t =    56.48s Find the "knowledge.note.19b23195-55b0-4a9e-9a71-09054f183015" StaticText
    t =    57.05s Checking existence of `"knowledge.note.19b23195-55b0-4a9e-9a71-09054f183015" StaticText`
    t =    57.12s Find the "knowledge.note.19b23195-55b0-4a9e-9a71-09054f183015" StaticText
    t =    57.69s Checking existence of `"knowledge.note.19b23195-55b0-4a9e-9a71-09054f183015" StaticText`
    t =    57.77s Find the "knowledge.note.19b23195-55b0-4a9e-9a71-09054f183015" StaticText
    t =    58.35s Checking existence of `"knowledge.note.19b23195-55b0-4a9e-9a71-09054f183015" StaticText`
    t =    58.45s Find the "knowledge.note.19b23195-55b0-4a9e-9a71-09054f183015" StaticText
    t =    59.04s Checking existence of `"knowledge.note.19b23195-55b0-4a9e-9a71-09054f183015" StaticText`
    t =    59.12s Find the "knowledge.note.19b23195-55b0-4a9e-9a71-09054f183015" StaticText
    t =    59.70s Checking existence of `"knowledge.note.19b23195-55b0-4a9e-9a71-09054f183015" StaticText`
    t =    59.82s Find the "knowledge.note.19b23195-55b0-4a9e-9a71-09054f183015" StaticText
    t =    60.41s Checking existence of `"knowledge.note.19b23195-55b0-4a9e-9a71-09054f183015" StaticText`
    t =    60.48s Find the "knowledge.note.19b23195-55b0-4a9e-9a71-09054f183015" StaticText
    t =    61.07s Checking existence of `"knowledge.note.19b23195-55b0-4a9e-9a71-09054f183015" StaticText`
    t =    61.18s Find the "knowledge.note.19b23195-55b0-4a9e-9a71-09054f183015" StaticText
    t =    61.82s Checking existence of `"knowledge.note.19b23195-55b0-4a9e-9a71-09054f183015" StaticText`
    t =    61.98s Find the "knowledge.note.19b23195-55b0-4a9e-9a71-09054f183015" StaticText
    t =    62.57s Checking existence of `"knowledge.note.19b23195-55b0-4a9e-9a71-09054f183015" StaticText`
    t =    62.69s Find the "knowledge.note.19b23195-55b0-4a9e-9a71-09054f183015" StaticText
    t =    63.29s Checking existence of `"knowledge.note.19b23195-55b0-4a9e-9a71-09054f183015" StaticText`
    t =    63.37s Find the "knowledge.note.19b23195-55b0-4a9e-9a71-09054f183015" StaticText
    t =    64.07s Checking existence of `"knowledge.note.19b23195-55b0-4a9e-9a71-09054f183015" StaticText`
    t =    64.19s Find the "knowledge.note.19b23195-55b0-4a9e-9a71-09054f183015" StaticText
    t =    64.79s Checking existence of `"knowledge.note.19b23195-55b0-4a9e-9a71-09054f183015" StaticText`
    t =    64.89s Find the "knowledge.note.19b23195-55b0-4a9e-9a71-09054f183015" StaticText
    t =    65.59s Checking existence of `"knowledge.note.19b23195-55b0-4a9e-9a71-09054f183015" StaticText`
    t =    65.68s Find the "knowledge.note.19b23195-55b0-4a9e-9a71-09054f183015" StaticText
    t =    66.28s Checking existence of `"knowledge.note.19b23195-55b0-4a9e-9a71-09054f183015" StaticText`
    t =    66.43s Find the "knowledge.note.19b23195-55b0-4a9e-9a71-09054f183015" StaticText
    t =    67.03s Checking existence of `"knowledge.note.19b23195-55b0-4a9e-9a71-09054f183015" StaticText`
    t =    67.13s Find the "knowledge.note.19b23195-55b0-4a9e-9a71-09054f183015" StaticText
    t =    67.82s Checking existence of `"knowledge.note.19b23195-55b0-4a9e-9a71-09054f183015" StaticText`
    t =    67.91s Find the "knowledge.note.19b23195-55b0-4a9e-9a71-09054f183015" StaticText
    t =    68.52s Checking existence of `"knowledge.note.19b23195-55b0-4a9e-9a71-09054f183015" StaticText`
    t =    68.59s Find the "knowledge.note.19b23195-55b0-4a9e-9a71-09054f183015" StaticText
    t =    69.17s Checking existence of `"knowledge.note.19b23195-55b0-4a9e-9a71-09054f183015" StaticText`
    t =    69.24s Find the "knowledge.note.19b23195-55b0-4a9e-9a71-09054f183015" StaticText
    t =    69.81s Checking existence of `"knowledge.note.19b23195-55b0-4a9e-9a71-09054f183015" StaticText`
    t =    69.88s Find the "knowledge.note.19b23195-55b0-4a9e-9a71-09054f183015" StaticText
    t =    70.46s Checking existence of `"knowledge.note.19b23195-55b0-4a9e-9a71-09054f183015" StaticText`
    t =    70.55s Find the "knowledge.note.19b23195-55b0-4a9e-9a71-09054f183015" StaticText
    t =    71.12s Checking existence of `"knowledge.note.19b23195-55b0-4a9e-9a71-09054f183015" StaticText`
    t =    71.21s Find the "knowledge.note.19b23195-55b0-4a9e-9a71-09054f183015" StaticText
    t =    71.78s Checking existence of `"knowledge.note.19b23195-55b0-4a9e-9a71-09054f183015" StaticText`
    t =    71.87s Find the "knowledge.note.19b23195-55b0-4a9e-9a71-09054f183015" StaticText
    t =    72.46s Checking existence of `"knowledge.note.19b23195-55b0-4a9e-9a71-09054f183015" StaticText`
    t =    72.55s Find the "knowledge.note.19b23195-55b0-4a9e-9a71-09054f183015" StaticText
    t =    73.12s Checking existence of `"knowledge.note.19b23195-55b0-4a9e-9a71-09054f183015" StaticText`
    t =    73.19s Find the "knowledge.note.19b23195-55b0-4a9e-9a71-09054f183015" StaticText
    t =    73.77s Checking existence of `"knowledge.note.19b23195-55b0-4a9e-9a71-09054f183015" StaticText`
    t =    73.86s Find the "knowledge.note.19b23195-55b0-4a9e-9a71-09054f183015" StaticText
    t =    74.43s Checking existence of `"knowledge.note.19b23195-55b0-4a9e-9a71-09054f183015" StaticText`
    t =    74.52s Find the "knowledge.note.19b23195-55b0-4a9e-9a71-09054f183015" StaticText
    t =    75.10s Checking existence of `"knowledge.note.19b23195-55b0-4a9e-9a71-09054f183015" StaticText`
    t =    75.19s Find the "knowledge.note.19b23195-55b0-4a9e-9a71-09054f183015" StaticText
    t =    75.76s Checking existence of `"knowledge.note.19b23195-55b0-4a9e-9a71-09054f183015" StaticText`
    t =    75.85s Find the "knowledge.note.19b23195-55b0-4a9e-9a71-09054f183015" StaticText
    t =    76.43s Checking existence of `"knowledge.note.19b23195-55b0-4a9e-9a71-09054f183015" StaticText`
    t =    76.52s Find the "knowledge.note.19b23195-55b0-4a9e-9a71-09054f183015" StaticText
    t =    77.09s Checking existence of `"knowledge.note.19b23195-55b0-4a9e-9a71-09054f183015" StaticText`
    t =    77.18s Find the "knowledge.note.19b23195-55b0-4a9e-9a71-09054f183015" StaticText
    t =    77.76s Checking existence of `"knowledge.note.19b23195-55b0-4a9e-9a71-09054f183015" StaticText`
    t =    77.84s Find the "knowledge.note.19b23195-55b0-4a9e-9a71-09054f183015" StaticText
    t =    78.42s Checking existence of `"knowledge.note.19b23195-55b0-4a9e-9a71-09054f183015" StaticText`
    t =    78.50s Find the "knowledge.note.19b23195-55b0-4a9e-9a71-09054f183015" StaticText
    t =    79.08s Checking existence of `"knowledge.note.19b23195-55b0-4a9e-9a71-09054f183015" StaticText`
    t =    79.17s Find the "knowledge.note.19b23195-55b0-4a9e-9a71-09054f183015" StaticText
    t =    79.74s Waiting 10.0s for "knowledge.note.19b23195-55b0-4a9e-9a71-09054f183015" StaticText to exist
    t =    80.77s     Checking `Expect predicate `existsNoRetry == 1` for object "knowledge.note.19b23195-55b0-4a9e-9a71-09054f183015" StaticText`
    t =    80.77s         Checking existence of `"knowledge.note.19b23195-55b0-4a9e-9a71-09054f183015" StaticText`
    t =    80.86s Find the "knowledge.note.19b23195-55b0-4a9e-9a71-09054f183015" StaticText
    t =    80.92s Find the Target Application 'space.go2china.VisePanda'
    t =    81.07s Added attachment named 'Grounded-reading-refresh-en'
    t =    81.07s Tap "Profile" Button
    t =    81.07s     Wait for space.go2china.VisePanda to idle
    t =    81.07s     Find the "Profile" Button
    t =    81.13s     Check for interrupting elements affecting "Profile" Button
    t =    81.19s     Synthesize event
    t =    81.48s     Wait for space.go2china.VisePanda to idle
    t =    82.94s Checking existence of `"knowledge.note.19b23195-55b0-4a9e-9a71-09054f183015" StaticText`
    t =    83.03s Tap "Ask" Button
    t =    83.03s     Wait for space.go2china.VisePanda to idle
    t =    83.03s     Find the "Ask" Button
    t =    83.07s     Check for interrupting elements affecting "Ask" Button
    t =    83.10s     Synthesize event
    t =    83.39s     Wait for space.go2china.VisePanda to idle
    t =    84.67s Waiting 30.0s for "knowledge.note.19b23195-55b0-4a9e-9a71-09054f183015" StaticText to exist
    t =    85.70s     Checking `Expect predicate `existsNoRetry == 1` for object "knowledge.note.19b23195-55b0-4a9e-9a71-09054f183015" StaticText`
    t =    85.70s         Checking existence of `"knowledge.note.19b23195-55b0-4a9e-9a71-09054f183015" StaticText`
    t =    85.81s Tear Down
Test Case '-[VisePandaUITests.NativeAskUITests testEnglishGroundedAnswerAndRelaunch]' passed (86.196 seconds).
Test Suite 'NativeAskUITests' passed at 2026-09-13 上午4:26:49.795.
	 Executed 2 tests, with 0 failures (0 unexpected) in 173.675 (173.684) seconds
Test Suite 'VisePandaUITests.xctest' passed at 2026-09-13 上午4:26:49.796.
	 Executed 2 tests, with 0 failures (0 unexpected) in 173.675 (173.685) seconds
Test Suite 'Selected tests' passed at 2026-09-13 上午4:26:49.796.
	 Executed 2 tests, with 0 failures (0 unexpected) in 173.675 (173.686) seconds
2026-09-13 04:26:50.160 xcodebuild[64128:868768]  IDETestOperationsObserverDebug: Failure collecting diagnostics from simulator: Process exited with error 72:
 xcrun: error: unable to find utility "simctl", not a developer tool or in PATH

2026-09-13 04:26:50.207 xcodebuild[64128:868720] [MT] IDETestOperationsObserverDebug: 178.655 elapsed -- Testing started completed.
2026-09-13 04:26:50.207 xcodebuild[64128:868720] [MT] IDETestOperationsObserverDebug: 0.000 sec, +0.000 sec -- start
2026-09-13 04:26:50.207 xcodebuild[64128:868720] [MT] IDETestOperationsObserverDebug: 178.655 sec, +178.655 sec -- end

Test session results, code coverage, and logs:
	/Users/jtcao/Library/Caches/visepanda/grounded-ask-20260913/native-ui-4.xcresult

** TEST EXECUTE SUCCEEDED **

Testing started
