Command line invocation:
    /Applications/Xcode.app/Contents/Developer/usr/bin/xcodebuild test-without-building -xctestrun /Users/jtcao/Library/Caches/visepanda/grounded-ask-20260913/build/Build/Products/Grounded.xctestrun -destination "platform=iOS Simulator,id=EB511BC6-4141-40D3-A669-364E1CAA5167" -resultBundlePath /Users/jtcao/Library/Caches/visepanda/grounded-ask-20260913/native-ui-2.xcresult "-only-testing:VisePandaUITests/NativeAskUITests/testEnglishGroundedAnswerAndRelaunch" "-only-testing:VisePandaUITests/NativeAskUITests/testChineseGroundedAnswerAndRelaunch"

2026-09-13 03:31:01.735 xcodebuild[55253:753722] [MT] IDERunDestination: Supported platforms for the buildables in the current scheme is empty.
Writing result bundle at path:
	/Users/jtcao/Library/Caches/visepanda/grounded-ask-20260913/native-ui-2.xcresult

2026-09-13 03:31:01.741 xcodebuild[55253:753722] [MT] IDERunDestination: Supported platforms for the buildables in the current scheme is empty.
2026-09-13 03:31:01.947 xcodebuild[55253:753722] [MT] IDERunDestination: Supported platforms for the buildables in the current scheme is empty.
2026-09-13 03:31:02.264 xcodebuild[55253:753722] [MT] IDERunDestination: Supported platforms for the buildables in the current scheme is empty.
2026-09-13 03:31:02.571 xcodebuild[55253:753722] [MT] IDERunDestination: Supported platforms for the buildables in the current scheme is empty.
2026-09-13 03:31:02.735 xcodebuild[55253:753722] [MT] IDERunDestination: Supported platforms for the buildables in the current scheme is empty.
2026-09-13 03:31:21.993637+0800 VisePandaUITests-Runner[55478:755962] [Default] Running tests...
objc[55478]: Class UIAccessibilityLoaderWebShared is implemented in both /Library/Developer/CoreSimulator/Volumes/iOS_23F77/Library/Developer/CoreSimulator/Profiles/Runtimes/iOS 26.5.simruntime/Contents/Resources/RuntimeRoot/System/Library/AccessibilityBundles/WebCore.axbundle/WebCore (0x109c58310) and /Library/Developer/CoreSimulator/Volumes/iOS_23F77/Library/Developer/CoreSimulator/Profiles/Runtimes/iOS 26.5.simruntime/Contents/Resources/RuntimeRoot/System/Library/AccessibilityBundles/WebKit.axbundle/WebKit (0x108950398). This may cause spurious casting failures and mysterious crashes. One of the duplicates must be removed or renamed.
Test Suite 'Selected tests' started at 2026-09-13 上午3:31:25.782.
Test Suite 'VisePandaUITests.xctest' started at 2026-09-13 上午3:31:25.783.
Test Suite 'NativeAskUITests' started at 2026-09-13 上午3:31:25.783.
Test Case '-[VisePandaUITests.NativeAskUITests testChineseGroundedAnswerAndRelaunch]' started.
    t =     0.00s Start Test at 2026-09-13 上午3:31:25.784
    t =     0.30s Set Up
    t =     0.32s Open space.go2china.VisePanda
    t =     0.32s     Launch space.go2china.VisePanda
2026-09-13 03:31:26.492 xcodebuild[55253:753722] [MT] IDELaunchParametersSnapshot: The operation couldn’t be completed. (DebuggerLLDB.DebuggerVersionStore.StoreError error 0.)
2026-09-13 03:31:26.492 xcodebuild[55253:753722] [MT] IDELaunchParametersSnapshot: no debugger version
    t =     1.97s         Setting up automation session
    t =     3.03s         Wait for space.go2china.VisePanda to idle
    t =     4.98s Tap "我的" Button
    t =     4.98s     Wait for space.go2china.VisePanda to idle
    t =     4.99s     Find the "我的" Button
    t =     5.10s     Check for interrupting elements affecting "我的" Button
    t =     5.16s     Synthesize event
    t =     5.56s     Wait for space.go2china.VisePanda to idle
    t =     6.91s Waiting 2.0s for "退出登录" Button to exist
    t =     7.98s     Checking `Expect predicate `existsNoRetry == 1` for object "退出登录" Button`
    t =     7.98s         Checking existence of `"退出登录" Button`
    t =     8.07s         Capturing element debug description
    t =     8.92s     Checking `Expect predicate `existsNoRetry == 1` for object "退出登录" Button`
    t =     8.92s         Checking existence of `"退出登录" Button`
    t =     8.97s         Capturing element debug description
    t =     8.97s     Checking existence of `"退出登录" Button`
    t =     9.02s Collecting debug information to assist test failure triage
    t =     9.02s     Requesting snapshot of accessibility hierarchy for app with pid 55521
    t =     9.11s Waiting 15.0s for "native.login.email" TextField to exist
    t =    10.18s     Checking `Expect predicate `existsNoRetry == 1` for object "native.login.email" TextField`
    t =    10.18s         Checking existence of `"native.login.email" TextField`
    t =    10.23s Find the "native.login.email" TextField
    t =    10.29s Find the "native.login.email" TextField
    t =    10.35s Find the "native.login.email" TextField
    t =    10.42s Find the "native.login.email" TextField
    t =    10.49s Find the "native.login.email" TextField
    t =    10.55s Find the "native.login.email" TextField
    t =    10.62s Find the "native.login.email" TextField
    t =    10.69s Find the "native.login.email" TextField
    t =    10.75s Find the "native.login.email" TextField
    t =    10.82s Find the "native.login.email" TextField
    t =    10.88s Find the "native.login.email" TextField
    t =    10.98s Find the "native.login.email" TextField
    t =    11.06s Find the "native.login.email" TextField
    t =    11.13s Tap "native.login.email" TextField
    t =    11.13s     Wait for space.go2china.VisePanda to idle
    t =    11.13s     Find the "native.login.email" TextField
    t =    11.18s     Check for interrupting elements affecting "native.login.email" TextField
    t =    11.23s     Synthesize event
    t =    11.54s     Wait for space.go2china.VisePanda to idle
    t =    12.49s Type 'vpj07-ui-zh-2e1152...' into "native.login.email" TextField
    t =    12.49s     Wait for space.go2china.VisePanda to idle
    t =    13.46s     Find the "native.login.email" TextField
    t =    13.57s     Check for interrupting elements affecting "native.login.email" TextField
    t =    13.64s     Synthesize event
    t =    14.88s     Wait for space.go2china.VisePanda to idle
    t =    14.92s Find the "native.login.password" SecureTextField
    t =    15.08s Find the "native.login.password" SecureTextField
    t =    15.25s Find the "native.login.password" SecureTextField
    t =    15.34s Find the "native.login.password" SecureTextField
    t =    15.44s Find the "native.login.password" SecureTextField
    t =    15.54s Find the "native.login.password" SecureTextField
    t =    15.68s Find the "native.login.password" SecureTextField
    t =    15.78s Find the "native.login.password" SecureTextField
    t =    15.92s Find the "native.login.password" SecureTextField
    t =    16.08s Find the "native.login.password" SecureTextField
    t =    16.19s Find the "native.login.password" SecureTextField
    t =    16.31s Find the "native.login.password" SecureTextField
    t =    16.63s Find the "native.login.password" SecureTextField
    t =    16.74s Tap "native.login.password" SecureTextField
    t =    16.74s     Wait for space.go2china.VisePanda to idle
    t =    16.74s     Find the "native.login.password" SecureTextField
    t =    16.82s     Check for interrupting elements affecting "native.login.password" SecureTextField
    t =    16.92s     Synthesize event
    t =    17.35s     Wait for space.go2china.VisePanda to idle
    t =    18.23s Type 'VPJ07-Local-Synthe...' into "native.login.password" SecureTextField
    t =    18.23s     Wait for space.go2china.VisePanda to idle
    t =    18.24s     Find the "native.login.password" SecureTextField
    t =    18.31s     Check for interrupting elements affecting "native.login.password" SecureTextField
    t =    18.37s     Synthesize event
    t =    19.11s     Wait for space.go2china.VisePanda to idle
    t =    19.12s Find the "native.login.submit" Button
    t =    19.22s Find the "native.login.submit" Button
    t =    19.30s Find the "native.login.submit" Button
    t =    19.39s Find the "native.login.submit" Button
    t =    19.48s Find the "native.login.submit" Button
    t =    19.57s Find the "native.login.submit" Button
    t =    19.67s Find the "native.login.submit" Button
    t =    19.76s Find the "native.login.submit" Button
    t =    19.85s Find the "native.login.submit" Button
    t =    19.95s Find the "native.login.submit" Button
    t =    20.04s Find the "native.login.submit" Button
    t =    20.14s Find the "native.login.submit" Button
    t =    20.24s Find the "native.login.submit" Button
    t =    20.34s Tap "native.login.submit" Button
    t =    20.34s     Wait for space.go2china.VisePanda to idle
    t =    20.35s     Find the "native.login.submit" Button
    t =    20.44s     Check for interrupting elements affecting "native.login.submit" Button
    t =    20.55s     Synthesize event
    t =    20.93s     Wait for space.go2china.VisePanda to idle
    t =    22.59s Checking `Expect predicate `label == "会话有效"` for object "native.session.status" StaticText`
    t =    22.60s     Find the "native.session.status" StaticText
    t =    23.07s Tap "问熊猫" Button
    t =    23.22s     Wait for space.go2china.VisePanda to idle
    t =    23.51s     Find the "问熊猫" Button
    t =    23.63s     Check for interrupting elements affecting "sparkles" Button
    t =    24.09s     Synthesize event
    t =    25.16s     Wait for space.go2china.VisePanda to idle
    t =    26.37s Waiting 20.0s for "native-ask.agree" Switch to exist
    t =    27.47s     Checking `Expect predicate `existsNoRetry == 1` for object "native-ask.agree" Switch`
    t =    27.50s         Checking existence of `"native-ask.agree" Switch`
    t =    27.63s         Capturing element debug description
    t =    28.42s     Checking `Expect predicate `existsNoRetry == 1` for object "native-ask.agree" Switch`
    t =    28.46s         Checking existence of `"native-ask.agree" Switch`
    t =    28.77s         Capturing element debug description
    t =    29.42s     Checking `Expect predicate `existsNoRetry == 1` for object "native-ask.agree" Switch`
    t =    29.42s         Checking existence of `"native-ask.agree" Switch`
    t =    29.50s         Capturing element debug description
    t =    30.40s     Checking `Expect predicate `existsNoRetry == 1` for object "native-ask.agree" Switch`
    t =    30.44s         Checking existence of `"native-ask.agree" Switch`
    t =    30.68s Find the "native-ask.agree" Switch
    t =    31.20s Find the "native-ask.agree" Switch
    t =    31.52s Find the "native-ask.agree" Switch
    t =    31.79s Find the "native-ask.agree" Switch
    t =    32.05s Find the "native-ask.agree" Switch
    t =    32.49s Find the "native-ask.agree" Switch
    t =    32.79s Find the "native-ask.agree" Switch
    t =    33.19s Find the "native-ask.agree" Switch
    t =    33.56s Find the "native-ask.agree" Switch
    t =    34.07s Find the "native-ask.agree" Switch
    t =    34.42s Find the "native-ask.agree" Switch
    t =    34.69s Find the "native-ask.agree" Switch
    t =    35.03s Find the "native-ask.agree" Switch
    t =    35.27s Checking existence of `"native-ask.notice" StaticText`
    t =    35.36s Find the Target Application 'space.go2china.VisePanda'
    t =    35.76s Added attachment named 'Native-Ask-notice-zh-Hans'
    t =    35.79s Tap "native-ask.agree" Switch
    t =    35.79s     Wait for space.go2china.VisePanda to idle
    t =    35.85s     Find the "native-ask.agree" Switch
    t =    35.99s     Check for interrupting elements affecting "native-ask.agree" Switch
    t =    36.41s     Synthesize event
    t =    36.93s     Wait for space.go2china.VisePanda to idle
    t =    38.24s Find the "native-ask.accept" Button
    t =    38.75s Find the "native-ask.accept" Button
    t =    38.90s Find the "native-ask.accept" Button
    t =    39.45s Find the "native-ask.accept" Button
    t =    39.69s Find the "native-ask.accept" Button
    t =    40.06s Find the "native-ask.accept" Button
    t =    40.30s Find the "native-ask.accept" Button
    t =    40.62s Find the "native-ask.accept" Button
    t =    40.91s Find the "native-ask.accept" Button
    t =    41.24s Find the "native-ask.accept" Button
    t =    41.63s Find the "native-ask.accept" Button
    t =    41.84s Find the "native-ask.accept" Button
    t =    42.09s Find the "native-ask.accept" Button
    t =    42.33s Tap "native-ask.accept" Button
    t =    42.33s     Wait for space.go2china.VisePanda to idle
    t =    42.37s     Find the "native-ask.accept" Button
    t =    42.59s     Check for interrupting elements affecting "native-ask.accept" Button
    t =    42.72s     Synthesize event
    t =    43.05s     Wait for space.go2china.VisePanda to idle
    t =    43.07s Waiting 20.0s for "native-ask.input" Any to exist
    t =    44.14s     Checking `Expect predicate `existsNoRetry == 1` for object "native-ask.input" Any`
    t =    44.14s         Checking existence of `"native-ask.input" Any`
    t =    44.30s Find the "native-ask.input" Any
    t =    44.47s Find the "native-ask.input" TextField
    t =    44.64s Find the "native-ask.input" TextField
    t =    44.80s Find the "native-ask.input" TextField
    t =    44.97s Find the "native-ask.input" TextField
    t =    45.13s Find the "native-ask.input" TextField
    t =    45.30s Find the "native-ask.input" TextField
    t =    45.49s Find the "native-ask.input" TextField
    t =    45.66s Find the "native-ask.input" TextField
    t =    45.83s Find the "native-ask.input" TextField
    t =    45.99s Find the "native-ask.input" TextField
    t =    46.20s Find the "native-ask.input" TextField
    t =    46.38s Find the "native-ask.input" TextField
    t =    46.54s Tap "native-ask.input" TextField
    t =    46.54s     Wait for space.go2china.VisePanda to idle
    t =    46.55s     Find the "native-ask.input" TextField
    t =    46.69s     Check for interrupting elements affecting "native-ask.input" TextField
    t =    46.81s     Synthesize event
    t =    47.27s     Wait for space.go2china.VisePanda to idle
    t =    47.99s Type '中文合成请求' into "native-ask.input" TextField
    t =    47.99s     Wait for space.go2china.VisePanda to idle
    t =    48.00s     Find the "native-ask.input" TextField
    t =    48.51s     Check for interrupting elements affecting "native-ask.input" TextField
    t =    48.75s     Synthesize event
    t =    49.07s     Wait for space.go2china.VisePanda to idle
    t =    49.08s Tap "native-ask.send" Button
    t =    49.08s     Wait for space.go2china.VisePanda to idle
    t =    49.09s     Find the "native-ask.send" Button
    t =    49.39s     Check for interrupting elements affecting "native-ask.send" Button
    t =    49.65s     Synthesize event
    t =    50.02s     Wait for space.go2china.VisePanda to idle
    t =    50.59s Waiting 30.0s for StaticText (First Match) to exist
    t =    51.64s     Checking `Expect predicate `existsNoRetry == 1` for object StaticText (First Match)`
    t =    51.64s         Checking existence of `StaticText (First Match)`
    t =    51.87s         Capturing element debug description
    t =    52.61s     Checking `Expect predicate `existsNoRetry == 1` for object StaticText (First Match)`
    t =    52.61s         Checking existence of `StaticText (First Match)`
    t =    52.76s         Capturing element debug description
    t =    53.60s     Checking `Expect predicate `existsNoRetry == 1` for object StaticText (First Match)`
    t =    53.60s         Checking existence of `StaticText (First Match)`
    t =    53.74s         Capturing element debug description
    t =    54.60s     Checking `Expect predicate `existsNoRetry == 1` for object StaticText (First Match)`
    t =    54.60s         Checking existence of `StaticText (First Match)`
    t =    54.74s         Capturing element debug description
    t =    55.60s     Checking `Expect predicate `existsNoRetry == 1` for object StaticText (First Match)`
    t =    55.60s         Checking existence of `StaticText (First Match)`
    t =    55.74s         Capturing element debug description
    t =    56.60s     Checking `Expect predicate `existsNoRetry == 1` for object StaticText (First Match)`
    t =    56.61s         Checking existence of `StaticText (First Match)`
    t =    56.75s         Capturing element debug description
    t =    57.60s     Checking `Expect predicate `existsNoRetry == 1` for object StaticText (First Match)`
    t =    57.60s         Checking existence of `StaticText (First Match)`
    t =    57.74s         Capturing element debug description
    t =    58.60s     Checking `Expect predicate `existsNoRetry == 1` for object StaticText (First Match)`
    t =    58.60s         Checking existence of `StaticText (First Match)`
    t =    58.72s         Capturing element debug description
    t =    59.70s     Checking `Expect predicate `existsNoRetry == 1` for object StaticText (First Match)`
    t =    59.71s         Checking existence of `StaticText (First Match)`
    t =    59.85s         Capturing element debug description
    t =    60.60s     Checking `Expect predicate `existsNoRetry == 1` for object StaticText (First Match)`
    t =    60.60s         Checking existence of `StaticText (First Match)`
    t =    60.75s Find the StaticText (First Match)
    t =    60.92s Swipe up Target Application 'space.go2china.VisePanda'
    t =    60.92s     Wait for space.go2china.VisePanda to idle
    t =    60.93s     Find the Target Application 'space.go2china.VisePanda'
    t =    61.06s     Check for interrupting elements affecting "VisePanda" Application
    t =    61.21s     Synthesize event
    t =    61.65s     Wait for space.go2china.VisePanda to idle
    t =    63.97s Find the "knowledge.note.216babb6-183d-4c16-bf1d-7dfa98c12026" StaticText
    t =    65.02s Find the "knowledge.note.216babb6-183d-4c16-bf1d-7dfa98c12026" StaticText
    t =    65.31s Find the "knowledge.note.216babb6-183d-4c16-bf1d-7dfa98c12026" StaticText
    t =    65.55s Find the "knowledge.note.216babb6-183d-4c16-bf1d-7dfa98c12026" StaticText
    t =    65.75s Find the "knowledge.note.216babb6-183d-4c16-bf1d-7dfa98c12026" StaticText
    t =    65.93s Find the "knowledge.note.216babb6-183d-4c16-bf1d-7dfa98c12026" StaticText
    t =    66.09s Find the "knowledge.note.216babb6-183d-4c16-bf1d-7dfa98c12026" StaticText
    t =    66.25s Find the "knowledge.note.216babb6-183d-4c16-bf1d-7dfa98c12026" StaticText
    t =    66.41s Find the "knowledge.note.216babb6-183d-4c16-bf1d-7dfa98c12026" StaticText
    t =    66.56s Find the "knowledge.note.216babb6-183d-4c16-bf1d-7dfa98c12026" StaticText
    t =    66.71s Find the "knowledge.note.216babb6-183d-4c16-bf1d-7dfa98c12026" StaticText
    t =    66.92s Find the "knowledge.note.216babb6-183d-4c16-bf1d-7dfa98c12026" StaticText
    t =    67.06s Find the "knowledge.note.216babb6-183d-4c16-bf1d-7dfa98c12026" StaticText
    t =    67.18s Find the "knowledge.note.216babb6-183d-4c16-bf1d-7dfa98c12026" StaticText
    t =    67.28s Find the Target Application 'space.go2china.VisePanda'
    t =    67.60s Added attachment named 'Grounded-answer-zh-Hans'
    t =    67.60s Terminate space.go2china.VisePanda:55521
    t =    68.66s Open space.go2china.VisePanda
    t =    68.67s     Launch space.go2china.VisePanda
2026-09-13 03:32:34.455 xcodebuild[55253:753722] [MT] IDELaunchParametersSnapshot: The operation couldn’t be completed. (DebuggerLLDB.DebuggerVersionStore.StoreError error 0.)
2026-09-13 03:32:34.455 xcodebuild[55253:753722] [MT] IDELaunchParametersSnapshot: no debugger version
    t =    69.16s         Setting up automation session
    t =    71.68s         Wait for space.go2china.VisePanda to idle
    t =    74.08s Waiting 30.0s for "knowledge.note.216babb6-183d-4c16-bf1d-7dfa98c12026" StaticText to exist
    t =    75.15s     Checking `Expect predicate `existsNoRetry == 1` for object "knowledge.note.216babb6-183d-4c16-bf1d-7dfa98c12026" StaticText`
    t =    75.15s         Checking existence of `"knowledge.note.216babb6-183d-4c16-bf1d-7dfa98c12026" StaticText`
    t =    75.53s Find the "knowledge.note.216babb6-183d-4c16-bf1d-7dfa98c12026" StaticText
    t =    75.77s Swipe up Target Application 'space.go2china.VisePanda'
    t =    75.77s     Wait for space.go2china.VisePanda to idle
    t =    75.78s     Find the Target Application 'space.go2china.VisePanda'
    t =    75.91s     Check for interrupting elements affecting "VisePanda" Application
    t =    76.06s     Synthesize event
    t =    76.50s     Wait for space.go2china.VisePanda to idle
    t =    78.87s Find the "knowledge.note.216babb6-183d-4c16-bf1d-7dfa98c12026" StaticText
    t =    79.38s Find the "knowledge.note.216babb6-183d-4c16-bf1d-7dfa98c12026" StaticText
    t =    79.76s Find the "knowledge.note.216babb6-183d-4c16-bf1d-7dfa98c12026" StaticText
    t =    80.04s Find the "knowledge.note.216babb6-183d-4c16-bf1d-7dfa98c12026" StaticText
    t =    80.28s Find the "knowledge.note.216babb6-183d-4c16-bf1d-7dfa98c12026" StaticText
    t =    80.51s Find the "knowledge.note.216babb6-183d-4c16-bf1d-7dfa98c12026" StaticText
    t =    80.74s Find the "knowledge.note.216babb6-183d-4c16-bf1d-7dfa98c12026" StaticText
    t =    81.00s Find the "knowledge.note.216babb6-183d-4c16-bf1d-7dfa98c12026" StaticText
    t =    81.23s Find the "knowledge.note.216babb6-183d-4c16-bf1d-7dfa98c12026" StaticText
    t =    81.42s Find the "knowledge.note.216babb6-183d-4c16-bf1d-7dfa98c12026" StaticText
    t =    81.63s Find the "knowledge.note.216babb6-183d-4c16-bf1d-7dfa98c12026" StaticText
    t =    81.83s Find the "knowledge.note.216babb6-183d-4c16-bf1d-7dfa98c12026" StaticText
    t =    82.00s Find the "knowledge.note.216babb6-183d-4c16-bf1d-7dfa98c12026" StaticText
    t =    82.17s Checking existence of `StaticText (First Match)`
    t =    82.49s Find the Target Application 'space.go2china.VisePanda'
    t =    82.83s Added attachment named 'Grounded-recovered-zh-Hans'
    t =    82.83s Tap "我的" Button
    t =    82.83s     Wait for space.go2china.VisePanda to idle
    t =    82.84s     Find the "我的" Button
    t =    83.01s     Check for interrupting elements affecting "person.crop.circle" Button
    t =    83.15s     Synthesize event
    t =    83.47s     Wait for space.go2china.VisePanda to idle
    t =    85.17s Checking existence of `"knowledge.note.216babb6-183d-4c16-bf1d-7dfa98c12026" StaticText`
    t =    85.42s Tap "问熊猫" Button
    t =    85.42s     Wait for space.go2china.VisePanda to idle
    t =    85.44s     Find the "问熊猫" Button
    t =    85.59s     Check for interrupting elements affecting "sparkles" Button
    t =    85.75s     Synthesize event
    t =    86.08s     Wait for space.go2china.VisePanda to idle
    t =    87.65s Waiting 30.0s for "knowledge.note.216babb6-183d-4c16-bf1d-7dfa98c12026" StaticText to exist
    t =    88.71s     Checking `Expect predicate `existsNoRetry == 1` for object "knowledge.note.216babb6-183d-4c16-bf1d-7dfa98c12026" StaticText`
    t =    88.71s         Checking existence of `"knowledge.note.216babb6-183d-4c16-bf1d-7dfa98c12026" StaticText`
    t =    88.93s Tear Down
Test Case '-[VisePandaUITests.NativeAskUITests testChineseGroundedAnswerAndRelaunch]' passed (89.423 seconds).
Test Case '-[VisePandaUITests.NativeAskUITests testEnglishGroundedAnswerAndRelaunch]' started.
    t =     0.01s Start Test at 2026-09-13 上午3:32:55.221
    t =     0.07s Set Up
    t =     0.08s Open space.go2china.VisePanda
    t =     0.08s     Launch space.go2china.VisePanda
    t =     0.08s         Terminate space.go2china.VisePanda:55689
2026-09-13 03:32:56.304 xcodebuild[55253:753722] [MT] IDELaunchParametersSnapshot: The operation couldn’t be completed. (DebuggerLLDB.DebuggerVersionStore.StoreError error 0.)
2026-09-13 03:32:56.304 xcodebuild[55253:753722] [MT] IDELaunchParametersSnapshot: no debugger version
    t =     1.52s         Setting up automation session
    t =     3.28s         Wait for space.go2china.VisePanda to idle
    t =     5.44s Tap "Profile" Button
    t =     5.44s     Wait for space.go2china.VisePanda to idle
    t =     5.70s     Find the "Profile" Button
    t =     5.98s     Check for interrupting elements affecting "Profile" Button
    t =     6.21s     Synthesize event
    t =     6.50s     Wait for space.go2china.VisePanda to idle
    t =     8.16s Waiting 2.0s for "Sign out" Button to exist
    t =     9.22s     Checking `Expect predicate `existsNoRetry == 1` for object "Sign out" Button`
    t =     9.27s         Checking existence of `"Sign out" Button`
    t =     9.51s Find the "Sign out" Button
    t =     9.64s Find the "Sign out" Button
    t =     9.74s Find the "Sign out" Button
    t =     9.83s Find the "Sign out" Button
    t =     9.92s Find the "Sign out" Button
    t =    10.02s Find the "Sign out" Button
    t =    10.10s Find the "Sign out" Button
    t =    10.21s Find the "Sign out" Button
    t =    10.29s Find the "Sign out" Button
    t =    10.41s Find the "Sign out" Button
    t =    10.50s Find the "Sign out" Button
    t =    10.59s Find the "Sign out" Button
    t =    10.68s Find the "Sign out" Button
    t =    10.76s Tap "Sign out" Button
    t =    10.76s     Wait for space.go2china.VisePanda to idle
    t =    10.76s     Find the "Sign out" Button
    t =    10.83s     Check for interrupting elements affecting "Sign out" Button
    t =    10.90s     Synthesize event
    t =    11.20s     Wait for space.go2china.VisePanda to idle
    t =    11.46s Waiting 15.0s for "native.login.email" TextField to exist
    t =    12.50s     Checking `Expect predicate `existsNoRetry == 1` for object "native.login.email" TextField`
    t =    12.50s         Checking existence of `"native.login.email" TextField`
    t =    12.59s Find the "native.login.email" TextField
    t =    12.68s Find the "native.login.email" TextField
    t =    12.76s Find the "native.login.email" TextField
    t =    12.84s Find the "native.login.email" TextField
    t =    12.92s Find the "native.login.email" TextField
    t =    13.01s Find the "native.login.email" TextField
    t =    13.09s Find the "native.login.email" TextField
    t =    13.16s Find the "native.login.email" TextField
    t =    13.22s Find the "native.login.email" TextField
    t =    13.28s Find the "native.login.email" TextField
    t =    13.36s Find the "native.login.email" TextField
    t =    13.43s Find the "native.login.email" TextField
    t =    13.49s Find the "native.login.email" TextField
    t =    13.56s Tap "native.login.email" TextField
    t =    13.56s     Wait for space.go2china.VisePanda to idle
    t =    13.56s     Find the "native.login.email" TextField
    t =    13.62s     Check for interrupting elements affecting "native.login.email" TextField
    t =    13.67s     Synthesize event
    t =    13.97s     Wait for space.go2china.VisePanda to idle
    t =    14.18s Type 'vpj07-ui-en-909d1f...' into "native.login.email" TextField
    t =    14.18s     Wait for space.go2china.VisePanda to idle
    t =    14.57s     Find the "native.login.email" TextField
    t =    14.67s     Check for interrupting elements affecting "native.login.email" TextField
    t =    14.75s     Synthesize event
    t =    15.97s     Wait for space.go2china.VisePanda to idle
    t =    15.97s Find the "native.login.password" SecureTextField
    t =    16.09s Find the "native.login.password" SecureTextField
    t =    16.20s Find the "native.login.password" SecureTextField
    t =    16.32s Find the "native.login.password" SecureTextField
    t =    16.41s Find the "native.login.password" SecureTextField
    t =    16.51s Find the "native.login.password" SecureTextField
    t =    16.61s Find the "native.login.password" SecureTextField
    t =    16.70s Find the "native.login.password" SecureTextField
    t =    16.79s Find the "native.login.password" SecureTextField
    t =    16.87s Find the "native.login.password" SecureTextField
    t =    16.96s Find the "native.login.password" SecureTextField
    t =    17.05s Find the "native.login.password" SecureTextField
    t =    17.15s Find the "native.login.password" SecureTextField
    t =    17.24s Tap "native.login.password" SecureTextField
    t =    17.24s     Wait for space.go2china.VisePanda to idle
    t =    17.24s     Find the "native.login.password" SecureTextField
    t =    17.31s     Check for interrupting elements affecting "native.login.password" SecureTextField
    t =    17.38s     Synthesize event
    t =    17.69s     Wait for space.go2china.VisePanda to idle
    t =    18.60s Type 'VPJ07-Local-Synthe...' into "native.login.password" SecureTextField
    t =    18.60s     Wait for space.go2china.VisePanda to idle
    t =    18.61s     Find the "native.login.password" SecureTextField
    t =    18.67s     Check for interrupting elements affecting "native.login.password" SecureTextField
    t =    18.73s     Synthesize event
    t =    19.45s     Wait for space.go2china.VisePanda to idle
    t =    19.46s Find the "native.login.submit" Button
    t =    19.54s Find the "native.login.submit" Button
    t =    19.62s Find the "native.login.submit" Button
    t =    19.69s Find the "native.login.submit" Button
    t =    19.76s Find the "native.login.submit" Button
    t =    19.83s Find the "native.login.submit" Button
    t =    19.89s Find the "native.login.submit" Button
    t =    19.96s Find the "native.login.submit" Button
    t =    20.04s Find the "native.login.submit" Button
    t =    20.12s Find the "native.login.submit" Button
    t =    20.19s Find the "native.login.submit" Button
    t =    20.27s Find the "native.login.submit" Button
    t =    20.35s Find the "native.login.submit" Button
    t =    20.44s Tap "native.login.submit" Button
    t =    20.44s     Wait for space.go2china.VisePanda to idle
    t =    20.44s     Find the "native.login.submit" Button
    t =    20.53s     Check for interrupting elements affecting "native.login.submit" Button
    t =    20.61s     Synthesize event
    t =    20.91s     Wait for space.go2china.VisePanda to idle
    t =    23.10s Checking `Expect predicate `label == "Session active"` for object "native.session.status" StaticText`
    t =    23.10s     Find the "native.session.status" StaticText
    t =    23.17s Tap "Ask" Button
    t =    23.17s     Wait for space.go2china.VisePanda to idle
    t =    23.18s     Find the "Ask" Button
    t =    23.25s     Check for interrupting elements affecting "sparkles" Button
    t =    23.30s     Synthesize event
    t =    23.59s     Wait for space.go2china.VisePanda to idle
    t =    24.92s Waiting 20.0s for "native-ask.agree" Switch to exist
    t =    25.98s     Checking `Expect predicate `existsNoRetry == 1` for object "native-ask.agree" Switch`
    t =    25.98s         Checking existence of `"native-ask.agree" Switch`
    t =    26.02s Find the "native-ask.agree" Switch
    t =    26.07s Find the "native-ask.agree" Switch
    t =    26.12s Find the "native-ask.agree" Switch
    t =    26.17s Find the "native-ask.agree" Switch
    t =    26.23s Find the "native-ask.agree" Switch
    t =    26.28s Find the "native-ask.agree" Switch
    t =    26.33s Find the "native-ask.agree" Switch
    t =    26.39s Find the "native-ask.agree" Switch
    t =    26.45s Find the "native-ask.agree" Switch
    t =    26.51s Find the "native-ask.agree" Switch
    t =    26.56s Find the "native-ask.agree" Switch
    t =    26.61s Find the "native-ask.agree" Switch
    t =    26.65s Find the "native-ask.agree" Switch
    t =    26.70s Checking existence of `"native-ask.notice" StaticText`
    t =    26.73s Find the Target Application 'space.go2china.VisePanda'
    t =    26.86s Added attachment named 'Native-Ask-notice-en'
    t =    26.86s Tap "native-ask.agree" Switch
    t =    26.86s     Wait for space.go2china.VisePanda to idle
    t =    26.86s     Find the "native-ask.agree" Switch
    t =    26.90s     Check for interrupting elements affecting "native-ask.agree" Switch
    t =    26.93s     Synthesize event
    t =    27.23s     Wait for space.go2china.VisePanda to idle
    t =    28.52s Find the "native-ask.accept" Button
    t =    28.59s Find the "native-ask.accept" Button
    t =    28.63s Find the "native-ask.accept" Button
    t =    28.67s Find the "native-ask.accept" Button
    t =    28.72s Find the "native-ask.accept" Button
    t =    28.77s Find the "native-ask.accept" Button
    t =    28.82s Find the "native-ask.accept" Button
    t =    28.86s Find the "native-ask.accept" Button
    t =    28.92s Find the "native-ask.accept" Button
    t =    28.96s Find the "native-ask.accept" Button
    t =    29.01s Find the "native-ask.accept" Button
    t =    29.05s Find the "native-ask.accept" Button
    t =    29.10s Find the "native-ask.accept" Button
    t =    29.15s Tap "native-ask.accept" Button
    t =    29.15s     Wait for space.go2china.VisePanda to idle
    t =    29.15s     Find the "native-ask.accept" Button
    t =    29.19s     Check for interrupting elements affecting "native-ask.accept" Button
    t =    29.23s     Synthesize event
    t =    29.52s     Wait for space.go2china.VisePanda to idle
    t =    29.52s Waiting 20.0s for "native-ask.input" Any to exist
    t =    30.57s     Checking `Expect predicate `existsNoRetry == 1` for object "native-ask.input" Any`
    t =    30.57s         Checking existence of `"native-ask.input" Any`
    t =    30.68s Find the "native-ask.input" Any
    t =    30.76s Find the "native-ask.input" TextField
    t =    30.84s Find the "native-ask.input" TextField
    t =    30.94s Find the "native-ask.input" TextField
    t =    31.03s Find the "native-ask.input" TextField
    t =    31.13s Find the "native-ask.input" TextField
    t =    31.26s Find the "native-ask.input" TextField
    t =    31.39s Find the "native-ask.input" TextField
    t =    31.51s Find the "native-ask.input" TextField
    t =    31.63s Find the "native-ask.input" TextField
    t =    31.75s Find the "native-ask.input" TextField
    t =    31.89s Find the "native-ask.input" TextField
    t =    32.01s Find the "native-ask.input" TextField
    t =    32.13s Tap "native-ask.input" TextField
    t =    32.13s     Wait for space.go2china.VisePanda to idle
    t =    32.13s     Find the "native-ask.input" TextField
    t =    32.25s     Check for interrupting elements affecting "native-ask.input" TextField
    t =    32.33s     Synthesize event
    t =    32.63s     Wait for space.go2china.VisePanda to idle
    t =    33.12s Type 'Synthetic UI reque...' into "native-ask.input" TextField
    t =    33.12s     Wait for space.go2china.VisePanda to idle
    t =    33.13s     Find the "native-ask.input" TextField
    t =    33.40s     Check for interrupting elements affecting "native-ask.input" TextField
    t =    33.53s     Synthesize event
    t =    34.07s     Wait for space.go2china.VisePanda to idle
    t =    34.08s Tap "native-ask.send" Button
    t =    34.08s     Wait for space.go2china.VisePanda to idle
    t =    34.08s     Find the "native-ask.send" Button
    t =    34.16s     Check for interrupting elements affecting "native-ask.send" Button
    t =    34.23s     Synthesize event
    t =    34.53s     Wait for space.go2china.VisePanda to idle
    t =    35.77s Waiting 30.0s for StaticText (First Match) to exist
    t =    36.80s     Checking `Expect predicate `existsNoRetry == 1` for object StaticText (First Match)`
    t =    36.81s         Checking existence of `StaticText (First Match)`
    t =    36.89s         Capturing element debug description
    t =    37.85s     Checking `Expect predicate `existsNoRetry == 1` for object StaticText (First Match)`
    t =    37.86s         Checking existence of `StaticText (First Match)`
    t =    37.97s         Capturing element debug description
    t =    38.81s     Checking `Expect predicate `existsNoRetry == 1` for object StaticText (First Match)`
    t =    38.82s         Checking existence of `StaticText (First Match)`
    t =    38.95s         Capturing element debug description
    t =    39.80s     Checking `Expect predicate `existsNoRetry == 1` for object StaticText (First Match)`
    t =    39.80s         Checking existence of `StaticText (First Match)`
    t =    39.86s         Capturing element debug description
    t =    40.77s     Checking `Expect predicate `existsNoRetry == 1` for object StaticText (First Match)`
    t =    40.77s         Checking existence of `StaticText (First Match)`
    t =    40.86s         Capturing element debug description
    t =    41.77s     Checking `Expect predicate `existsNoRetry == 1` for object StaticText (First Match)`
    t =    41.77s         Checking existence of `StaticText (First Match)`
    t =    41.86s         Capturing element debug description
    t =    42.79s     Checking `Expect predicate `existsNoRetry == 1` for object StaticText (First Match)`
    t =    42.79s         Checking existence of `StaticText (First Match)`
    t =    42.87s         Capturing element debug description
    t =    43.77s     Checking `Expect predicate `existsNoRetry == 1` for object StaticText (First Match)`
    t =    43.78s         Checking existence of `StaticText (First Match)`
    t =    43.85s         Capturing element debug description
    t =    44.79s     Checking `Expect predicate `existsNoRetry == 1` for object StaticText (First Match)`
    t =    44.79s         Checking existence of `StaticText (First Match)`
    t =    44.86s         Capturing element debug description
    t =    45.80s     Checking `Expect predicate `existsNoRetry == 1` for object StaticText (First Match)`
    t =    45.81s         Checking existence of `StaticText (First Match)`
    t =    45.88s         Capturing element debug description
    t =    46.81s     Checking `Expect predicate `existsNoRetry == 1` for object StaticText (First Match)`
    t =    46.81s         Checking existence of `StaticText (First Match)`
    t =    46.89s         Capturing element debug description
    t =    47.80s     Checking `Expect predicate `existsNoRetry == 1` for object StaticText (First Match)`
    t =    47.80s         Checking existence of `StaticText (First Match)`
    t =    47.88s         Capturing element debug description
    t =    48.84s     Checking `Expect predicate `existsNoRetry == 1` for object StaticText (First Match)`
    t =    48.84s         Checking existence of `StaticText (First Match)`
    t =    48.92s         Capturing element debug description
    t =    49.77s     Checking `Expect predicate `existsNoRetry == 1` for object StaticText (First Match)`
    t =    49.77s         Checking existence of `StaticText (First Match)`
    t =    49.86s         Capturing element debug description
    t =    50.87s     Checking `Expect predicate `existsNoRetry == 1` for object StaticText (First Match)`
    t =    50.87s         Checking existence of `StaticText (First Match)`
    t =    50.95s         Capturing element debug description
    t =    51.81s     Checking `Expect predicate `existsNoRetry == 1` for object StaticText (First Match)`
    t =    51.81s         Checking existence of `StaticText (First Match)`
    t =    51.88s         Capturing element debug description
    t =    52.83s     Checking `Expect predicate `existsNoRetry == 1` for object StaticText (First Match)`
    t =    52.83s         Checking existence of `StaticText (First Match)`
    t =    52.91s         Capturing element debug description
    t =    53.84s     Checking `Expect predicate `existsNoRetry == 1` for object StaticText (First Match)`
    t =    53.84s         Checking existence of `StaticText (First Match)`
    t =    53.92s         Capturing element debug description
    t =    54.78s     Checking `Expect predicate `existsNoRetry == 1` for object StaticText (First Match)`
    t =    54.78s         Checking existence of `StaticText (First Match)`
    t =    54.86s         Capturing element debug description
    t =    55.81s     Checking `Expect predicate `existsNoRetry == 1` for object StaticText (First Match)`
    t =    55.81s         Checking existence of `StaticText (First Match)`
    t =    55.88s Find the StaticText (First Match)
    t =    55.93s Swipe up Target Application 'space.go2china.VisePanda'
    t =    55.93s     Wait for space.go2china.VisePanda to idle
    t =    55.94s     Find the Target Application 'space.go2china.VisePanda'
    t =    55.98s     Check for interrupting elements affecting "VisePanda" Application
    t =    56.04s     Synthesize event
    t =    56.46s     Wait for space.go2china.VisePanda to idle
    t =    59.14s Find the "knowledge.note.216babb6-183d-4c16-bf1d-7dfa98c12026" StaticText
    t =    59.21s Find the "knowledge.note.216babb6-183d-4c16-bf1d-7dfa98c12026" StaticText
    t =    59.27s Find the "knowledge.note.216babb6-183d-4c16-bf1d-7dfa98c12026" StaticText
    t =    59.33s Find the "knowledge.note.216babb6-183d-4c16-bf1d-7dfa98c12026" StaticText
    t =    59.40s Find the "knowledge.note.216babb6-183d-4c16-bf1d-7dfa98c12026" StaticText
    t =    59.45s Find the "knowledge.note.216babb6-183d-4c16-bf1d-7dfa98c12026" StaticText
    t =    59.51s Find the "knowledge.note.216babb6-183d-4c16-bf1d-7dfa98c12026" StaticText
    t =    59.58s Find the "knowledge.note.216babb6-183d-4c16-bf1d-7dfa98c12026" StaticText
    t =    59.65s Find the "knowledge.note.216babb6-183d-4c16-bf1d-7dfa98c12026" StaticText
    t =    59.73s Find the "knowledge.note.216babb6-183d-4c16-bf1d-7dfa98c12026" StaticText
    t =    59.78s Find the "knowledge.note.216babb6-183d-4c16-bf1d-7dfa98c12026" StaticText
    t =    59.84s Find the "knowledge.note.216babb6-183d-4c16-bf1d-7dfa98c12026" StaticText
    t =    59.90s Find the "knowledge.note.216babb6-183d-4c16-bf1d-7dfa98c12026" StaticText
    t =    59.96s Find the "knowledge.note.216babb6-183d-4c16-bf1d-7dfa98c12026" StaticText
    t =    60.01s Find the Target Application 'space.go2china.VisePanda'
    t =    60.14s Added attachment named 'Grounded-answer-en'
    t =    60.15s Terminate space.go2china.VisePanda:55733
    t =    61.22s Open space.go2china.VisePanda
    t =    61.23s     Launch space.go2china.VisePanda
2026-09-13 03:33:56.438 xcodebuild[55253:753722] [MT] IDELaunchParametersSnapshot: The operation couldn’t be completed. (DebuggerLLDB.DebuggerVersionStore.StoreError error 0.)
2026-09-13 03:33:56.438 xcodebuild[55253:753722] [MT] IDELaunchParametersSnapshot: no debugger version
    t =    61.44s         Setting up automation session
    t =    62.19s         Wait for space.go2china.VisePanda to idle
    t =    63.67s Waiting 30.0s for "knowledge.note.216babb6-183d-4c16-bf1d-7dfa98c12026" StaticText to exist
    t =    64.71s     Checking `Expect predicate `existsNoRetry == 1` for object "knowledge.note.216babb6-183d-4c16-bf1d-7dfa98c12026" StaticText`
    t =    64.72s         Checking existence of `"knowledge.note.216babb6-183d-4c16-bf1d-7dfa98c12026" StaticText`
    t =    64.85s Find the "knowledge.note.216babb6-183d-4c16-bf1d-7dfa98c12026" StaticText
    t =    64.93s Swipe up Target Application 'space.go2china.VisePanda'
    t =    64.93s     Wait for space.go2china.VisePanda to idle
    t =    64.93s     Find the Target Application 'space.go2china.VisePanda'
    t =    64.97s     Check for interrupting elements affecting "VisePanda" Application
    t =    65.02s     Synthesize event
    t =    65.43s     Wait for space.go2china.VisePanda to idle
    t =    68.09s Find the "knowledge.note.216babb6-183d-4c16-bf1d-7dfa98c12026" StaticText
    t =    68.20s Find the "knowledge.note.216babb6-183d-4c16-bf1d-7dfa98c12026" StaticText
    t =    68.28s Find the "knowledge.note.216babb6-183d-4c16-bf1d-7dfa98c12026" StaticText
    t =    68.35s Find the "knowledge.note.216babb6-183d-4c16-bf1d-7dfa98c12026" StaticText
    t =    68.42s Find the "knowledge.note.216babb6-183d-4c16-bf1d-7dfa98c12026" StaticText
    t =    68.49s Find the "knowledge.note.216babb6-183d-4c16-bf1d-7dfa98c12026" StaticText
    t =    68.56s Find the "knowledge.note.216babb6-183d-4c16-bf1d-7dfa98c12026" StaticText
    t =    68.63s Find the "knowledge.note.216babb6-183d-4c16-bf1d-7dfa98c12026" StaticText
    t =    68.70s Find the "knowledge.note.216babb6-183d-4c16-bf1d-7dfa98c12026" StaticText
    t =    68.78s Find the "knowledge.note.216babb6-183d-4c16-bf1d-7dfa98c12026" StaticText
    t =    68.85s Find the "knowledge.note.216babb6-183d-4c16-bf1d-7dfa98c12026" StaticText
    t =    68.93s Find the "knowledge.note.216babb6-183d-4c16-bf1d-7dfa98c12026" StaticText
    t =    69.00s Find the "knowledge.note.216babb6-183d-4c16-bf1d-7dfa98c12026" StaticText
    t =    69.06s Checking existence of `StaticText (First Match)`
    t =    69.15s Find the Target Application 'space.go2china.VisePanda'
    t =    69.28s Added attachment named 'Grounded-recovered-en'
    t =    69.28s Tap "Profile" Button
    t =    69.28s     Wait for space.go2china.VisePanda to idle
    t =    69.28s     Find the "Profile" Button
    t =    69.34s     Check for interrupting elements affecting "Profile" Button
    t =    69.39s     Synthesize event
    t =    69.68s     Wait for space.go2china.VisePanda to idle
    t =    71.12s Checking existence of `"knowledge.note.216babb6-183d-4c16-bf1d-7dfa98c12026" StaticText`
    t =    71.20s Tap "Ask" Button
    t =    71.20s     Wait for space.go2china.VisePanda to idle
    t =    71.21s     Find the "Ask" Button
    t =    71.24s     Check for interrupting elements affecting "Ask" Button
    t =    71.28s     Synthesize event
    t =    71.57s     Wait for space.go2china.VisePanda to idle
    t =    73.00s Waiting 30.0s for "knowledge.note.216babb6-183d-4c16-bf1d-7dfa98c12026" StaticText to exist
    t =    74.06s     Checking `Expect predicate `existsNoRetry == 1` for object "knowledge.note.216babb6-183d-4c16-bf1d-7dfa98c12026" StaticText`
    t =    74.06s         Checking existence of `"knowledge.note.216babb6-183d-4c16-bf1d-7dfa98c12026" StaticText`
    t =    74.16s Tear Down
Test Case '-[VisePandaUITests.NativeAskUITests testEnglishGroundedAnswerAndRelaunch]' passed (74.564 seconds).
Test Suite 'NativeAskUITests' passed at 2026-09-13 上午3:34:09.774.
	 Executed 2 tests, with 0 failures (0 unexpected) in 163.987 (163.991) seconds
Test Suite 'VisePandaUITests.xctest' passed at 2026-09-13 上午3:34:09.774.
	 Executed 2 tests, with 0 failures (0 unexpected) in 163.987 (163.992) seconds
Test Suite 'Selected tests' passed at 2026-09-13 上午3:34:09.775.
	 Executed 2 tests, with 0 failures (0 unexpected) in 163.987 (163.992) seconds
2026-09-13 03:34:10.162 xcodebuild[55253:759918]  IDETestOperationsObserverDebug: Failure collecting diagnostics from simulator: Process exited with error 72:
 xcrun: error: unable to find utility "simctl", not a developer tool or in PATH

2026-09-13 03:34:10.197 xcodebuild[55253:753722] [MT] IDETestOperationsObserverDebug: 188.221 elapsed -- Testing started completed.
2026-09-13 03:34:10.197 xcodebuild[55253:753722] [MT] IDETestOperationsObserverDebug: 0.000 sec, +0.000 sec -- start
2026-09-13 03:34:10.197 xcodebuild[55253:753722] [MT] IDETestOperationsObserverDebug: 188.221 sec, +188.221 sec -- end

Test session results, code coverage, and logs:
	/Users/jtcao/Library/Caches/visepanda/grounded-ask-20260913/native-ui-2.xcresult

** TEST EXECUTE SUCCEEDED **

Testing started
