✔ disabled, bearer, origin and failed auth reject before body reader acquisition (105.689208ms)
✔ never-ending body and hostile cancel are bounded; no RPC starts (27.068084ms)
✔ late auth resolution after timeout/abort cannot acquire body or dispatch RPC (48.922333ms)
✔ one shared deadline covers auth plus body; dispatched hung RPC is acknowledgement unknown (34.142833ms)
✔ lifetime prevents delayed fetch/refresh work even if its dependency ignores abort (20.92ms)
✔ lost acknowledgement replays exact input once; actor changes and stale completions cannot replay (0.496791ms)
✔ credential actor assertion rejects Cookie-switch drift before reading body (1.867667ms)
✔ V4-09 feedback is owner-scoped, structured, and rejects arbitrary corrections (2.052792ms)
✔ V4-08 chat thread routes are private, same-origin for creation, and never use a service credential (12.594459ms)
✔ V4-08 durable chat storage is owner-scoped, append-only, and excludes anon (1.256417ms)
✔ native text is closed by default and remote or credential-bearing targets cannot enable it (5.18ms)
✔ native text rejects ambient cookies, Origin and unexpected query fields before credential access (2.814875ms)
✔ staging Ask requires exact Preview, database, explicit activation and policy before any I/O (3.332875ms)
✔ Ask session transport outage is unavailable, not a credential rejection (35.493125ms)
✔ Ask cancellation at claims prevents late continuation (3.904708ms)
✔ Ask cancellation at session prevents late continuation (3.493666ms)
✔ Ask cancellation at submit prevents late continuation (9.220291ms)
✔ unknown Ask submit acknowledgement preserves exact retry payload without automatic retry (8.600667ms)
✔ Ask body cancellation does not hang on hostile reader cancellation (5.579375ms)
✔ Ask preserves credential denial, policy denial and strict body boundaries (17.214041ms)
✔ Ask claims outage is503 and pre-aborted requests never dispatch (3.700875ms)
✔ staging Ask uses ordinary JWT for policy and submit, and preserves registry denial (17.598959ms)
✔ scoped worker binds claim, policy and budget; snapshots operator configuration (63.055125ms)
✔ scoped worker rejects wrong environment, open config shapes and invalid bounds before I/O (0.699459ms)
✔ missing credential, deployed process and pre-aborted invocation never fetch (0.813041ms)
✔ wrong claim owner or changed policy never reserves budget or sends content (1.422208ms)
✔ RPC redirects, error bodies, oversized bodies and malformed UTF-8 are unavailable without retry (1.015625ms)
✔ cancellation while credentials or claim reply is pending prevents late continuation (9.206625ms)
✔ cancellation of hostile response body returns without awaiting reader cancellation (1.381458ms)
✔ unknown completion acknowledgment is not retried or converted to another terminal (2.762917ms)
✔ bounded thinking stays task-policy bound through claim, fresh authorization, budget and completion (3.451667ms)
✔ explicit integer pricing rounds once and leaves incomplete or excessive usage unknown (5.848417ms)
✔ job config requires fixed shape, matching deadlines and allowlisted provider before I/O (25.126083ms)
✔ reservation covers full-context input, capped output and the highest cache tariff before credentials or I/O (0.31475ms)
✔ one-shot CLI fails closed, preserves existing files and writes only private metadata (444.12225ms)
✔ job/2 explicitly binds the context claimer and records its distinct prompt reference (110.181834ms)
✔ job/3 explicitly bounds total generation and rejects under-reservation before I/O (0.712291ms)
✔ job/3 CLI journals explicit generation limits with unchanged task prompt (119.343208ms)
✔ service remains available after empty/finished/queued polls and never overlaps work (1.699667ms)
✔ unavailable poll or failed pre-dispatch journal stops without another attempt (0.286958ms)
✔ expiry after an idle wait or slow journal prevents the next claim (0.765208ms)
✔ operator stop reaches an in-flight poll and a stopped service cannot dispatch (1.02075ms)
✔ service cannot widen a job, omit expiry or create a hot poll loop before I/O (13.133333ms)
✔ CLI polls privately and stops on SIGTERM, retaining a restart-safe absolute expiry (297.540833ms)
✔ context dispatch uses ordered typed history and digest-bound fresh authorization (60.302917ms)
✔ wrong mode, malformed roles, excess turns and stale dispatch authorization never send (0.437833ms)
✔ maximal escaped context is bounded by serialized bytes, and public C2 entry stays denied (0.73825ms)
ℹ tests 47
ℹ suites 0
ℹ pass 47
ℹ fail 0
ℹ cancelled 0
ℹ skipped 0
ℹ todo 0
ℹ duration_ms 1088.331167
