
> vp-v4@0.0.0 test /Users/jtcao/Documents/VP-V4-S2-Claim-Coverage
> node --test tests/static-output.test.mjs tests/design/web-06-foundation.test.mjs

✔ WEB-06 runs its foundation contract through the standard test gate (0.63975ms)
✔ WEB-06 derives the shared runtime palette from the approved brand source (0.238208ms)
✔ WEB-06 generates the CSS token projection from the approved manifest (1.150584ms)
✔ WEB-06 centralizes all five locale document attributes (0.526167ms)
✔ WEB-06 aligns the Login initial locale with the server document language (0.553208ms)
✔ WEB-06 supplies shared accessible UI primitives (0.222209ms)
✔ WEB-06 makes tokens, focus targets, and reduced motion globally available (0.180166ms)
✔ renders Journey at the root while preserving the relocated preview (0.586791ms)
✔ removes reference-brand copy and unsupported positive claims (0.112958ms)
✔ keeps project documentation focused on VisePanda (0.330875ms)
✔ builds the locale-aware private workspace at the canonical route (0.089708ms)
✔ keeps the canonical workspace five-locale, owner-API-driven, and map-off (0.146084ms)
✔ renders one workspace wordmark (0.093542ms)
✔ keeps the redesigned homepage localized and frontend-only (0.146042ms)
✔ moves the requested FAQ and legacy wordmarks to homepage without blocked media (0.203917ms)
✔ includes English, Spanish, Russian, and Arabic with RTL switching (0.077292ms)
✔ keeps locale metadata without adding a metric preference (0.135416ms)
✔ shows complete feature copy as the Golden Route (0.060416ms)
✔ removes the guessing marquee and evidence-delivery sections (0.19675ms)
✔ removes the full four-promises chapter (0.051167ms)
✔ compiles the redesign tokens and responsive styles (0.054917ms)
✔ removes the legacy Vite and Sites runtime (0.061958ms)
ℹ tests 22
ℹ suites 0
ℹ pass 22
ℹ fail 0
ℹ cancelled 0
ℹ skipped 0
ℹ todo 0
ℹ duration_ms 56.761833
